******************************************************************************
                  TI ARM Linker PC v20.2.7                     
******************************************************************************
>> Linked Tue Nov 26 14:50:21 2024

OUTPUT FILE NAME:   <RTOSProject.out>
ENTRY POINT SYMBOL: "_c_int00_noargs"  address: 00004739


MEMORY CONFIGURATION

         name            origin    length      used     unused   attr    fill
----------------------  --------  ---------  --------  --------  ----  --------
  FLASH                 00000000   00040000  00004aa1  0003b55f  R  X
  SRAM                  20000000   00008000  00000664  0000799c  RW X


SEGMENT ALLOCATION MAP

run origin  load origin   length   init length attrs members
----------  ----------- ---------- ----------- ----- -------
00000000    00000000    00004aa8   00004aa8    r-x
  00000000    00000000    0000026c   0000026c    r-- .intvecs
  0000026c    0000026c    000045ac   000045ac    r-x .text
  00004818    00004818    00000251   00000251    r-- .const
  00004a70    00004a70    00000038   00000038    r-- .cinit
20000000    20000000    00000664   00000000    rw-
  20000000    20000000    00000440   00000000    rw- .bss
  20000440    20000440    00000200   00000000    rw- .stack
  20000640    20000640    00000024   00000000    rw- .data


SECTION ALLOCATION MAP

 output                                  attributes/
section   page    origin      length       input sections
--------  ----  ----------  ----------   ----------------
.intvecs   0    00000000    0000026c     
                  00000000    0000026c     tm4c123gh6pm_startup_ccs.obj (.intvecs)

.text      0    0000026c    000045ac     
                  0000026c    0000156c     kernel.obj (.text)
                  000017d8    00000b22     shell.obj (.text)
                  000022fa    00000002     rtsv7M4_T_le_v4SPD16_eabi.lib : div0.asm.obj (.text)
                  000022fc    00000830     uart0.obj (.text)
                  00002b2c    00000808     gpio.obj (.text)
                  00003334    000005cc     mm.obj (.text)
                  00003900    000004b0     tasks.obj (.text)
                  00003db0    000003b0     faults.obj (.text)
                  00004160    00000200     rtos.obj (.text)
                  00004360    000000d4     nvic.obj (.text)
                  00004434    000000aa     ctrl.obj (.text)
                  000044de    0000009c     rtsv7M4_T_le_v4SPD16_eabi.lib : memcpy_t2.asm.obj (.text)
                  0000457a    00000096                                   : ull_div_t2.asm.obj (.text)
                  00004610    0000007a                                   : memset_t2.asm.obj (.text)
                  0000468a    00000068                                   : copy_decompress_lzss.c.obj (.text:decompress:lzss:__TI_decompress_lzss)
                  000046f2    00000002     --HOLE-- [fill = 0]
                  000046f4    00000044                                   : autoinit.c.obj (.text:__TI_auto_init_nobinit_nopinit:__TI_auto_init_nobinit_nopinit)
                  00004738    00000034                                   : boot_cortex_m.c.obj (.text:_c_int00_noargs:_c_int00_noargs)
                  0000476c    0000001e                                   : ll_lsl_t2.asm.obj (.text)
                  0000478a    0000001e                                   : ll_lsr_t2.asm.obj (.text)
                  000047a8    0000001c     wait.obj (.text)
                  000047c4    00000018     rtsv7M4_T_le_v4SPD16_eabi.lib : ll_mul_t2.asm.obj (.text)
                  000047dc    00000010     clock.obj (.text)
                  000047ec    0000000e     rtsv7M4_T_le_v4SPD16_eabi.lib : copy_decompress_none.c.obj (.text:decompress:none:__TI_decompress_none)
                  000047fa    0000000c                                   : copy_zero_init.c.obj (.text:decompress:ZI:__TI_zero_init)
                  00004806    0000000a     tm4c123gh6pm_startup_ccs.obj (.text)
                  00004810    00000004     rtsv7M4_T_le_v4SPD16_eabi.lib : pre_init.c.obj (.text:_system_pre_init)
                  00004814    00000004                                   : exit.c.obj (.text:abort:abort)

.const     0    00004818    00000251     
                  00004818    00000180     shell.obj (.const:$P$T0$1)
                  00004998    000000d1     shell.obj (.const:$P$T1$2)

.cinit     0    00004a70    00000038     
                  00004a70    00000013     (.cinit..data.load) [load image, compression = lzss]
                  00004a83    00000001     --HOLE-- [fill = 0]
                  00004a84    0000000c     (__TI_handler_table)
                  00004a90    00000008     (.cinit..bss.load) [load image, compression = zero_init]
                  00004a98    00000010     (__TI_cinit_table)

.init_array 
*          0    00000000    00000000     UNINITIALIZED

.bss       0    20000000    00000440     UNINITIALIZED
                  20000000    00000360     (.common:tcb)
                  20000360    000000c0     (.common:allocTable)
                  20000420    0000000c     (.common:semaphores)
                  2000042c    00000004     --HOLE--
                  20000430    00000008     (.common:inUse)
                  20000438    00000008     (.common:mutexes)

.data      0    20000640    00000024     UNINITIALIZED
                  20000640    00000010     kernel.obj (.data:currIdxPrio$2)
                  20000650    0000000e     kernel.obj (.data)
                  2000065e    00000002     --HOLE--
                  20000660    00000004     mm.obj (.data)

.stack     0    20000440    00000200     UNINITIALIZED
                  20000440    00000004     rtsv7M4_T_le_v4SPD16_eabi.lib : boot_cortex_m.c.obj (.stack)
                  20000444    000001fc     --HOLE--

__llvm_prf_cnts 
*          0    20000000    00000000     UNINITIALIZED

MODULE SUMMARY

       Module                         code    ro data   rw data
       ------                         ----    -------   -------
    .\src\
       kernel.obj                     5484    0         1094   
       shell.obj                      2850    593       0      
       uart0.obj                      2096    0         0      
       gpio.obj                       2056    0         0      
       mm.obj                         1484    0         4      
       tasks.obj                      1200    0         0      
       faults.obj                     944     0         20     
       tm4c123gh6pm_startup_ccs.obj   10      620       0      
       rtos.obj                       512     0         0      
       nvic.obj                       212     0         0      
       ctrl.obj                       170     0         0      
       wait.obj                       28      0         0      
       clock.obj                      16      0         0      
    +--+------------------------------+-------+---------+---------+
       Total:                         17062   1213      1118   
                                                               
    C:\ti\ccs1240\ccs\tools\compiler\ti-cgt-arm_20.2.7.LTS\lib\rtsv7M4_T_le_v4SPD16_eabi.lib
       memcpy_t2.asm.obj              156     0         0      
       ull_div_t2.asm.obj             150     0         0      
       memset_t2.asm.obj              122     0         0      
       copy_decompress_lzss.c.obj     104     0         0      
       autoinit.c.obj                 68      0         0      
       boot_cortex_m.c.obj            52      0         0      
       ll_lsl_t2.asm.obj              30      0         0      
       ll_lsr_t2.asm.obj              30      0         0      
       ll_mul_t2.asm.obj              24      0         0      
       copy_decompress_none.c.obj     14      0         0      
       copy_zero_init.c.obj           12      0         0      
       exit.c.obj                     4       0         0      
       pre_init.c.obj                 4       0         0      
       div0.asm.obj                   2       0         0      
    +--+------------------------------+-------+---------+---------+
       Total:                         772     0         0      
                                                               
       Stack:                         0       0         512    
       Linker Generated:              0       55        0      
    +--+------------------------------+-------+---------+---------+
       Grand Total:                   17834   1268      1630   


LINKER GENERATED COPY TABLES

__TI_cinit_table @ 00004a98 records: 2, size/record: 8, table size: 16
	.data: load addr=00004a70, load size=00000013 bytes, run addr=20000640, run size=00000024 bytes, compression=lzss
	.bss: load addr=00004a90, load size=00000008 bytes, run addr=20000000, run size=00000440 bytes, compression=zero_init


LINKER GENERATED HANDLER TABLE

__TI_handler_table @ 00004a84 records: 3, size/record: 4, table size: 12
	index: 0, handler: __TI_decompress_lzss
	index: 1, handler: __TI_decompress_none
	index: 2, handler: __TI_zero_init


GLOBAL SYMBOLS: SORTED ALPHABETICALLY BY Name 

address   name                          
-------   ----                          
00004815  C$$EXIT                       
00004807  ResetISR                      
20000640  __STACK_END                   
00000200  __STACK_SIZE                  
20000640  __STACK_TOP                   
00004a98  __TI_CINIT_Base               
00004aa8  __TI_CINIT_Limit              
00004a84  __TI_Handler_Table_Base       
00004a90  __TI_Handler_Table_Limit      
000046f5  __TI_auto_init_nobinit_nopinit
0000468b  __TI_decompress_lzss          
000047ed  __TI_decompress_none          
ffffffff  __TI_pprof_out_hndl           
ffffffff  __TI_prof_data_size           
ffffffff  __TI_prof_data_start          
00000000  __TI_static_base__            
000047fb  __TI_zero_init                
000022fb  __aeabi_idiv0                 
000022fb  __aeabi_ldiv0                 
0000476d  __aeabi_llsl                  
0000478b  __aeabi_llsr                  
000047c5  __aeabi_lmul                  
00004611  __aeabi_memclr                
00004611  __aeabi_memclr4               
00004611  __aeabi_memclr8               
000044df  __aeabi_memcpy                
000044df  __aeabi_memcpy4               
000044df  __aeabi_memcpy8               
00004613  __aeabi_memset                
00004613  __aeabi_memset4               
00004613  __aeabi_memset8               
0000457b  __aeabi_uldivmod              
ffffffff  __binit__                     
ffffffff  __c_args__                    
UNDEFED   __mpu_init                    
20000440  __stack                       
20000000  __start___llvm_prf_cnts       
20000000  __stop___llvm_prf_cnts        
00004739  _c_int00_noargs               
UNDEFED   _system_post_cinit            
00004811  _system_pre_init              
00004815  abort                         
0000386f  addSramAccessWindow           
20000360  allocTable                    
000036fb  allowFlashAccess              
00003723  allowPeripheralAccess         
00003819  applySramAccessMask           
ffffffff  binit                         
00003db1  busFaultIsr                   
00003335  calcSubregionAddr             
00003181  clearPinInterrupt             
00004473  clrCtrl                       
00003803  createNoSramAccessMask        
000005f5  createThread                  
00003ccf  debounce                      
000033e1  delete_entry                  
00004399  disableNvicInterrupt          
0000315d  disablePinInterrupt           
00002e95  disablePinPulldown            
00002e4d  disablePinPullup              
00002be9  disablePort                   
00004361  enableNvicInterrupt           
00003139  enablePinInterrupt            
00002e71  enablePinPulldown             
00002e1f  enablePinPullup               
00002b2d  enablePort                    
00003d41  errant                        
20000652  firstTask                     
00003b1b  flash4Hz                      
000025f7  fput1dUart0                   
000026dd  fput1hUart0                   
00002561  fput1sUart0                   
000035f9  free_to_heap                  
00000000  g_pfnVectors                  
00000c3d  getCurrentPid                 
00000c37  getCurrentTask                
00002a45  getFieldHexInteger            
000029fb  getFieldInteger               
000029cb  getFieldString                
00004457  getMsp                        
000031ef  getPinValue                   
000032a5  getPortValue                  
00004451  getPsp                        
000044dd  getR0                         
0000335b  getSubregionFromAddr          
00000c4d  getSysTime                    
00002797  getcUart0                     
000027ab  getsUart0                     
00003dd5  hardFaultIsr                  
00003af7  idle                          
00003d6f  important                     
20000430  inUse                         
0000338d  initEntry                     
00003901  initHw                        
000036cd  initMpu                       
000004cd  initMutex                     
00000553  initRtos                      
00000515  initSemaphore                 
000047dd  initSystemClockTo40Mhz        
00002375  initUart0                     
000019cd  ipcs                          
00002a85  isCommand                     
00002b0f  kbhitUart0                    
00001b75  kill                          
00000861  kill_proc                     
00003b7f  lengthyFn                     
00000c63  lock                          
000036a9  log2                          
00004161  main                          
00003475  malloc_                       
00000c9b  malloc_from_heap              
000044df  memcpy                        
00001dbb  meminfo                       
00004619  memset                        
00003e8d  mpuFaultIsr                   
20000438  mutexes                       
20000660  n_allocs                      
00003b49  oneshot                       
00002681  padded_putdUart0              
00002745  padded_puthUart0              
000025af  padded_putsUart0              
000028d5  parseFields                   
00003b6f  partOfLengthyFn               
00000d99  pendsvIsr                     
00001c91  pi                            
00001d11  pidof                         
2000065c  pingpong                      
00001bcb  pkill                         
000044b7  popR11_R4                     
00000c8d  post                          
00001cf5  preempt                       
20000655  preemption                    
20000654  priorityInheritance           
20000653  priorityScheduler             
000017d9  ps                            
00004489  pushR4_R11                    
000033af  push_entry                    
0000242d  putcUart0                     
00002449  putsUart0                     
00003c19  readKeys                      
00003a99  readPbs                       
00001e8d  reboot                        
00000c0f  restartThread                 
00001c17  sched                         
00002d53  selectPinAnalogInput          
00002d05  selectPinDigitalInput         
0000306f  selectPinInterruptBothEdges   
0000301f  selectPinInterruptFallingEdge 
000030c5  selectPinInterruptHighLevel   
000030ff  selectPinInterruptLowLevel    
00002fcf  selectPinInterruptRisingEdge  
00002cb7  selectPinOpenDrainOutput      
00002c69  selectPinPushPullOutput       
20000420  semaphores                    
00004435  setAsp                        
0000445d  setCtrl                       
000043d1  setNvicInterruptPriority      
00002ebd  setPinAuxFunction             
00002da3  setPinCommitControl           
000031a5  setPinValue                   
0000322d  setPortValue                  
00004447  setPsp                        
00000c27  setThreadPriority             
000023e9  setUart0BaudRate              
00003755  setupSramAccess               
00001fd9  shell                         
00000c57  sleep                         
000005b3  startRtos                     
00000c1b  stopThread                    
0000289d  str_copy                      
00002853  str_equal                     
0000282f  str_length                    
00000eb5  svCallIsr                     
00000cb9  sysTickIsr                    
20000658  systime                       
20000651  taskCount                     
20000650  taskCurrent                   
20000000  tcb                           
000031cb  togglePinValue                
000022fd  tonumber                      
00002475  tostring                      
00003d11  uncooperative                 
00000c71  unlock                        
00003dc3  usageFaultIsr                 
00000c7f  wait                          
000047a9  waitMicrosecond               
00003a69  wtimer0Isr                    
00000c53  yield                         


GLOBAL SYMBOLS: SORTED BY Symbol Address 

address   name                          
-------   ----                          
00000000  __TI_static_base__            
00000000  g_pfnVectors                  
00000200  __STACK_SIZE                  
000004cd  initMutex                     
00000515  initSemaphore                 
00000553  initRtos                      
000005b3  startRtos                     
000005f5  createThread                  
00000861  kill_proc                     
00000c0f  restartThread                 
00000c1b  stopThread                    
00000c27  setThreadPriority             
00000c37  getCurrentTask                
00000c3d  getCurrentPid                 
00000c4d  getSysTime                    
00000c53  yield                         
00000c57  sleep                         
00000c63  lock                          
00000c71  unlock                        
00000c7f  wait                          
00000c8d  post                          
00000c9b  malloc_from_heap              
00000cb9  sysTickIsr                    
00000d99  pendsvIsr                     
00000eb5  svCallIsr                     
000017d9  ps                            
000019cd  ipcs                          
00001b75  kill                          
00001bcb  pkill                         
00001c17  sched                         
00001c91  pi                            
00001cf5  preempt                       
00001d11  pidof                         
00001dbb  meminfo                       
00001e8d  reboot                        
00001fd9  shell                         
000022fb  __aeabi_idiv0                 
000022fb  __aeabi_ldiv0                 
000022fd  tonumber                      
00002375  initUart0                     
000023e9  setUart0BaudRate              
0000242d  putcUart0                     
00002449  putsUart0                     
00002475  tostring                      
00002561  fput1sUart0                   
000025af  padded_putsUart0              
000025f7  fput1dUart0                   
00002681  padded_putdUart0              
000026dd  fput1hUart0                   
00002745  padded_puthUart0              
00002797  getcUart0                     
000027ab  getsUart0                     
0000282f  str_length                    
00002853  str_equal                     
0000289d  str_copy                      
000028d5  parseFields                   
000029cb  getFieldString                
000029fb  getFieldInteger               
00002a45  getFieldHexInteger            
00002a85  isCommand                     
00002b0f  kbhitUart0                    
00002b2d  enablePort                    
00002be9  disablePort                   
00002c69  selectPinPushPullOutput       
00002cb7  selectPinOpenDrainOutput      
00002d05  selectPinDigitalInput         
00002d53  selectPinAnalogInput          
00002da3  setPinCommitControl           
00002e1f  enablePinPullup               
00002e4d  disablePinPullup              
00002e71  enablePinPulldown             
00002e95  disablePinPulldown            
00002ebd  setPinAuxFunction             
00002fcf  selectPinInterruptRisingEdge  
0000301f  selectPinInterruptFallingEdge 
0000306f  selectPinInterruptBothEdges   
000030c5  selectPinInterruptHighLevel   
000030ff  selectPinInterruptLowLevel    
00003139  enablePinInterrupt            
0000315d  disablePinInterrupt           
00003181  clearPinInterrupt             
000031a5  setPinValue                   
000031cb  togglePinValue                
000031ef  getPinValue                   
0000322d  setPortValue                  
000032a5  getPortValue                  
00003335  calcSubregionAddr             
0000335b  getSubregionFromAddr          
0000338d  initEntry                     
000033af  push_entry                    
000033e1  delete_entry                  
00003475  malloc_                       
000035f9  free_to_heap                  
000036a9  log2                          
000036cd  initMpu                       
000036fb  allowFlashAccess              
00003723  allowPeripheralAccess         
00003755  setupSramAccess               
00003803  createNoSramAccessMask        
00003819  applySramAccessMask           
0000386f  addSramAccessWindow           
00003901  initHw                        
00003a69  wtimer0Isr                    
00003a99  readPbs                       
00003af7  idle                          
00003b1b  flash4Hz                      
00003b49  oneshot                       
00003b6f  partOfLengthyFn               
00003b7f  lengthyFn                     
00003c19  readKeys                      
00003ccf  debounce                      
00003d11  uncooperative                 
00003d41  errant                        
00003d6f  important                     
00003db1  busFaultIsr                   
00003dc3  usageFaultIsr                 
00003dd5  hardFaultIsr                  
00003e8d  mpuFaultIsr                   
00004161  main                          
00004361  enableNvicInterrupt           
00004399  disableNvicInterrupt          
000043d1  setNvicInterruptPriority      
00004435  setAsp                        
00004447  setPsp                        
00004451  getPsp                        
00004457  getMsp                        
0000445d  setCtrl                       
00004473  clrCtrl                       
00004489  pushR4_R11                    
000044b7  popR11_R4                     
000044dd  getR0                         
000044df  __aeabi_memcpy                
000044df  __aeabi_memcpy4               
000044df  __aeabi_memcpy8               
000044df  memcpy                        
0000457b  __aeabi_uldivmod              
00004611  __aeabi_memclr                
00004611  __aeabi_memclr4               
00004611  __aeabi_memclr8               
00004613  __aeabi_memset                
00004613  __aeabi_memset4               
00004613  __aeabi_memset8               
00004619  memset                        
0000468b  __TI_decompress_lzss          
000046f5  __TI_auto_init_nobinit_nopinit
00004739  _c_int00_noargs               
0000476d  __aeabi_llsl                  
0000478b  __aeabi_llsr                  
000047a9  waitMicrosecond               
000047c5  __aeabi_lmul                  
000047dd  initSystemClockTo40Mhz        
000047ed  __TI_decompress_none          
000047fb  __TI_zero_init                
00004807  ResetISR                      
00004811  _system_pre_init              
00004815  C$$EXIT                       
00004815  abort                         
00004a84  __TI_Handler_Table_Base       
00004a90  __TI_Handler_Table_Limit      
00004a98  __TI_CINIT_Base               
00004aa8  __TI_CINIT_Limit              
20000000  __start___llvm_prf_cnts       
20000000  __stop___llvm_prf_cnts        
20000000  tcb                           
20000360  allocTable                    
20000420  semaphores                    
20000430  inUse                         
20000438  mutexes                       
20000440  __stack                       
20000640  __STACK_END                   
20000640  __STACK_TOP                   
20000650  taskCurrent                   
20000651  taskCount                     
20000652  firstTask                     
20000653  priorityScheduler             
20000654  priorityInheritance           
20000655  preemption                    
20000658  systime                       
2000065c  pingpong                      
20000660  n_allocs                      
ffffffff  __TI_pprof_out_hndl           
ffffffff  __TI_prof_data_size           
ffffffff  __TI_prof_data_start          
ffffffff  __binit__                     
ffffffff  __c_args__                    
ffffffff  binit                         
UNDEFED   __mpu_init                    
UNDEFED   _system_post_cinit            

[188 symbols]
