******************************************************************************
                  TI ARM Linker PC v20.2.7                     
******************************************************************************
>> Linked Tue Oct 29 23:17:40 2024

OUTPUT FILE NAME:   <RTOSProject.out>
ENTRY POINT SYMBOL: "_c_int00_noargs"  address: 00002b3d


MEMORY CONFIGURATION

         name            origin    length      used     unused   attr    fill
----------------------  --------  ---------  --------  --------  ----  --------
  FLASH                 00000000   00040000  00002d67  0003d299  R  X
  SRAM                  20000000   00008000  00000588  00007a78  RW X


SEGMENT ALLOCATION MAP

run origin  load origin   length   init length attrs members
----------  ----------- ---------- ----------- ----- -------
00000000    00000000    00002d68   00002d68    r-x
  00000000    00000000    0000026c   0000026c    r-- .intvecs
  0000026c    0000026c    000029c2   000029c2    r-x .text
  00002c2e    00002c2e    00000101   00000101    r-- .const
  00002d30    00002d30    00000038   00000038    r-- .cinit
20000000    20000000    0000058c   00000000    rw-
  20000000    20000000    0000037c   00000000    rw- .bss
  20000380    20000380    00000200   00000000    rw- .stack
  20000580    20000580    0000000c   00000000    rw- .data


SECTION ALLOCATION MAP

 output                                  attributes/
section   page    origin      length       input sections
--------  ----  ----------  ----------   ----------------
.intvecs   0    00000000    0000026c     
                  00000000    0000026c     tm4c123gh6pm_startup_ccs.obj (.intvecs)

.text      0    0000026c    000029c2     
                  0000026c    00000880     kernel.obj (.text)
                  00000aec    00000808     gpio.obj (.text)
                  000012f4    0000067c     uart0.obj (.text)
                  00001970    00000590     mm.obj (.text)
                  00001f00    00000400     tasks.obj (.text)
                  00002300    00000364     faults.obj (.text)
                  00002664    0000018c     rtos.obj (.text)
                  000027f0    000000a8     ctrl.obj (.text)
                  00002898    0000009c     rtsv7M4_T_le_v4SPD16_eabi.lib : memcpy_t2.asm.obj (.text)
                  00002934    00000096                                   : ull_div_t2.asm.obj (.text)
                  000029ca    0000007a                                   : memset_t2.asm.obj (.text)
                  00002a44    00000068                                   : copy_decompress_lzss.c.obj (.text:decompress:lzss:__TI_decompress_lzss)
                  00002aac    0000004c                                   : atoi.c.obj (.text:atoi)
                  00002af8    00000044                                   : autoinit.c.obj (.text:__TI_auto_init_nobinit_nopinit:__TI_auto_init_nobinit_nopinit)
                  00002b3c    00000034                                   : boot_cortex_m.c.obj (.text:_c_int00_noargs:_c_int00_noargs)
                  00002b70    0000001e                                   : ll_lsl_t2.asm.obj (.text)
                  00002b8e    0000001e                                   : ll_lsr_t2.asm.obj (.text)
                  00002bac    0000001c                                   : copy_zero_init.c.obj (.text:decompress:ZI:__TI_zero_init_nomemset:__TI_zero_init_nomemset)
                  00002bc8    0000001c     wait.obj (.text)
                  00002be4    00000018     rtsv7M4_T_le_v4SPD16_eabi.lib : ll_mul_t2.asm.obj (.text)
                  00002bfc    00000010     clock.obj (.text)
                  00002c0c    0000000e     rtsv7M4_T_le_v4SPD16_eabi.lib : copy_decompress_none.c.obj (.text:decompress:none:__TI_decompress_none)
                  00002c1a    0000000a     tm4c123gh6pm_startup_ccs.obj (.text)
                  00002c24    00000004     rtsv7M4_T_le_v4SPD16_eabi.lib : pre_init.c.obj (.text:_system_pre_init)
                  00002c28    00000004                                   : exit.c.obj (.text:abort:abort)
                  00002c2c    00000002                                   : div0.asm.obj (.text)

.const     0    00002c2e    00000101     
                  00002c2e    00000101     rtsv7M4_T_le_v4SPD16_eabi.lib : ctype.c.obj (.const:.string:_ctypes_)

.cinit     0    00002d30    00000038     
                  00002d30    00000010     (.cinit..data.load) [load image, compression = lzss]
                  00002d40    0000000c     (__TI_handler_table)
                  00002d4c    00000004     --HOLE-- [fill = 0]
                  00002d50    00000008     (.cinit..bss.load) [load image, compression = zero_init]
                  00002d58    00000010     (__TI_cinit_table)

.init_array 
*          0    00000000    00000000     UNINITIALIZED

.bss       0    20000000    0000037c     UNINITIALIZED
                  20000000    000002a0     (.common:tcb)
                  200002a0    000000c0     (.common:allocTable)
                  20000360    0000000c     (.common:semaphores)
                  2000036c    00000008     (.common:inUse)
                  20000374    00000008     (.common:mutexes)

.data      0    20000580    0000000c     UNINITIALIZED
                  20000580    00000007     kernel.obj (.data)
                  20000587    00000001     --HOLE--
                  20000588    00000004     mm.obj (.data)

.stack     0    20000380    00000200     UNINITIALIZED
                  20000380    00000004     rtsv7M4_T_le_v4SPD16_eabi.lib : boot_cortex_m.c.obj (.stack)
                  20000384    000001fc     --HOLE--

__llvm_prf_cnts 
*          0    20000000    00000000     UNINITIALIZED

MODULE SUMMARY

       Module                         code    ro data   rw data
       ------                         ----    -------   -------
    .\
       kernel.obj                     2176    0         699    
       gpio.obj                       2056    0         0      
       uart0.obj                      1660    0         0      
       mm.obj                         1424    0         204    
       tasks.obj                      1024    0         0      
       faults.obj                     868     0         0      
       tm4c123gh6pm_startup_ccs.obj   10      620       0      
       rtos.obj                       396     0         0      
       ctrl.obj                       168     0         0      
       wait.obj                       28      0         0      
       clock.obj                      16      0         0      
    +--+------------------------------+-------+---------+---------+
       Total:                         9826    620       903    
                                                               
    C:\ti\ccs1240\ccs\tools\compiler\ti-cgt-arm_20.2.7.LTS\lib\rtsv7M4_T_le_v4SPD16_eabi.lib
       ctype.c.obj                    0       257       0      
       memcpy_t2.asm.obj              156     0         0      
       ull_div_t2.asm.obj             150     0         0      
       memset_t2.asm.obj              122     0         0      
       copy_decompress_lzss.c.obj     104     0         0      
       atoi.c.obj                     76      0         0      
       autoinit.c.obj                 68      0         0      
       boot_cortex_m.c.obj            52      0         0      
       ll_lsl_t2.asm.obj              30      0         0      
       ll_lsr_t2.asm.obj              30      0         0      
       copy_zero_init.c.obj           28      0         0      
       ll_mul_t2.asm.obj              24      0         0      
       copy_decompress_none.c.obj     14      0         0      
       exit.c.obj                     4       0         0      
       pre_init.c.obj                 4       0         0      
       div0.asm.obj                   2       0         0      
    +--+------------------------------+-------+---------+---------+
       Total:                         864     257       0      
                                                               
       Stack:                         0       0         512    
       Linker Generated:              0       52        0      
    +--+------------------------------+-------+---------+---------+
       Grand Total:                   10690   929       1415   


LINKER GENERATED COPY TABLES

__TI_cinit_table @ 00002d58 records: 2, size/record: 8, table size: 16
	.data: load addr=00002d30, load size=00000010 bytes, run addr=20000580, run size=0000000c bytes, compression=lzss
	.bss: load addr=00002d50, load size=00000008 bytes, run addr=20000000, run size=0000037c bytes, compression=zero_init


LINKER GENERATED HANDLER TABLE

__TI_handler_table @ 00002d40 records: 3, size/record: 4, table size: 12
	index: 0, handler: __TI_decompress_lzss
	index: 1, handler: __TI_decompress_none
	index: 2, handler: __TI_zero_init


GLOBAL SYMBOLS: SORTED ALPHABETICALLY BY Name 

address   name                          
-------   ----                          
00002c29  C$$EXIT                       
00002c1b  ResetISR                      
20000580  __STACK_END                   
00000200  __STACK_SIZE                  
20000580  __STACK_TOP                   
00002d58  __TI_CINIT_Base               
00002d68  __TI_CINIT_Limit              
00002d40  __TI_Handler_Table_Base       
00002d4c  __TI_Handler_Table_Limit      
00002af9  __TI_auto_init_nobinit_nopinit
00002a45  __TI_decompress_lzss          
00002c0d  __TI_decompress_none          
ffffffff  __TI_pprof_out_hndl           
ffffffff  __TI_prof_data_size           
ffffffff  __TI_prof_data_start          
00000000  __TI_static_base__            
00002bad  __TI_zero_init_nomemset       
00002c2d  __aeabi_idiv0                 
00002c2d  __aeabi_ldiv0                 
00002b71  __aeabi_llsl                  
00002b8f  __aeabi_llsr                  
00002be5  __aeabi_lmul                  
000029cb  __aeabi_memclr                
000029cb  __aeabi_memclr4               
000029cb  __aeabi_memclr8               
00002899  __aeabi_memcpy                
00002899  __aeabi_memcpy4               
00002899  __aeabi_memcpy8               
000029cd  __aeabi_memset                
000029cd  __aeabi_memset4               
000029cd  __aeabi_memset8               
00002935  __aeabi_uldivmod              
ffffffff  __binit__                     
ffffffff  __c_args__                    
UNDEFED   __mpu_init                    
20000380  __stack                       
20000000  __start___llvm_prf_cnts       
20000000  __stop___llvm_prf_cnts        
00002b3d  _c_int00_noargs               
00002c2e  _ctypes_                      
UNDEFED   _system_post_cinit            
00002c25  _system_pre_init              
00002c29  abort                         
00001e67  addSramAccessWindow           
200002a0  allocTable                    
00001cf5  allowFlashAccess              
00001d1d  allowPeripheralAccess         
00001e11  applySramAccessMask           
00002aad  atoi                          
ffffffff  binit                         
00002301  busFaultIsr                   
00001971  calcSubregionAddr             
00001141  clearPinInterrupt             
0000282f  clrCtrl                       
00001dfb  createNoSramAccessMask        
000004a9  createThread                  
00002241  debounce                      
00001a1d  delete_entry                  
000007a3  dequeue                       
0000111d  disablePinInterrupt           
00000e55  disablePinPulldown            
00000e0d  disablePinPullup              
00000ba9  disablePort                   
000010f9  enablePinInterrupt            
00000e31  enablePinPulldown             
00000ddf  enablePinPullup               
00000aed  enablePort                    
00002293  errant                        
20000582  firstTask                     
00002093  flash4Hz                      
0000152f  fput1dUart0                   
000015a5  fput1hUart0                   
000014e1  fput1sUart0                   
00001c39  free_to_heap                  
00000000  g_pfnVectors                  
0000188b  getFieldInteger               
0000185b  getFieldString                
00002813  getMsp                        
000011af  getPinValue                   
00001265  getPortValue                  
0000280d  getPsp                        
00001997  getSubregionFromAddr          
00001621  getcUart0                     
0000163d  getsUart0                     
0000233d  hardFaultIsr                  
0000206f  idle                          
000022b1  important                     
2000036c  inUse                         
000019c9  initEntry                     
00001f01  initHw                        
00001cd1  initMpu                       
0000026d  initMutex                     
000002f3  initRtos                      
000002b5  initSemaphore                 
00002bfd  initSystemClockTo40Mhz        
000012f5  initUart0                     
000018c9  isCommand                     
00001953  kbhitUart0                    
000020f7  lengthyFn                     
0000065d  lock                          
00001ca9  log2                          
00002665  main                          
00001ab9  malloc_from_heap              
00002899  memcpy                        
000029d3  memset                        
000023eb  mpuFaultIsr                   
20000374  mutexes                       
20000588  n_allocs                      
000020c1  oneshot                       
00001765  parseFields                   
000020e7  partOfLengthyFn               
00000709  pendsvIsr                     
00002873  popR11_R4                     
000003db  pop_from_stack                
000003fd  populateInitialStack          
00000687  post                          
20000585  preemption                    
20000584  priorityInheritance           
20000583  priorityScheduler             
00002845  pushR4_R11                    
000019eb  push_entry                    
000003bf  push_to_stack                 
000013ad  putcUart0                     
000013c9  putsUart0                     
00002179  readKeys                      
00002011  readPbs                       
0000061f  restartThread                 
00000353  rtosScheduler                 
00000d13  selectPinAnalogInput          
00000cc5  selectPinDigitalInput         
0000102f  selectPinInterruptBothEdges   
00000fdf  selectPinInterruptFallingEdge 
00001085  selectPinInterruptHighLevel   
000010bf  selectPinInterruptLowLevel    
00000f8f  selectPinInterruptRisingEdge  
00000c77  selectPinOpenDrainOutput      
00000c29  selectPinPushPullOutput       
20000360  semaphores                    
000027f1  setAsp                        
00002819  setCtrl                       
00000e7d  setPinAuxFunction             
00000d63  setPinCommitControl           
00001165  setPinValue                   
000011ed  setPortValue                  
00002803  setPsp                        
0000063b  setThreadPriority             
00001369  setUart0BaudRate              
00001d4d  setupSramAccess               
0000064d  sleep                         
000003a9  startRtos                     
00000631  stopThread                    
0000172d  str_copy                      
000016e3  str_equal                     
000016c1  str_length                    
000007f9  svCallIsr                     
00000699  sysTickIsr                    
20000581  taskCount                     
20000580  taskCurrent                   
20000000  tcb                           
0000118b  togglePinValue                
000013f5  tostring                      
00002283  uncooperative                 
0000066b  unlock                        
0000231f  usageFaultIsr                 
00000679  wait                          
00002bc9  waitMicrosecond               
00000649  yield                         


GLOBAL SYMBOLS: SORTED BY Symbol Address 

address   name                          
-------   ----                          
00000000  __TI_static_base__            
00000000  g_pfnVectors                  
00000200  __STACK_SIZE                  
0000026d  initMutex                     
000002b5  initSemaphore                 
000002f3  initRtos                      
00000353  rtosScheduler                 
000003a9  startRtos                     
000003bf  push_to_stack                 
000003db  pop_from_stack                
000003fd  populateInitialStack          
000004a9  createThread                  
0000061f  restartThread                 
00000631  stopThread                    
0000063b  setThreadPriority             
00000649  yield                         
0000064d  sleep                         
0000065d  lock                          
0000066b  unlock                        
00000679  wait                          
00000687  post                          
00000699  sysTickIsr                    
00000709  pendsvIsr                     
000007a3  dequeue                       
000007f9  svCallIsr                     
00000aed  enablePort                    
00000ba9  disablePort                   
00000c29  selectPinPushPullOutput       
00000c77  selectPinOpenDrainOutput      
00000cc5  selectPinDigitalInput         
00000d13  selectPinAnalogInput          
00000d63  setPinCommitControl           
00000ddf  enablePinPullup               
00000e0d  disablePinPullup              
00000e31  enablePinPulldown             
00000e55  disablePinPulldown            
00000e7d  setPinAuxFunction             
00000f8f  selectPinInterruptRisingEdge  
00000fdf  selectPinInterruptFallingEdge 
0000102f  selectPinInterruptBothEdges   
00001085  selectPinInterruptHighLevel   
000010bf  selectPinInterruptLowLevel    
000010f9  enablePinInterrupt            
0000111d  disablePinInterrupt           
00001141  clearPinInterrupt             
00001165  setPinValue                   
0000118b  togglePinValue                
000011af  getPinValue                   
000011ed  setPortValue                  
00001265  getPortValue                  
000012f5  initUart0                     
00001369  setUart0BaudRate              
000013ad  putcUart0                     
000013c9  putsUart0                     
000013f5  tostring                      
000014e1  fput1sUart0                   
0000152f  fput1dUart0                   
000015a5  fput1hUart0                   
00001621  getcUart0                     
0000163d  getsUart0                     
000016c1  str_length                    
000016e3  str_equal                     
0000172d  str_copy                      
00001765  parseFields                   
0000185b  getFieldString                
0000188b  getFieldInteger               
000018c9  isCommand                     
00001953  kbhitUart0                    
00001971  calcSubregionAddr             
00001997  getSubregionFromAddr          
000019c9  initEntry                     
000019eb  push_entry                    
00001a1d  delete_entry                  
00001ab9  malloc_from_heap              
00001c39  free_to_heap                  
00001ca9  log2                          
00001cd1  initMpu                       
00001cf5  allowFlashAccess              
00001d1d  allowPeripheralAccess         
00001d4d  setupSramAccess               
00001dfb  createNoSramAccessMask        
00001e11  applySramAccessMask           
00001e67  addSramAccessWindow           
00001f01  initHw                        
00002011  readPbs                       
0000206f  idle                          
00002093  flash4Hz                      
000020c1  oneshot                       
000020e7  partOfLengthyFn               
000020f7  lengthyFn                     
00002179  readKeys                      
00002241  debounce                      
00002283  uncooperative                 
00002293  errant                        
000022b1  important                     
00002301  busFaultIsr                   
0000231f  usageFaultIsr                 
0000233d  hardFaultIsr                  
000023eb  mpuFaultIsr                   
00002665  main                          
000027f1  setAsp                        
00002803  setPsp                        
0000280d  getPsp                        
00002813  getMsp                        
00002819  setCtrl                       
0000282f  clrCtrl                       
00002845  pushR4_R11                    
00002873  popR11_R4                     
00002899  __aeabi_memcpy                
00002899  __aeabi_memcpy4               
00002899  __aeabi_memcpy8               
00002899  memcpy                        
00002935  __aeabi_uldivmod              
000029cb  __aeabi_memclr                
000029cb  __aeabi_memclr4               
000029cb  __aeabi_memclr8               
000029cd  __aeabi_memset                
000029cd  __aeabi_memset4               
000029cd  __aeabi_memset8               
000029d3  memset                        
00002a45  __TI_decompress_lzss          
00002aad  atoi                          
00002af9  __TI_auto_init_nobinit_nopinit
00002b3d  _c_int00_noargs               
00002b71  __aeabi_llsl                  
00002b8f  __aeabi_llsr                  
00002bad  __TI_zero_init_nomemset       
00002bc9  waitMicrosecond               
00002be5  __aeabi_lmul                  
00002bfd  initSystemClockTo40Mhz        
00002c0d  __TI_decompress_none          
00002c1b  ResetISR                      
00002c25  _system_pre_init              
00002c29  C$$EXIT                       
00002c29  abort                         
00002c2d  __aeabi_idiv0                 
00002c2d  __aeabi_ldiv0                 
00002c2e  _ctypes_                      
00002d40  __TI_Handler_Table_Base       
00002d4c  __TI_Handler_Table_Limit      
00002d58  __TI_CINIT_Base               
00002d68  __TI_CINIT_Limit              
20000000  __start___llvm_prf_cnts       
20000000  __stop___llvm_prf_cnts        
20000000  tcb                           
200002a0  allocTable                    
20000360  semaphores                    
2000036c  inUse                         
20000374  mutexes                       
20000380  __stack                       
20000580  __STACK_END                   
20000580  __STACK_TOP                   
20000580  taskCurrent                   
20000581  taskCount                     
20000582  firstTask                     
20000583  priorityScheduler             
20000584  priorityInheritance           
20000585  preemption                    
20000588  n_allocs                      
ffffffff  __TI_pprof_out_hndl           
ffffffff  __TI_prof_data_size           
ffffffff  __TI_prof_data_start          
ffffffff  __binit__                     
ffffffff  __c_args__                    
ffffffff  binit                         
UNDEFED   __mpu_init                    
UNDEFED   _system_post_cinit            

[167 symbols]
