<?xml version="1.0" encoding="ISO-8859-1" ?>
<link_info>
   <banner>TI ARM Linker PC v20.2.7.LTS</banner>
   <copyright>Copyright (c) 1996-2018 Texas Instruments Incorporated</copyright>
   <link_time>0x6721da53</link_time>
   <link_errors>0x0</link_errors>
   <output_file>RTOSProject.out</output_file>
   <entry_point>
      <name>_c_int00_noargs</name>
      <address>0x2f21</address>
   </entry_point>
   <input_file_list>
      <input_file id="fl-2">
         <path>.\</path>
         <kind>object</kind>
         <file>clock.obj</file>
         <name>clock.obj</name>
      </input_file>
      <input_file id="fl-3">
         <path>.\</path>
         <kind>object</kind>
         <file>ctrl.obj</file>
         <name>ctrl.obj</name>
      </input_file>
      <input_file id="fl-4">
         <path>.\</path>
         <kind>object</kind>
         <file>faults.obj</file>
         <name>faults.obj</name>
      </input_file>
      <input_file id="fl-5">
         <path>.\</path>
         <kind>object</kind>
         <file>gpio.obj</file>
         <name>gpio.obj</name>
      </input_file>
      <input_file id="fl-6">
         <path>.\</path>
         <kind>object</kind>
         <file>kernel.obj</file>
         <name>kernel.obj</name>
      </input_file>
      <input_file id="fl-7">
         <path>.\</path>
         <kind>object</kind>
         <file>mm.obj</file>
         <name>mm.obj</name>
      </input_file>
      <input_file id="fl-8">
         <path>.\</path>
         <kind>object</kind>
         <file>nvic.obj</file>
         <name>nvic.obj</name>
      </input_file>
      <input_file id="fl-9">
         <path>.\</path>
         <kind>object</kind>
         <file>rtos.obj</file>
         <name>rtos.obj</name>
      </input_file>
      <input_file id="fl-a">
         <path>.\</path>
         <kind>object</kind>
         <file>shell.obj</file>
         <name>shell.obj</name>
      </input_file>
      <input_file id="fl-b">
         <path>.\</path>
         <kind>object</kind>
         <file>tasks.obj</file>
         <name>tasks.obj</name>
      </input_file>
      <input_file id="fl-c">
         <path>.\</path>
         <kind>object</kind>
         <file>tm4c123gh6pm_startup_ccs.obj</file>
         <name>tm4c123gh6pm_startup_ccs.obj</name>
      </input_file>
      <input_file id="fl-d">
         <path>.\</path>
         <kind>object</kind>
         <file>uart0.obj</file>
         <name>uart0.obj</name>
      </input_file>
      <input_file id="fl-e">
         <path>.\</path>
         <kind>object</kind>
         <file>wait.obj</file>
         <name>wait.obj</name>
      </input_file>
      <input_file id="fl-12">
         <kind>object</kind>
         <file>&lt;internal&gt;</file>
         <name>&lt;internal&gt;</name>
      </input_file>
      <input_file id="fl-c8">
         <path>C:\ti\ccs1240\ccs\tools\compiler\ti-cgt-arm_20.2.7.LTS\lib\</path>
         <kind>archive</kind>
         <file>rtsv7M4_T_le_v4SPD16_eabi.lib</file>
         <name>ll_lsl_t2.asm.obj</name>
      </input_file>
      <input_file id="fl-c9">
         <path>C:\ti\ccs1240\ccs\tools\compiler\ti-cgt-arm_20.2.7.LTS\lib\</path>
         <kind>archive</kind>
         <file>rtsv7M4_T_le_v4SPD16_eabi.lib</file>
         <name>ll_lsr_t2.asm.obj</name>
      </input_file>
      <input_file id="fl-ca">
         <path>C:\ti\ccs1240\ccs\tools\compiler\ti-cgt-arm_20.2.7.LTS\lib\</path>
         <kind>archive</kind>
         <file>rtsv7M4_T_le_v4SPD16_eabi.lib</file>
         <name>ll_mul_t2.asm.obj</name>
      </input_file>
      <input_file id="fl-cb">
         <path>C:\ti\ccs1240\ccs\tools\compiler\ti-cgt-arm_20.2.7.LTS\lib\</path>
         <kind>archive</kind>
         <file>rtsv7M4_T_le_v4SPD16_eabi.lib</file>
         <name>memset_t2.asm.obj</name>
      </input_file>
      <input_file id="fl-cc">
         <path>C:\ti\ccs1240\ccs\tools\compiler\ti-cgt-arm_20.2.7.LTS\lib\</path>
         <kind>archive</kind>
         <file>rtsv7M4_T_le_v4SPD16_eabi.lib</file>
         <name>ull_div_t2.asm.obj</name>
      </input_file>
      <input_file id="fl-cd">
         <path>C:\ti\ccs1240\ccs\tools\compiler\ti-cgt-arm_20.2.7.LTS\lib\</path>
         <kind>archive</kind>
         <file>rtsv7M4_T_le_v4SPD16_eabi.lib</file>
         <name>copy_zero_init.c.obj</name>
      </input_file>
      <input_file id="fl-ce">
         <path>C:\ti\ccs1240\ccs\tools\compiler\ti-cgt-arm_20.2.7.LTS\lib\</path>
         <kind>archive</kind>
         <file>rtsv7M4_T_le_v4SPD16_eabi.lib</file>
         <name>copy_decompress_none.c.obj</name>
      </input_file>
      <input_file id="fl-cf">
         <path>C:\ti\ccs1240\ccs\tools\compiler\ti-cgt-arm_20.2.7.LTS\lib\</path>
         <kind>archive</kind>
         <file>rtsv7M4_T_le_v4SPD16_eabi.lib</file>
         <name>copy_decompress_lzss.c.obj</name>
      </input_file>
      <input_file id="fl-d0">
         <path>C:\ti\ccs1240\ccs\tools\compiler\ti-cgt-arm_20.2.7.LTS\lib\</path>
         <kind>archive</kind>
         <file>rtsv7M4_T_le_v4SPD16_eabi.lib</file>
         <name>atoi.c.obj</name>
      </input_file>
      <input_file id="fl-d1">
         <path>C:\ti\ccs1240\ccs\tools\compiler\ti-cgt-arm_20.2.7.LTS\lib\</path>
         <kind>archive</kind>
         <file>rtsv7M4_T_le_v4SPD16_eabi.lib</file>
         <name>ctype.c.obj</name>
      </input_file>
      <input_file id="fl-d2">
         <path>C:\ti\ccs1240\ccs\tools\compiler\ti-cgt-arm_20.2.7.LTS\lib\</path>
         <kind>archive</kind>
         <file>rtsv7M4_T_le_v4SPD16_eabi.lib</file>
         <name>boot_cortex_m.c.obj</name>
      </input_file>
      <input_file id="fl-d3">
         <path>C:\ti\ccs1240\ccs\tools\compiler\ti-cgt-arm_20.2.7.LTS\lib\</path>
         <kind>archive</kind>
         <file>rtsv7M4_T_le_v4SPD16_eabi.lib</file>
         <name>div0.asm.obj</name>
      </input_file>
      <input_file id="fl-d4">
         <path>C:\ti\ccs1240\ccs\tools\compiler\ti-cgt-arm_20.2.7.LTS\lib\</path>
         <kind>archive</kind>
         <file>rtsv7M4_T_le_v4SPD16_eabi.lib</file>
         <name>memcpy_t2.asm.obj</name>
      </input_file>
      <input_file id="fl-d5">
         <path>C:\ti\ccs1240\ccs\tools\compiler\ti-cgt-arm_20.2.7.LTS\lib\</path>
         <kind>archive</kind>
         <file>rtsv7M4_T_le_v4SPD16_eabi.lib</file>
         <name>autoinit.c.obj</name>
      </input_file>
      <input_file id="fl-d6">
         <path>C:\ti\ccs1240\ccs\tools\compiler\ti-cgt-arm_20.2.7.LTS\lib\</path>
         <kind>archive</kind>
         <file>rtsv7M4_T_le_v4SPD16_eabi.lib</file>
         <name>pre_init.c.obj</name>
      </input_file>
      <input_file id="fl-d7">
         <path>C:\ti\ccs1240\ccs\tools\compiler\ti-cgt-arm_20.2.7.LTS\lib\</path>
         <kind>archive</kind>
         <file>rtsv7M4_T_le_v4SPD16_eabi.lib</file>
         <name>cpy_tbl.c.obj</name>
      </input_file>
      <input_file id="fl-d8">
         <path>C:\ti\ccs1240\ccs\tools\compiler\ti-cgt-arm_20.2.7.LTS\lib\</path>
         <kind>archive</kind>
         <file>rtsv7M4_T_le_v4SPD16_eabi.lib</file>
         <name>exit.c.obj</name>
      </input_file>
      <input_file id="fl-d9">
         <path>C:\ti\ccs1240\ccs\tools\compiler\ti-cgt-arm_20.2.7.LTS\lib\</path>
         <kind>archive</kind>
         <file>rtsv7M4_T_le_v4SPD16_eabi.lib</file>
         <name>_lock.c.obj</name>
      </input_file>
      <input_file id="fl-da">
         <path>C:\ti\ccs1240\ccs\tools\compiler\ti-cgt-arm_20.2.7.LTS\lib\</path>
         <kind>archive</kind>
         <file>rtsv7M4_T_le_v4SPD16_eabi.lib</file>
         <name>args_main.c.obj</name>
      </input_file>
   </input_file_list>
   <object_component_list>
      <object_component id="oc-13">
         <name>.intvecs</name>
         <load_address>0x0</load_address>
         <run_address>0x0</run_address>
         <size>0x26c</size>
         <input_file_ref idref="fl-c"/>
      </object_component>
      <object_component id="oc-34">
         <name>.text</name>
         <load_address>0x26c</load_address>
         <run_address>0x26c</run_address>
         <size>0x928</size>
         <input_file_ref idref="fl-6"/>
      </object_component>
      <object_component id="oc-198">
         <name>.text</name>
         <load_address>0xb94</load_address>
         <run_address>0xb94</run_address>
         <size>0x808</size>
         <input_file_ref idref="fl-5"/>
      </object_component>
      <object_component id="oc-7b">
         <name>.text</name>
         <load_address>0x139c</load_address>
         <run_address>0x139c</run_address>
         <size>0x67c</size>
         <input_file_ref idref="fl-d"/>
      </object_component>
      <object_component id="oc-91">
         <name>.text</name>
         <load_address>0x1a18</load_address>
         <run_address>0x1a18</run_address>
         <size>0x590</size>
         <input_file_ref idref="fl-7"/>
      </object_component>
      <object_component id="oc-131">
         <name>.text</name>
         <load_address>0x1fa8</load_address>
         <run_address>0x1fa8</run_address>
         <size>0x400</size>
         <input_file_ref idref="fl-b"/>
      </object_component>
      <object_component id="oc-2e">
         <name>.text</name>
         <load_address>0x23a8</load_address>
         <run_address>0x23a8</run_address>
         <size>0x364</size>
         <input_file_ref idref="fl-4"/>
      </object_component>
      <object_component id="oc-137">
         <name>.text</name>
         <load_address>0x270c</load_address>
         <run_address>0x270c</run_address>
         <size>0x312</size>
         <input_file_ref idref="fl-a"/>
      </object_component>
      <object_component id="oc-17d">
         <name>.text</name>
         <load_address>0x2a1e</load_address>
         <run_address>0x2a1e</run_address>
         <size>0x2</size>
         <input_file_ref idref="fl-d3"/>
      </object_component>
      <object_component id="oc-ce">
         <name>.text</name>
         <load_address>0x2a20</load_address>
         <run_address>0x2a20</run_address>
         <size>0x1b4</size>
         <input_file_ref idref="fl-9"/>
      </object_component>
      <object_component id="oc-81">
         <name>.text</name>
         <load_address>0x2bd4</load_address>
         <run_address>0x2bd4</run_address>
         <size>0xa8</size>
         <input_file_ref idref="fl-3"/>
      </object_component>
      <object_component id="oc-48">
         <name>.text</name>
         <load_address>0x2c7c</load_address>
         <run_address>0x2c7c</run_address>
         <size>0x9c</size>
         <input_file_ref idref="fl-d4"/>
      </object_component>
      <object_component id="oc-e5">
         <name>.text</name>
         <load_address>0x2d18</load_address>
         <run_address>0x2d18</run_address>
         <size>0x96</size>
         <input_file_ref idref="fl-cc"/>
      </object_component>
      <object_component id="oc-c2">
         <name>.text</name>
         <load_address>0x2dae</load_address>
         <run_address>0x2dae</run_address>
         <size>0x7a</size>
         <input_file_ref idref="fl-cb"/>
      </object_component>
      <object_component id="oc-16">
         <name>.text:decompress:lzss:__TI_decompress_lzss</name>
         <load_address>0x2e28</load_address>
         <run_address>0x2e28</run_address>
         <size>0x68</size>
         <input_file_ref idref="fl-cf"/>
      </object_component>
      <object_component id="oc-ea">
         <name>.text:atoi</name>
         <load_address>0x2e90</load_address>
         <run_address>0x2e90</run_address>
         <size>0x4c</size>
         <input_file_ref idref="fl-d0"/>
      </object_component>
      <object_component id="oc-14a">
         <name>.text:__TI_auto_init_nobinit_nopinit:__TI_auto_init_nobinit_nopinit</name>
         <load_address>0x2edc</load_address>
         <run_address>0x2edc</run_address>
         <size>0x44</size>
         <input_file_ref idref="fl-d5"/>
      </object_component>
      <object_component id="oc-66">
         <name>.text:_c_int00_noargs:_c_int00_noargs</name>
         <load_address>0x2f20</load_address>
         <run_address>0x2f20</run_address>
         <size>0x34</size>
         <input_file_ref idref="fl-d2"/>
      </object_component>
      <object_component id="oc-10d">
         <name>.text</name>
         <load_address>0x2f54</load_address>
         <run_address>0x2f54</run_address>
         <size>0x1e</size>
         <input_file_ref idref="fl-c8"/>
      </object_component>
      <object_component id="oc-108">
         <name>.text</name>
         <load_address>0x2f72</load_address>
         <run_address>0x2f72</run_address>
         <size>0x1e</size>
         <input_file_ref idref="fl-c9"/>
      </object_component>
      <object_component id="oc-54">
         <name>.text:decompress:ZI:__TI_zero_init_nomemset:__TI_zero_init_nomemset</name>
         <load_address>0x2f90</load_address>
         <run_address>0x2f90</run_address>
         <size>0x1c</size>
         <input_file_ref idref="fl-cd"/>
      </object_component>
      <object_component id="oc-19e">
         <name>.text</name>
         <load_address>0x2fac</load_address>
         <run_address>0x2fac</run_address>
         <size>0x1c</size>
         <input_file_ref idref="fl-e"/>
      </object_component>
      <object_component id="oc-e0">
         <name>.text</name>
         <load_address>0x2fc8</load_address>
         <run_address>0x2fc8</run_address>
         <size>0x18</size>
         <input_file_ref idref="fl-ca"/>
      </object_component>
      <object_component id="oc-12b">
         <name>.text</name>
         <load_address>0x2fe0</load_address>
         <run_address>0x2fe0</run_address>
         <size>0x10</size>
         <input_file_ref idref="fl-2"/>
      </object_component>
      <object_component id="oc-1c">
         <name>.text:decompress:none:__TI_decompress_none</name>
         <load_address>0x2ff0</load_address>
         <run_address>0x2ff0</run_address>
         <size>0xe</size>
         <input_file_ref idref="fl-ce"/>
      </object_component>
      <object_component id="oc-28">
         <name>.text</name>
         <load_address>0x2ffe</load_address>
         <run_address>0x2ffe</run_address>
         <size>0xa</size>
         <input_file_ref idref="fl-c"/>
      </object_component>
      <object_component id="oc-c8">
         <name>.text:_system_pre_init</name>
         <load_address>0x3008</load_address>
         <run_address>0x3008</run_address>
         <size>0x4</size>
         <input_file_ref idref="fl-d6"/>
      </object_component>
      <object_component id="oc-13e">
         <name>.text:abort:abort</name>
         <load_address>0x300c</load_address>
         <run_address>0x300c</run_address>
         <size>0x4</size>
         <input_file_ref idref="fl-d8"/>
      </object_component>
      <object_component id="oc-183">
         <name>.const:.string:_ctypes_</name>
         <load_address>0x3010</load_address>
         <run_address>0x3010</run_address>
         <size>0x101</size>
         <input_file_ref idref="fl-d1"/>
      </object_component>
      <object_component id="oc-239">
         <name>.cinit..data.load</name>
         <load_address>0x3118</load_address>
         <run_address>0x3118</run_address>
         <size>0xd</size>
      </object_component>
      <object_component id="oc-237">
         <name>__TI_handler_table</name>
         <load_address>0x3128</load_address>
         <run_address>0x3128</run_address>
         <size>0xc</size>
      </object_component>
      <object_component id="oc-23a">
         <name>.cinit..bss.load</name>
         <load_address>0x3138</load_address>
         <run_address>0x3138</run_address>
         <size>0x8</size>
      </object_component>
      <object_component id="oc-238">
         <name>__TI_cinit_table</name>
         <load_address>0x3140</load_address>
         <run_address>0x3140</run_address>
         <size>0x10</size>
      </object_component>
      <object_component id="oc-97">
         <name>.data</name>
         <load_address>0x20000580</load_address>
         <run_address>0x20000580</run_address>
         <size>0x7</size>
         <input_file_ref idref="fl-6"/>
      </object_component>
      <object_component id="oc-101">
         <name>.data</name>
         <load_address>0x20000588</load_address>
         <run_address>0x20000588</run_address>
         <size>0x4</size>
         <input_file_ref idref="fl-7"/>
      </object_component>
      <object_component id="oc-8d">
         <name>.common:mutexes</name>
         <uninitialized>true</uninitialized>
         <run_address>0x20000374</run_address>
         <size>0x8</size>
      </object_component>
      <object_component id="oc-90">
         <name>.common:semaphores</name>
         <uninitialized>true</uninitialized>
         <run_address>0x20000360</run_address>
         <size>0xc</size>
      </object_component>
      <object_component id="oc-9a">
         <name>.common:tcb</name>
         <uninitialized>true</uninitialized>
         <run_address>0x20000000</run_address>
         <size>0x2a0</size>
      </object_component>
      <object_component id="oc-107">
         <name>.common:inUse</name>
         <uninitialized>true</uninitialized>
         <run_address>0x2000036c</run_address>
         <size>0x8</size>
      </object_component>
      <object_component id="oc-104">
         <name>.common:allocTable</name>
         <uninitialized>true</uninitialized>
         <run_address>0x200002a0</run_address>
         <size>0xc0</size>
      </object_component>
      <object_component id="oc-25">
         <name>.stack</name>
         <uninitialized>true</uninitialized>
         <run_address>0x20000380</run_address>
         <size>0x4</size>
         <input_file_ref idref="fl-d2"/>
      </object_component>
      <object_component id="oc-23c">
         <name>.stack</name>
         <uninitialized>true</uninitialized>
         <run_address>0x20000380</run_address>
         <size>0x0</size>
      </object_component>
      <object_component id="oc-11a">
         <name>.debug_info</name>
         <load_address>0x0</load_address>
         <run_address>0x0</run_address>
         <size>0x251</size>
         <input_file_ref idref="fl-2"/>
      </object_component>
      <object_component id="oc-12c">
         <name>.debug_info</name>
         <load_address>0x251</load_address>
         <run_address>0x251</run_address>
         <size>0x10e</size>
         <input_file_ref idref="fl-2"/>
      </object_component>
      <object_component id="oc-a8">
         <name>.debug_info</name>
         <load_address>0x35f</load_address>
         <run_address>0x35f</run_address>
         <size>0x26b</size>
         <input_file_ref idref="fl-2"/>
      </object_component>
      <object_component id="oc-43">
         <name>.debug_info</name>
         <load_address>0x5ca</load_address>
         <run_address>0x5ca</run_address>
         <size>0x84</size>
         <input_file_ref idref="fl-2"/>
      </object_component>
      <object_component id="oc-f5">
         <name>.debug_info</name>
         <load_address>0x64e</load_address>
         <run_address>0x64e</run_address>
         <size>0x2a4</size>
         <input_file_ref idref="fl-2"/>
      </object_component>
      <object_component id="oc-88">
         <name>.debug_info</name>
         <load_address>0x8f2</load_address>
         <run_address>0x8f2</run_address>
         <size>0xbb</size>
         <input_file_ref idref="fl-2"/>
      </object_component>
      <object_component id="oc-84">
         <name>.debug_info</name>
         <load_address>0x9ad</load_address>
         <run_address>0x9ad</run_address>
         <size>0x109</size>
         <input_file_ref idref="fl-3"/>
      </object_component>
      <object_component id="oc-87">
         <name>.debug_info</name>
         <load_address>0xab6</load_address>
         <run_address>0xab6</run_address>
         <size>0x3a8</size>
         <input_file_ref idref="fl-4"/>
      </object_component>
      <object_component id="oc-31">
         <name>.debug_info</name>
         <load_address>0xe5e</load_address>
         <run_address>0xe5e</run_address>
         <size>0x586</size>
         <input_file_ref idref="fl-4"/>
      </object_component>
      <object_component id="oc-18a">
         <name>.debug_info</name>
         <load_address>0x13e4</load_address>
         <run_address>0x13e4</run_address>
         <size>0x8a</size>
         <input_file_ref idref="fl-4"/>
      </object_component>
      <object_component id="oc-1d3">
         <name>.debug_info</name>
         <load_address>0x146e</load_address>
         <run_address>0x146e</run_address>
         <size>0x25b</size>
         <input_file_ref idref="fl-5"/>
      </object_component>
      <object_component id="oc-199">
         <name>.debug_info</name>
         <load_address>0x16c9</load_address>
         <run_address>0x16c9</run_address>
         <size>0x10db</size>
         <input_file_ref idref="fl-5"/>
      </object_component>
      <object_component id="oc-1ce">
         <name>.debug_info</name>
         <load_address>0x27a4</load_address>
         <run_address>0x27a4</run_address>
         <size>0x88</size>
         <input_file_ref idref="fl-5"/>
      </object_component>
      <object_component id="oc-9c">
         <name>.debug_info</name>
         <load_address>0x282c</load_address>
         <run_address>0x282c</run_address>
         <size>0x8b</size>
         <input_file_ref idref="fl-5"/>
      </object_component>
      <object_component id="oc-8e">
         <name>.debug_info</name>
         <load_address>0x28b7</load_address>
         <run_address>0x28b7</run_address>
         <size>0x51e</size>
         <input_file_ref idref="fl-6"/>
      </object_component>
      <object_component id="oc-98">
         <name>.debug_info</name>
         <load_address>0x2dd5</load_address>
         <run_address>0x2dd5</run_address>
         <size>0x1a2</size>
         <input_file_ref idref="fl-6"/>
      </object_component>
      <object_component id="oc-38">
         <name>.debug_info</name>
         <load_address>0x2f77</load_address>
         <run_address>0x2f77</run_address>
         <size>0xef0</size>
         <input_file_ref idref="fl-6"/>
      </object_component>
      <object_component id="oc-113">
         <name>.debug_info</name>
         <load_address>0x3e67</load_address>
         <run_address>0x3e67</run_address>
         <size>0x86</size>
         <input_file_ref idref="fl-6"/>
      </object_component>
      <object_component id="oc-a1">
         <name>.debug_info</name>
         <load_address>0x3eed</load_address>
         <run_address>0x3eed</run_address>
         <size>0x2c</size>
         <input_file_ref idref="fl-6"/>
      </object_component>
      <object_component id="oc-fc">
         <name>.debug_info</name>
         <load_address>0x3f19</load_address>
         <run_address>0x3f19</run_address>
         <size>0x1d8</size>
         <input_file_ref idref="fl-6"/>
      </object_component>
      <object_component id="oc-105">
         <name>.debug_info</name>
         <load_address>0x40f1</load_address>
         <run_address>0x40f1</run_address>
         <size>0x2ea</size>
         <input_file_ref idref="fl-7"/>
      </object_component>
      <object_component id="oc-102">
         <name>.debug_info</name>
         <load_address>0x43db</load_address>
         <run_address>0x43db</run_address>
         <size>0xc3</size>
         <input_file_ref idref="fl-7"/>
      </object_component>
      <object_component id="oc-93">
         <name>.debug_info</name>
         <load_address>0x449e</load_address>
         <run_address>0x449e</run_address>
         <size>0xc15</size>
         <input_file_ref idref="fl-7"/>
      </object_component>
      <object_component id="oc-d2">
         <name>.debug_info</name>
         <load_address>0x50b3</load_address>
         <run_address>0x50b3</run_address>
         <size>0x296</size>
         <input_file_ref idref="fl-9"/>
      </object_component>
      <object_component id="oc-1a6">
         <name>.debug_info</name>
         <load_address>0x5349</load_address>
         <run_address>0x5349</run_address>
         <size>0x46a</size>
         <input_file_ref idref="fl-a"/>
      </object_component>
      <object_component id="oc-138">
         <name>.debug_info</name>
         <load_address>0x57b3</load_address>
         <run_address>0x57b3</run_address>
         <size>0x820</size>
         <input_file_ref idref="fl-a"/>
      </object_component>
      <object_component id="oc-1a4">
         <name>.debug_info</name>
         <load_address>0x5fd3</load_address>
         <run_address>0x5fd3</run_address>
         <size>0x64e</size>
         <input_file_ref idref="fl-b"/>
      </object_component>
      <object_component id="oc-132">
         <name>.debug_info</name>
         <load_address>0x6621</load_address>
         <run_address>0x6621</run_address>
         <size>0xa2a</size>
         <input_file_ref idref="fl-b"/>
      </object_component>
      <object_component id="oc-3c">
         <name>.debug_info</name>
         <load_address>0x704b</load_address>
         <run_address>0x704b</run_address>
         <size>0x380</size>
         <input_file_ref idref="fl-c"/>
      </object_component>
      <object_component id="oc-14">
         <name>.debug_info</name>
         <load_address>0x73cb</load_address>
         <run_address>0x73cb</run_address>
         <size>0xe1</size>
         <input_file_ref idref="fl-c"/>
      </object_component>
      <object_component id="oc-29">
         <name>.debug_info</name>
         <load_address>0x74ac</load_address>
         <run_address>0x74ac</run_address>
         <size>0x1fc</size>
         <input_file_ref idref="fl-c"/>
      </object_component>
      <object_component id="oc-f1">
         <name>.debug_info</name>
         <load_address>0x76a8</load_address>
         <run_address>0x76a8</run_address>
         <size>0x32f</size>
         <input_file_ref idref="fl-d"/>
      </object_component>
      <object_component id="oc-7c">
         <name>.debug_info</name>
         <load_address>0x79d7</load_address>
         <run_address>0x79d7</run_address>
         <size>0xd74</size>
         <input_file_ref idref="fl-d"/>
      </object_component>
      <object_component id="oc-19f">
         <name>.debug_info</name>
         <load_address>0x874b</load_address>
         <run_address>0x874b</run_address>
         <size>0xca</size>
         <input_file_ref idref="fl-e"/>
      </object_component>
      <object_component id="oc-10f">
         <name>.debug_info</name>
         <load_address>0x8815</load_address>
         <run_address>0x8815</run_address>
         <size>0x122</size>
         <input_file_ref idref="fl-c8"/>
      </object_component>
      <object_component id="oc-10b">
         <name>.debug_info</name>
         <load_address>0x8937</load_address>
         <run_address>0x8937</run_address>
         <size>0x122</size>
         <input_file_ref idref="fl-c9"/>
      </object_component>
      <object_component id="oc-e3">
         <name>.debug_info</name>
         <load_address>0x8a59</load_address>
         <run_address>0x8a59</run_address>
         <size>0x122</size>
         <input_file_ref idref="fl-ca"/>
      </object_component>
      <object_component id="oc-c5">
         <name>.debug_info</name>
         <load_address>0x8b7b</load_address>
         <run_address>0x8b7b</run_address>
         <size>0x147</size>
         <input_file_ref idref="fl-cb"/>
      </object_component>
      <object_component id="oc-e8">
         <name>.debug_info</name>
         <load_address>0x8cc2</load_address>
         <run_address>0x8cc2</run_address>
         <size>0x134</size>
         <input_file_ref idref="fl-cc"/>
      </object_component>
      <object_component id="oc-c1">
         <name>.debug_info</name>
         <load_address>0x8df6</load_address>
         <run_address>0x8df6</run_address>
         <size>0x2d4</size>
         <input_file_ref idref="fl-cd"/>
      </object_component>
      <object_component id="oc-56">
         <name>.debug_info</name>
         <load_address>0x90ca</load_address>
         <run_address>0x90ca</run_address>
         <size>0x1d2</size>
         <input_file_ref idref="fl-cd"/>
      </object_component>
      <object_component id="oc-bc">
         <name>.debug_info</name>
         <load_address>0x929c</load_address>
         <run_address>0x929c</run_address>
         <size>0x46</size>
         <input_file_ref idref="fl-cd"/>
      </object_component>
      <object_component id="oc-122">
         <name>.debug_info</name>
         <load_address>0x92e2</load_address>
         <run_address>0x92e2</run_address>
         <size>0x2c</size>
         <input_file_ref idref="fl-cd"/>
      </object_component>
      <object_component id="oc-53">
         <name>.debug_info</name>
         <load_address>0x930e</load_address>
         <run_address>0x930e</run_address>
         <size>0x2a8</size>
         <input_file_ref idref="fl-ce"/>
      </object_component>
      <object_component id="oc-1d">
         <name>.debug_info</name>
         <load_address>0x95b6</load_address>
         <run_address>0x95b6</run_address>
         <size>0x1ea</size>
         <input_file_ref idref="fl-ce"/>
      </object_component>
      <object_component id="oc-4e">
         <name>.debug_info</name>
         <load_address>0x97a0</load_address>
         <run_address>0x97a0</run_address>
         <size>0x46</size>
         <input_file_ref idref="fl-ce"/>
      </object_component>
      <object_component id="oc-b4">
         <name>.debug_info</name>
         <load_address>0x97e6</load_address>
         <run_address>0x97e6</run_address>
         <size>0x2c</size>
         <input_file_ref idref="fl-ce"/>
      </object_component>
      <object_component id="oc-b2">
         <name>.debug_info</name>
         <load_address>0x9812</load_address>
         <run_address>0x9812</run_address>
         <size>0x29e</size>
         <input_file_ref idref="fl-cf"/>
      </object_component>
      <object_component id="oc-17">
         <name>.debug_info</name>
         <load_address>0x9ab0</load_address>
         <run_address>0x9ab0</run_address>
         <size>0x250</size>
         <input_file_ref idref="fl-cf"/>
      </object_component>
      <object_component id="oc-3e">
         <name>.debug_info</name>
         <load_address>0x9d00</load_address>
         <run_address>0x9d00</run_address>
         <size>0x60</size>
         <input_file_ref idref="fl-cf"/>
      </object_component>
      <object_component id="oc-11b">
         <name>.debug_info</name>
         <load_address>0x9d60</load_address>
         <run_address>0x9d60</run_address>
         <size>0x46</size>
         <input_file_ref idref="fl-cf"/>
      </object_component>
      <object_component id="oc-ad">
         <name>.debug_info</name>
         <load_address>0x9da6</load_address>
         <run_address>0x9da6</run_address>
         <size>0x39</size>
         <input_file_ref idref="fl-cf"/>
      </object_component>
      <object_component id="oc-187">
         <name>.debug_info</name>
         <load_address>0x9ddf</load_address>
         <run_address>0x9ddf</run_address>
         <size>0x2b9</size>
         <input_file_ref idref="fl-d0"/>
      </object_component>
      <object_component id="oc-eb">
         <name>.debug_info</name>
         <load_address>0xa098</load_address>
         <run_address>0xa098</run_address>
         <size>0x17c</size>
         <input_file_ref idref="fl-d0"/>
      </object_component>
      <object_component id="oc-1ca">
         <name>.debug_info</name>
         <load_address>0xa214</load_address>
         <run_address>0xa214</run_address>
         <size>0xf9</size>
         <input_file_ref idref="fl-d1"/>
      </object_component>
      <object_component id="oc-184">
         <name>.debug_info</name>
         <load_address>0xa30d</load_address>
         <run_address>0xa30d</run_address>
         <size>0x105</size>
         <input_file_ref idref="fl-d1"/>
      </object_component>
      <object_component id="oc-26">
         <name>.debug_info</name>
         <load_address>0xa412</load_address>
         <run_address>0xa412</run_address>
         <size>0x10b</size>
         <input_file_ref idref="fl-d2"/>
      </object_component>
      <object_component id="oc-6a">
         <name>.debug_info</name>
         <load_address>0xa51d</load_address>
         <run_address>0xa51d</run_address>
         <size>0x1a9</size>
         <input_file_ref idref="fl-d2"/>
      </object_component>
      <object_component id="oc-180">
         <name>.debug_info</name>
         <load_address>0xa6c6</load_address>
         <run_address>0xa6c6</run_address>
         <size>0x115</size>
         <input_file_ref idref="fl-d3"/>
      </object_component>
      <object_component id="oc-49">
         <name>.debug_info</name>
         <load_address>0xa7db</load_address>
         <run_address>0xa7db</run_address>
         <size>0x119</size>
         <input_file_ref idref="fl-d4"/>
      </object_component>
      <object_component id="oc-1b2">
         <name>.debug_info</name>
         <load_address>0xa8f4</load_address>
         <run_address>0xa8f4</run_address>
         <size>0x4b3</size>
         <input_file_ref idref="fl-d5"/>
      </object_component>
      <object_component id="oc-14c">
         <name>.debug_info</name>
         <load_address>0xada7</load_address>
         <run_address>0xada7</run_address>
         <size>0x1a6</size>
         <input_file_ref idref="fl-d5"/>
      </object_component>
      <object_component id="oc-1e9">
         <name>.debug_info</name>
         <load_address>0xaf4d</load_address>
         <run_address>0xaf4d</run_address>
         <size>0x39</size>
         <input_file_ref idref="fl-d5"/>
      </object_component>
      <object_component id="oc-201">
         <name>.debug_info</name>
         <load_address>0xaf86</load_address>
         <run_address>0xaf86</run_address>
         <size>0x39</size>
         <input_file_ref idref="fl-d5"/>
      </object_component>
      <object_component id="oc-1ee">
         <name>.debug_info</name>
         <load_address>0xafbf</load_address>
         <run_address>0xafbf</run_address>
         <size>0x39</size>
         <input_file_ref idref="fl-d5"/>
      </object_component>
      <object_component id="oc-1f3">
         <name>.debug_info</name>
         <load_address>0xaff8</load_address>
         <run_address>0xaff8</run_address>
         <size>0xcd</size>
         <input_file_ref idref="fl-d5"/>
      </object_component>
      <object_component id="oc-c9">
         <name>.debug_info</name>
         <load_address>0xb0c5</load_address>
         <run_address>0xb0c5</run_address>
         <size>0x153</size>
         <input_file_ref idref="fl-d6"/>
      </object_component>
      <object_component id="oc-13f">
         <name>.debug_info</name>
         <load_address>0xb218</load_address>
         <run_address>0xb218</run_address>
         <size>0x122</size>
         <input_file_ref idref="fl-d8"/>
      </object_component>
      <object_component id="oc-23d">
         <name>.debug_info</name>
         <load_address>0xb33a</load_address>
         <run_address>0xb33a</run_address>
         <size>0x94</size>
      </object_component>
      <object_component id="oc-196">
         <name>.debug_line</name>
         <load_address>0x0</load_address>
         <run_address>0x0</run_address>
         <size>0x20</size>
         <input_file_ref idref="fl-2"/>
      </object_component>
      <object_component id="oc-130">
         <name>.debug_line</name>
         <load_address>0x20</load_address>
         <run_address>0x20</run_address>
         <size>0x43</size>
         <input_file_ref idref="fl-2"/>
      </object_component>
      <object_component id="oc-ab">
         <name>.debug_line</name>
         <load_address>0x63</load_address>
         <run_address>0x63</run_address>
         <size>0x6f</size>
         <input_file_ref idref="fl-2"/>
      </object_component>
      <object_component id="oc-46">
         <name>.debug_line</name>
         <load_address>0xd2</load_address>
         <run_address>0xd2</run_address>
         <size>0x20</size>
         <input_file_ref idref="fl-2"/>
      </object_component>
      <object_component id="oc-f8">
         <name>.debug_line</name>
         <load_address>0xf2</load_address>
         <run_address>0xf2</run_address>
         <size>0x73</size>
         <input_file_ref idref="fl-2"/>
      </object_component>
      <object_component id="oc-8b">
         <name>.debug_line</name>
         <load_address>0x165</load_address>
         <run_address>0x165</run_address>
         <size>0x70</size>
         <input_file_ref idref="fl-2"/>
      </object_component>
      <object_component id="oc-82">
         <name>.debug_line</name>
         <load_address>0x1d5</load_address>
         <run_address>0x1d5</run_address>
         <size>0x67</size>
         <input_file_ref idref="fl-3"/>
      </object_component>
      <object_component id="oc-f4">
         <name>.debug_line</name>
         <load_address>0x23c</load_address>
         <run_address>0x23c</run_address>
         <size>0x5a</size>
         <input_file_ref idref="fl-4"/>
      </object_component>
      <object_component id="oc-2f">
         <name>.debug_line</name>
         <load_address>0x296</load_address>
         <run_address>0x296</run_address>
         <size>0xd5</size>
         <input_file_ref idref="fl-4"/>
      </object_component>
      <object_component id="oc-18d">
         <name>.debug_line</name>
         <load_address>0x36b</load_address>
         <run_address>0x36b</run_address>
         <size>0x4b</size>
         <input_file_ref idref="fl-4"/>
      </object_component>
      <object_component id="oc-1fd">
         <name>.debug_line</name>
         <load_address>0x3b6</load_address>
         <run_address>0x3b6</run_address>
         <size>0x20</size>
         <input_file_ref idref="fl-5"/>
      </object_component>
      <object_component id="oc-19c">
         <name>.debug_line</name>
         <load_address>0x3d6</load_address>
         <run_address>0x3d6</run_address>
         <size>0x3d4</size>
         <input_file_ref idref="fl-5"/>
      </object_component>
      <object_component id="oc-1d1">
         <name>.debug_line</name>
         <load_address>0x7aa</load_address>
         <run_address>0x7aa</run_address>
         <size>0x2d</size>
         <input_file_ref idref="fl-5"/>
      </object_component>
      <object_component id="oc-9f">
         <name>.debug_line</name>
         <load_address>0x7d7</load_address>
         <run_address>0x7d7</run_address>
         <size>0x20</size>
         <input_file_ref idref="fl-5"/>
      </object_component>
      <object_component id="oc-fb">
         <name>.debug_line</name>
         <load_address>0x7f7</load_address>
         <run_address>0x7f7</run_address>
         <size>0x48</size>
         <input_file_ref idref="fl-6"/>
      </object_component>
      <object_component id="oc-119">
         <name>.debug_line</name>
         <load_address>0x83f</load_address>
         <run_address>0x83f</run_address>
         <size>0x2f</size>
         <input_file_ref idref="fl-6"/>
      </object_component>
      <object_component id="oc-35">
         <name>.debug_line</name>
         <load_address>0x86e</load_address>
         <run_address>0x86e</run_address>
         <size>0x4c0</size>
         <input_file_ref idref="fl-6"/>
      </object_component>
      <object_component id="oc-116">
         <name>.debug_line</name>
         <load_address>0xd2e</load_address>
         <run_address>0xd2e</run_address>
         <size>0x2b</size>
         <input_file_ref idref="fl-6"/>
      </object_component>
      <object_component id="oc-a4">
         <name>.debug_line</name>
         <load_address>0xd59</load_address>
         <run_address>0xd59</run_address>
         <size>0x2f</size>
         <input_file_ref idref="fl-6"/>
      </object_component>
      <object_component id="oc-ff">
         <name>.debug_line</name>
         <load_address>0xd88</load_address>
         <run_address>0xd88</run_address>
         <size>0x2f</size>
         <input_file_ref idref="fl-6"/>
      </object_component>
      <object_component id="oc-192">
         <name>.debug_line</name>
         <load_address>0xdb7</load_address>
         <run_address>0xdb7</run_address>
         <size>0x2b</size>
         <input_file_ref idref="fl-7"/>
      </object_component>
      <object_component id="oc-190">
         <name>.debug_line</name>
         <load_address>0xde2</load_address>
         <run_address>0xde2</run_address>
         <size>0x2b</size>
         <input_file_ref idref="fl-7"/>
      </object_component>
      <object_component id="oc-92">
         <name>.debug_line</name>
         <load_address>0xe0d</load_address>
         <run_address>0xe0d</run_address>
         <size>0x32d</size>
         <input_file_ref idref="fl-7"/>
      </object_component>
      <object_component id="oc-cf">
         <name>.debug_line</name>
         <load_address>0x113a</load_address>
         <run_address>0x113a</run_address>
         <size>0x5e</size>
         <input_file_ref idref="fl-9"/>
      </object_component>
      <object_component id="oc-1d8">
         <name>.debug_line</name>
         <load_address>0x1198</load_address>
         <run_address>0x1198</run_address>
         <size>0x2e</size>
         <input_file_ref idref="fl-a"/>
      </object_component>
      <object_component id="oc-13b">
         <name>.debug_line</name>
         <load_address>0x11c6</load_address>
         <run_address>0x11c6</run_address>
         <size>0x1e8</size>
         <input_file_ref idref="fl-a"/>
      </object_component>
      <object_component id="oc-1d6">
         <name>.debug_line</name>
         <load_address>0x13ae</load_address>
         <run_address>0x13ae</run_address>
         <size>0x70</size>
         <input_file_ref idref="fl-b"/>
      </object_component>
      <object_component id="oc-135">
         <name>.debug_line</name>
         <load_address>0x141e</load_address>
         <run_address>0x141e</run_address>
         <size>0x247</size>
         <input_file_ref idref="fl-b"/>
      </object_component>
      <object_component id="oc-a7">
         <name>.debug_line</name>
         <load_address>0x1665</load_address>
         <run_address>0x1665</run_address>
         <size>0x41</size>
         <input_file_ref idref="fl-c"/>
      </object_component>
      <object_component id="oc-3b">
         <name>.debug_line</name>
         <load_address>0x16a6</load_address>
         <run_address>0x16a6</run_address>
         <size>0x41</size>
         <input_file_ref idref="fl-c"/>
      </object_component>
      <object_component id="oc-2c">
         <name>.debug_line</name>
         <load_address>0x16e7</load_address>
         <run_address>0x16e7</run_address>
         <size>0x89</size>
         <input_file_ref idref="fl-c"/>
      </object_component>
      <object_component id="oc-189">
         <name>.debug_line</name>
         <load_address>0x1770</load_address>
         <run_address>0x1770</run_address>
         <size>0x79</size>
         <input_file_ref idref="fl-d"/>
      </object_component>
      <object_component id="oc-7f">
         <name>.debug_line</name>
         <load_address>0x17e9</load_address>
         <run_address>0x17e9</run_address>
         <size>0x3aa</size>
         <input_file_ref idref="fl-d"/>
      </object_component>
      <object_component id="oc-1a2">
         <name>.debug_line</name>
         <load_address>0x1b93</load_address>
         <run_address>0x1b93</run_address>
         <size>0x42</size>
         <input_file_ref idref="fl-e"/>
      </object_component>
      <object_component id="oc-111">
         <name>.debug_line</name>
         <load_address>0x1bd5</load_address>
         <run_address>0x1bd5</run_address>
         <size>0x47</size>
         <input_file_ref idref="fl-c8"/>
      </object_component>
      <object_component id="oc-109">
         <name>.debug_line</name>
         <load_address>0x1c1c</load_address>
         <run_address>0x1c1c</run_address>
         <size>0x47</size>
         <input_file_ref idref="fl-c9"/>
      </object_component>
      <object_component id="oc-e1">
         <name>.debug_line</name>
         <load_address>0x1c63</load_address>
         <run_address>0x1c63</run_address>
         <size>0x43</size>
         <input_file_ref idref="fl-ca"/>
      </object_component>
      <object_component id="oc-c3">
         <name>.debug_line</name>
         <load_address>0x1ca6</load_address>
         <run_address>0x1ca6</run_address>
         <size>0x79</size>
         <input_file_ref idref="fl-cb"/>
      </object_component>
      <object_component id="oc-e6">
         <name>.debug_line</name>
         <load_address>0x1d1f</load_address>
         <run_address>0x1d1f</run_address>
         <size>0x81</size>
         <input_file_ref idref="fl-cc"/>
      </object_component>
      <object_component id="oc-128">
         <name>.debug_line</name>
         <load_address>0x1da0</load_address>
         <run_address>0x1da0</run_address>
         <size>0x92</size>
         <input_file_ref idref="fl-cd"/>
      </object_component>
      <object_component id="oc-59">
         <name>.debug_line</name>
         <load_address>0x1e32</load_address>
         <run_address>0x1e32</run_address>
         <size>0x4c</size>
         <input_file_ref idref="fl-cd"/>
      </object_component>
      <object_component id="oc-bf">
         <name>.debug_line</name>
         <load_address>0x1e7e</load_address>
         <run_address>0x1e7e</run_address>
         <size>0x34</size>
         <input_file_ref idref="fl-cd"/>
      </object_component>
      <object_component id="oc-125">
         <name>.debug_line</name>
         <load_address>0x1eb2</load_address>
         <run_address>0x1eb2</run_address>
         <size>0x92</size>
         <input_file_ref idref="fl-cd"/>
      </object_component>
      <object_component id="oc-ba">
         <name>.debug_line</name>
         <load_address>0x1f44</load_address>
         <run_address>0x1f44</run_address>
         <size>0x20</size>
         <input_file_ref idref="fl-ce"/>
      </object_component>
      <object_component id="oc-20">
         <name>.debug_line</name>
         <load_address>0x1f64</load_address>
         <run_address>0x1f64</run_address>
         <size>0x55</size>
         <input_file_ref idref="fl-ce"/>
      </object_component>
      <object_component id="oc-51">
         <name>.debug_line</name>
         <load_address>0x1fb9</load_address>
         <run_address>0x1fb9</run_address>
         <size>0x3a</size>
         <input_file_ref idref="fl-ce"/>
      </object_component>
      <object_component id="oc-b7">
         <name>.debug_line</name>
         <load_address>0x1ff3</load_address>
         <run_address>0x1ff3</run_address>
         <size>0x92</size>
         <input_file_ref idref="fl-ce"/>
      </object_component>
      <object_component id="oc-121">
         <name>.debug_line</name>
         <load_address>0x2085</load_address>
         <run_address>0x2085</run_address>
         <size>0x20</size>
         <input_file_ref idref="fl-cf"/>
      </object_component>
      <object_component id="oc-1b">
         <name>.debug_line</name>
         <load_address>0x20a5</load_address>
         <run_address>0x20a5</run_address>
         <size>0xa9</size>
         <input_file_ref idref="fl-cf"/>
      </object_component>
      <object_component id="oc-41">
         <name>.debug_line</name>
         <load_address>0x214e</load_address>
         <run_address>0x214e</run_address>
         <size>0x3a</size>
         <input_file_ref idref="fl-cf"/>
      </object_component>
      <object_component id="oc-11e">
         <name>.debug_line</name>
         <load_address>0x2188</load_address>
         <run_address>0x2188</run_address>
         <size>0x9a</size>
         <input_file_ref idref="fl-cf"/>
      </object_component>
      <object_component id="oc-b0">
         <name>.debug_line</name>
         <load_address>0x2222</load_address>
         <run_address>0x2222</run_address>
         <size>0x96</size>
         <input_file_ref idref="fl-cf"/>
      </object_component>
      <object_component id="oc-1cc">
         <name>.debug_line</name>
         <load_address>0x22b8</load_address>
         <run_address>0x22b8</run_address>
         <size>0x91</size>
         <input_file_ref idref="fl-d0"/>
      </object_component>
      <object_component id="oc-ee">
         <name>.debug_line</name>
         <load_address>0x2349</load_address>
         <run_address>0x2349</run_address>
         <size>0x62</size>
         <input_file_ref idref="fl-d0"/>
      </object_component>
      <object_component id="oc-1fb">
         <name>.debug_line</name>
         <load_address>0x23ab</load_address>
         <run_address>0x23ab</run_address>
         <size>0x20</size>
         <input_file_ref idref="fl-d1"/>
      </object_component>
      <object_component id="oc-1c9">
         <name>.debug_line</name>
         <load_address>0x23cb</load_address>
         <run_address>0x23cb</run_address>
         <size>0x2b</size>
         <input_file_ref idref="fl-d1"/>
      </object_component>
      <object_component id="oc-79">
         <name>.debug_line</name>
         <load_address>0x23f6</load_address>
         <run_address>0x23f6</run_address>
         <size>0x33</size>
         <input_file_ref idref="fl-d2"/>
      </object_component>
      <object_component id="oc-69">
         <name>.debug_line</name>
         <load_address>0x2429</load_address>
         <run_address>0x2429</run_address>
         <size>0x45</size>
         <input_file_ref idref="fl-d2"/>
      </object_component>
      <object_component id="oc-17e">
         <name>.debug_line</name>
         <load_address>0x246e</load_address>
         <run_address>0x246e</run_address>
         <size>0x37</size>
         <input_file_ref idref="fl-d3"/>
      </object_component>
      <object_component id="oc-4c">
         <name>.debug_line</name>
         <load_address>0x24a5</load_address>
         <run_address>0x24a5</run_address>
         <size>0x88</size>
         <input_file_ref idref="fl-d4"/>
      </object_component>
      <object_component id="oc-1e8">
         <name>.debug_line</name>
         <load_address>0x252d</load_address>
         <run_address>0x252d</run_address>
         <size>0xbf</size>
         <input_file_ref idref="fl-d5"/>
      </object_component>
      <object_component id="oc-14b">
         <name>.debug_line</name>
         <load_address>0x25ec</load_address>
         <run_address>0x25ec</run_address>
         <size>0x6f</size>
         <input_file_ref idref="fl-d5"/>
      </object_component>
      <object_component id="oc-1ec">
         <name>.debug_line</name>
         <load_address>0x265b</load_address>
         <run_address>0x265b</run_address>
         <size>0x2e</size>
         <input_file_ref idref="fl-d5"/>
      </object_component>
      <object_component id="oc-204">
         <name>.debug_line</name>
         <load_address>0x2689</load_address>
         <run_address>0x2689</run_address>
         <size>0x9a</size>
         <input_file_ref idref="fl-d5"/>
      </object_component>
      <object_component id="oc-1f1">
         <name>.debug_line</name>
         <load_address>0x2723</load_address>
         <run_address>0x2723</run_address>
         <size>0x97</size>
         <input_file_ref idref="fl-d5"/>
      </object_component>
      <object_component id="oc-1f6">
         <name>.debug_line</name>
         <load_address>0x27ba</load_address>
         <run_address>0x27ba</run_address>
         <size>0x93</size>
         <input_file_ref idref="fl-d5"/>
      </object_component>
      <object_component id="oc-cc">
         <name>.debug_line</name>
         <load_address>0x284d</load_address>
         <run_address>0x284d</run_address>
         <size>0x40</size>
         <input_file_ref idref="fl-d6"/>
      </object_component>
      <object_component id="oc-142">
         <name>.debug_line</name>
         <load_address>0x288d</load_address>
         <run_address>0x288d</run_address>
         <size>0x3c</size>
         <input_file_ref idref="fl-d8"/>
      </object_component>
      <object_component id="oc-12f">
         <name>.debug_frame</name>
         <load_address>0x0</load_address>
         <run_address>0x0</run_address>
         <size>0x54</size>
         <input_file_ref idref="fl-2"/>
      </object_component>
      <object_component id="oc-30">
         <name>.debug_frame</name>
         <load_address>0x54</load_address>
         <run_address>0x54</run_address>
         <size>0xb4</size>
         <input_file_ref idref="fl-4"/>
      </object_component>
      <object_component id="oc-19d">
         <name>.debug_frame</name>
         <load_address>0x108</load_address>
         <run_address>0x108</run_address>
         <size>0x2a4</size>
         <input_file_ref idref="fl-5"/>
      </object_component>
      <object_component id="oc-37">
         <name>.debug_frame</name>
         <load_address>0x3ac</load_address>
         <run_address>0x3ac</run_address>
         <size>0x25c</size>
         <input_file_ref idref="fl-6"/>
      </object_component>
      <object_component id="oc-96">
         <name>.debug_frame</name>
         <load_address>0x608</load_address>
         <run_address>0x608</run_address>
         <size>0x1e0</size>
         <input_file_ref idref="fl-7"/>
      </object_component>
      <object_component id="oc-d1">
         <name>.debug_frame</name>
         <load_address>0x7e8</load_address>
         <run_address>0x7e8</run_address>
         <size>0x5c</size>
         <input_file_ref idref="fl-9"/>
      </object_component>
      <object_component id="oc-13c">
         <name>.debug_frame</name>
         <load_address>0x844</load_address>
         <run_address>0x844</run_address>
         <size>0x134</size>
         <input_file_ref idref="fl-a"/>
      </object_component>
      <object_component id="oc-136">
         <name>.debug_frame</name>
         <load_address>0x978</load_address>
         <run_address>0x978</run_address>
         <size>0x17c</size>
         <input_file_ref idref="fl-b"/>
      </object_component>
      <object_component id="oc-2d">
         <name>.debug_frame</name>
         <load_address>0xaf4</load_address>
         <run_address>0xaf4</run_address>
         <size>0x7c</size>
         <input_file_ref idref="fl-c"/>
      </object_component>
      <object_component id="oc-80">
         <name>.debug_frame</name>
         <load_address>0xb70</load_address>
         <run_address>0xb70</run_address>
         <size>0x214</size>
         <input_file_ref idref="fl-d"/>
      </object_component>
      <object_component id="oc-58">
         <name>.debug_frame</name>
         <load_address>0xd84</load_address>
         <run_address>0xd84</run_address>
         <size>0x54</size>
         <input_file_ref idref="fl-cd"/>
      </object_component>
      <object_component id="oc-21">
         <name>.debug_frame</name>
         <load_address>0xdd8</load_address>
         <run_address>0xdd8</run_address>
         <size>0x54</size>
         <input_file_ref idref="fl-ce"/>
      </object_component>
      <object_component id="oc-1a">
         <name>.debug_frame</name>
         <load_address>0xe2c</load_address>
         <run_address>0xe2c</run_address>
         <size>0x60</size>
         <input_file_ref idref="fl-cf"/>
      </object_component>
      <object_component id="oc-ef">
         <name>.debug_frame</name>
         <load_address>0xe8c</load_address>
         <run_address>0xe8c</run_address>
         <size>0x5c</size>
         <input_file_ref idref="fl-d0"/>
      </object_component>
      <object_component id="oc-67">
         <name>.debug_frame</name>
         <load_address>0xee8</load_address>
         <run_address>0xee8</run_address>
         <size>0x50</size>
         <input_file_ref idref="fl-d2"/>
      </object_component>
      <object_component id="oc-14f">
         <name>.debug_frame</name>
         <load_address>0xf38</load_address>
         <run_address>0xf38</run_address>
         <size>0x5c</size>
         <input_file_ref idref="fl-d5"/>
      </object_component>
      <object_component id="oc-cd">
         <name>.debug_frame</name>
         <load_address>0xf94</load_address>
         <run_address>0xf94</run_address>
         <size>0x54</size>
         <input_file_ref idref="fl-d6"/>
      </object_component>
      <object_component id="oc-143">
         <name>.debug_frame</name>
         <load_address>0xfe8</load_address>
         <run_address>0xfe8</run_address>
         <size>0x54</size>
         <input_file_ref idref="fl-d8"/>
      </object_component>
      <object_component id="oc-195">
         <name>.debug_abbrev</name>
         <load_address>0x0</load_address>
         <run_address>0x0</run_address>
         <size>0x27</size>
         <input_file_ref idref="fl-2"/>
      </object_component>
      <object_component id="oc-197">
         <name>.debug_abbrev</name>
         <load_address>0x27</load_address>
         <run_address>0x27</run_address>
         <size>0x50</size>
         <input_file_ref idref="fl-2"/>
      </object_component>
      <object_component id="oc-aa">
         <name>.debug_abbrev</name>
         <load_address>0x77</load_address>
         <run_address>0x77</run_address>
         <size>0x69</size>
         <input_file_ref idref="fl-2"/>
      </object_component>
      <object_component id="oc-45">
         <name>.debug_abbrev</name>
         <load_address>0xe0</load_address>
         <run_address>0xe0</run_address>
         <size>0x1f</size>
         <input_file_ref idref="fl-2"/>
      </object_component>
      <object_component id="oc-f7">
         <name>.debug_abbrev</name>
         <load_address>0xff</load_address>
         <run_address>0xff</run_address>
         <size>0x5c</size>
         <input_file_ref idref="fl-2"/>
      </object_component>
      <object_component id="oc-8a">
         <name>.debug_abbrev</name>
         <load_address>0x15b</load_address>
         <run_address>0x15b</run_address>
         <size>0x24</size>
         <input_file_ref idref="fl-2"/>
      </object_component>
      <object_component id="oc-f2">
         <name>.debug_abbrev</name>
         <load_address>0x17f</load_address>
         <run_address>0x17f</run_address>
         <size>0x35</size>
         <input_file_ref idref="fl-3"/>
      </object_component>
      <object_component id="oc-f3">
         <name>.debug_abbrev</name>
         <load_address>0x1b4</load_address>
         <run_address>0x1b4</run_address>
         <size>0x85</size>
         <input_file_ref idref="fl-4"/>
      </object_component>
      <object_component id="oc-86">
         <name>.debug_abbrev</name>
         <load_address>0x239</load_address>
         <run_address>0x239</run_address>
         <size>0x6c</size>
         <input_file_ref idref="fl-4"/>
      </object_component>
      <object_component id="oc-18c">
         <name>.debug_abbrev</name>
         <load_address>0x2a5</load_address>
         <run_address>0x2a5</run_address>
         <size>0x4b</size>
         <input_file_ref idref="fl-4"/>
      </object_component>
      <object_component id="oc-1fc">
         <name>.debug_abbrev</name>
         <load_address>0x2f0</load_address>
         <run_address>0x2f0</run_address>
         <size>0x37</size>
         <input_file_ref idref="fl-5"/>
      </object_component>
      <object_component id="oc-1cd">
         <name>.debug_abbrev</name>
         <load_address>0x327</load_address>
         <run_address>0x327</run_address>
         <size>0xc8</size>
         <input_file_ref idref="fl-5"/>
      </object_component>
      <object_component id="oc-1d0">
         <name>.debug_abbrev</name>
         <load_address>0x3ef</load_address>
         <run_address>0x3ef</run_address>
         <size>0x44</size>
         <input_file_ref idref="fl-5"/>
      </object_component>
      <object_component id="oc-9e">
         <name>.debug_abbrev</name>
         <load_address>0x433</load_address>
         <run_address>0x433</run_address>
         <size>0x1f</size>
         <input_file_ref idref="fl-5"/>
      </object_component>
      <object_component id="oc-fa">
         <name>.debug_abbrev</name>
         <load_address>0x452</load_address>
         <run_address>0x452</run_address>
         <size>0x109</size>
         <input_file_ref idref="fl-6"/>
      </object_component>
      <object_component id="oc-118">
         <name>.debug_abbrev</name>
         <load_address>0x55b</load_address>
         <run_address>0x55b</run_address>
         <size>0x29</size>
         <input_file_ref idref="fl-6"/>
      </object_component>
      <object_component id="oc-9b">
         <name>.debug_abbrev</name>
         <load_address>0x584</load_address>
         <run_address>0x584</run_address>
         <size>0xe1</size>
         <input_file_ref idref="fl-6"/>
      </object_component>
      <object_component id="oc-115">
         <name>.debug_abbrev</name>
         <load_address>0x665</load_address>
         <run_address>0x665</run_address>
         <size>0x49</size>
         <input_file_ref idref="fl-6"/>
      </object_component>
      <object_component id="oc-a3">
         <name>.debug_abbrev</name>
         <load_address>0x6ae</load_address>
         <run_address>0x6ae</run_address>
         <size>0x24</size>
         <input_file_ref idref="fl-6"/>
      </object_component>
      <object_component id="oc-fe">
         <name>.debug_abbrev</name>
         <load_address>0x6d2</load_address>
         <run_address>0x6d2</run_address>
         <size>0x4b</size>
         <input_file_ref idref="fl-6"/>
      </object_component>
      <object_component id="oc-191">
         <name>.debug_abbrev</name>
         <load_address>0x71d</load_address>
         <run_address>0x71d</run_address>
         <size>0x7a</size>
         <input_file_ref idref="fl-7"/>
      </object_component>
      <object_component id="oc-18f">
         <name>.debug_abbrev</name>
         <load_address>0x797</load_address>
         <run_address>0x797</run_address>
         <size>0x29</size>
         <input_file_ref idref="fl-7"/>
      </object_component>
      <object_component id="oc-112">
         <name>.debug_abbrev</name>
         <load_address>0x7c0</load_address>
         <run_address>0x7c0</run_address>
         <size>0x13d</size>
         <input_file_ref idref="fl-7"/>
      </object_component>
      <object_component id="oc-13d">
         <name>.debug_abbrev</name>
         <load_address>0x8fd</load_address>
         <run_address>0x8fd</run_address>
         <size>0x6e</size>
         <input_file_ref idref="fl-9"/>
      </object_component>
      <object_component id="oc-1d7">
         <name>.debug_abbrev</name>
         <load_address>0x96b</load_address>
         <run_address>0x96b</run_address>
         <size>0xc9</size>
         <input_file_ref idref="fl-a"/>
      </object_component>
      <object_component id="oc-1a5">
         <name>.debug_abbrev</name>
         <load_address>0xa34</load_address>
         <run_address>0xa34</run_address>
         <size>0x85</size>
         <input_file_ref idref="fl-a"/>
      </object_component>
      <object_component id="oc-1d5">
         <name>.debug_abbrev</name>
         <load_address>0xab9</load_address>
         <run_address>0xab9</run_address>
         <size>0xb3</size>
         <input_file_ref idref="fl-b"/>
      </object_component>
      <object_component id="oc-1a3">
         <name>.debug_abbrev</name>
         <load_address>0xb6c</load_address>
         <run_address>0xb6c</run_address>
         <size>0x9b</size>
         <input_file_ref idref="fl-b"/>
      </object_component>
      <object_component id="oc-a6">
         <name>.debug_abbrev</name>
         <load_address>0xc07</load_address>
         <run_address>0xc07</run_address>
         <size>0x90</size>
         <input_file_ref idref="fl-c"/>
      </object_component>
      <object_component id="oc-3a">
         <name>.debug_abbrev</name>
         <load_address>0xc97</load_address>
         <run_address>0xc97</run_address>
         <size>0x29</size>
         <input_file_ref idref="fl-c"/>
      </object_component>
      <object_component id="oc-7a">
         <name>.debug_abbrev</name>
         <load_address>0xcc0</load_address>
         <run_address>0xcc0</run_address>
         <size>0x79</size>
         <input_file_ref idref="fl-c"/>
      </object_component>
      <object_component id="oc-188">
         <name>.debug_abbrev</name>
         <load_address>0xd39</load_address>
         <run_address>0xd39</run_address>
         <size>0xa0</size>
         <input_file_ref idref="fl-d"/>
      </object_component>
      <object_component id="oc-f0">
         <name>.debug_abbrev</name>
         <load_address>0xdd9</load_address>
         <run_address>0xdd9</run_address>
         <size>0x110</size>
         <input_file_ref idref="fl-d"/>
      </object_component>
      <object_component id="oc-1d4">
         <name>.debug_abbrev</name>
         <load_address>0xee9</load_address>
         <run_address>0xee9</run_address>
         <size>0x35</size>
         <input_file_ref idref="fl-e"/>
      </object_component>
      <object_component id="oc-194">
         <name>.debug_abbrev</name>
         <load_address>0xf1e</load_address>
         <run_address>0xf1e</run_address>
         <size>0x3c</size>
         <input_file_ref idref="fl-c8"/>
      </object_component>
      <object_component id="oc-193">
         <name>.debug_abbrev</name>
         <load_address>0xf5a</load_address>
         <run_address>0xf5a</run_address>
         <size>0x3c</size>
         <input_file_ref idref="fl-c9"/>
      </object_component>
      <object_component id="oc-17c">
         <name>.debug_abbrev</name>
         <load_address>0xf96</load_address>
         <run_address>0xf96</run_address>
         <size>0x3c</size>
         <input_file_ref idref="fl-ca"/>
      </object_component>
      <object_component id="oc-129">
         <name>.debug_abbrev</name>
         <load_address>0xfd2</load_address>
         <run_address>0xfd2</run_address>
         <size>0x4f</size>
         <input_file_ref idref="fl-cb"/>
      </object_component>
      <object_component id="oc-182">
         <name>.debug_abbrev</name>
         <load_address>0x1021</load_address>
         <run_address>0x1021</run_address>
         <size>0x4a</size>
         <input_file_ref idref="fl-cc"/>
      </object_component>
      <object_component id="oc-127">
         <name>.debug_abbrev</name>
         <load_address>0x106b</load_address>
         <run_address>0x106b</run_address>
         <size>0x5d</size>
         <input_file_ref idref="fl-cd"/>
      </object_component>
      <object_component id="oc-bb">
         <name>.debug_abbrev</name>
         <load_address>0x10c8</load_address>
         <run_address>0x10c8</run_address>
         <size>0x6f</size>
         <input_file_ref idref="fl-cd"/>
      </object_component>
      <object_component id="oc-be">
         <name>.debug_abbrev</name>
         <load_address>0x1137</load_address>
         <run_address>0x1137</run_address>
         <size>0x24</size>
         <input_file_ref idref="fl-cd"/>
      </object_component>
      <object_component id="oc-124">
         <name>.debug_abbrev</name>
         <load_address>0x115b</load_address>
         <run_address>0x115b</run_address>
         <size>0x24</size>
         <input_file_ref idref="fl-cd"/>
      </object_component>
      <object_component id="oc-b9">
         <name>.debug_abbrev</name>
         <load_address>0x117f</load_address>
         <run_address>0x117f</run_address>
         <size>0x37</size>
         <input_file_ref idref="fl-ce"/>
      </object_component>
      <object_component id="oc-4d">
         <name>.debug_abbrev</name>
         <load_address>0x11b6</load_address>
         <run_address>0x11b6</run_address>
         <size>0x74</size>
         <input_file_ref idref="fl-ce"/>
      </object_component>
      <object_component id="oc-50">
         <name>.debug_abbrev</name>
         <load_address>0x122a</load_address>
         <run_address>0x122a</run_address>
         <size>0x24</size>
         <input_file_ref idref="fl-ce"/>
      </object_component>
      <object_component id="oc-b6">
         <name>.debug_abbrev</name>
         <load_address>0x124e</load_address>
         <run_address>0x124e</run_address>
         <size>0x24</size>
         <input_file_ref idref="fl-ce"/>
      </object_component>
      <object_component id="oc-120">
         <name>.debug_abbrev</name>
         <load_address>0x1272</load_address>
         <run_address>0x1272</run_address>
         <size>0x37</size>
         <input_file_ref idref="fl-cf"/>
      </object_component>
      <object_component id="oc-3d">
         <name>.debug_abbrev</name>
         <load_address>0x12a9</load_address>
         <run_address>0x12a9</run_address>
         <size>0x6f</size>
         <input_file_ref idref="fl-cf"/>
      </object_component>
      <object_component id="oc-40">
         <name>.debug_abbrev</name>
         <load_address>0x1318</load_address>
         <run_address>0x1318</run_address>
         <size>0x24</size>
         <input_file_ref idref="fl-cf"/>
      </object_component>
      <object_component id="oc-11d">
         <name>.debug_abbrev</name>
         <load_address>0x133c</load_address>
         <run_address>0x133c</run_address>
         <size>0x35</size>
         <input_file_ref idref="fl-cf"/>
      </object_component>
      <object_component id="oc-af">
         <name>.debug_abbrev</name>
         <load_address>0x1371</load_address>
         <run_address>0x1371</run_address>
         <size>0x24</size>
         <input_file_ref idref="fl-cf"/>
      </object_component>
      <object_component id="oc-1cb">
         <name>.debug_abbrev</name>
         <load_address>0x1395</load_address>
         <run_address>0x1395</run_address>
         <size>0x58</size>
         <input_file_ref idref="fl-d0"/>
      </object_component>
      <object_component id="oc-186">
         <name>.debug_abbrev</name>
         <load_address>0x13ed</load_address>
         <run_address>0x13ed</run_address>
         <size>0x71</size>
         <input_file_ref idref="fl-d0"/>
      </object_component>
      <object_component id="oc-1fa">
         <name>.debug_abbrev</name>
         <load_address>0x145e</load_address>
         <run_address>0x145e</run_address>
         <size>0x2e</size>
         <input_file_ref idref="fl-d1"/>
      </object_component>
      <object_component id="oc-1c8">
         <name>.debug_abbrev</name>
         <load_address>0x148c</load_address>
         <run_address>0x148c</run_address>
         <size>0x29</size>
         <input_file_ref idref="fl-d1"/>
      </object_component>
      <object_component id="oc-78">
         <name>.debug_abbrev</name>
         <load_address>0x14b5</load_address>
         <run_address>0x14b5</run_address>
         <size>0x29</size>
         <input_file_ref idref="fl-d2"/>
      </object_component>
      <object_component id="oc-d7">
         <name>.debug_abbrev</name>
         <load_address>0x14de</load_address>
         <run_address>0x14de</run_address>
         <size>0x55</size>
         <input_file_ref idref="fl-d2"/>
      </object_component>
      <object_component id="oc-1c7">
         <name>.debug_abbrev</name>
         <load_address>0x1533</load_address>
         <run_address>0x1533</run_address>
         <size>0x38</size>
         <input_file_ref idref="fl-d3"/>
      </object_component>
      <object_component id="oc-b3">
         <name>.debug_abbrev</name>
         <load_address>0x156b</load_address>
         <run_address>0x156b</run_address>
         <size>0x3e</size>
         <input_file_ref idref="fl-d4"/>
      </object_component>
      <object_component id="oc-1e7">
         <name>.debug_abbrev</name>
         <load_address>0x15a9</load_address>
         <run_address>0x15a9</run_address>
         <size>0xc0</size>
         <input_file_ref idref="fl-d5"/>
      </object_component>
      <object_component id="oc-1b1">
         <name>.debug_abbrev</name>
         <load_address>0x1669</load_address>
         <run_address>0x1669</run_address>
         <size>0x7e</size>
         <input_file_ref idref="fl-d5"/>
      </object_component>
      <object_component id="oc-1eb">
         <name>.debug_abbrev</name>
         <load_address>0x16e7</load_address>
         <run_address>0x16e7</run_address>
         <size>0x24</size>
         <input_file_ref idref="fl-d5"/>
      </object_component>
      <object_component id="oc-203">
         <name>.debug_abbrev</name>
         <load_address>0x170b</load_address>
         <run_address>0x170b</run_address>
         <size>0x24</size>
         <input_file_ref idref="fl-d5"/>
      </object_component>
      <object_component id="oc-1f0">
         <name>.debug_abbrev</name>
         <load_address>0x172f</load_address>
         <run_address>0x172f</run_address>
         <size>0x24</size>
         <input_file_ref idref="fl-d5"/>
      </object_component>
      <object_component id="oc-1f5">
         <name>.debug_abbrev</name>
         <load_address>0x1753</load_address>
         <run_address>0x1753</run_address>
         <size>0x4b</size>
         <input_file_ref idref="fl-d5"/>
      </object_component>
      <object_component id="oc-12a">
         <name>.debug_abbrev</name>
         <load_address>0x179e</load_address>
         <run_address>0x179e</run_address>
         <size>0x55</size>
         <input_file_ref idref="fl-d6"/>
      </object_component>
      <object_component id="oc-1a7">
         <name>.debug_abbrev</name>
         <load_address>0x17f3</load_address>
         <run_address>0x17f3</run_address>
         <size>0x45</size>
         <input_file_ref idref="fl-d8"/>
      </object_component>
      <object_component id="oc-23e">
         <name>.debug_abbrev</name>
         <load_address>0x1838</load_address>
         <run_address>0x1838</run_address>
         <size>0xf</size>
      </object_component>
      <object_component id="oc-ac">
         <name>.debug_str</name>
         <load_address>0x0</load_address>
         <run_address>0x0</run_address>
         <size>0x2a5</size>
         <input_file_ref idref="fl-2"/>
      </object_component>
      <object_component id="oc-47">
         <name>.debug_str</name>
         <load_address>0x2a5</load_address>
         <run_address>0x2a5</run_address>
         <size>0xfd</size>
         <input_file_ref idref="fl-2"/>
      </object_component>
      <object_component id="oc-f9">
         <name>.debug_str</name>
         <load_address>0x3a2</load_address>
         <run_address>0x3a2</run_address>
         <size>0x33b</size>
         <input_file_ref idref="fl-2"/>
      </object_component>
      <object_component id="oc-8c">
         <name>.debug_str</name>
         <load_address>0x6dd</load_address>
         <run_address>0x6dd</run_address>
         <size>0x13d</size>
         <input_file_ref idref="fl-2"/>
      </object_component>
      <object_component id="oc-18e">
         <name>.debug_str</name>
         <load_address>0x81a</load_address>
         <run_address>0x81a</run_address>
         <size>0xef</size>
         <input_file_ref idref="fl-4"/>
      </object_component>
      <object_component id="oc-1d2">
         <name>.debug_str</name>
         <load_address>0x909</load_address>
         <run_address>0x909</run_address>
         <size>0xc1</size>
         <input_file_ref idref="fl-5"/>
      </object_component>
      <object_component id="oc-a0">
         <name>.debug_str</name>
         <load_address>0x9ca</load_address>
         <run_address>0x9ca</run_address>
         <size>0xfd</size>
         <input_file_ref idref="fl-5"/>
      </object_component>
      <object_component id="oc-117">
         <name>.debug_str</name>
         <load_address>0xac7</load_address>
         <run_address>0xac7</run_address>
         <size>0xb1</size>
         <input_file_ref idref="fl-6"/>
      </object_component>
      <object_component id="oc-a5">
         <name>.debug_str</name>
         <load_address>0xb78</load_address>
         <run_address>0xb78</run_address>
         <size>0x98</size>
         <input_file_ref idref="fl-6"/>
      </object_component>
      <object_component id="oc-100">
         <name>.debug_str</name>
         <load_address>0xc10</load_address>
         <run_address>0xc10</run_address>
         <size>0x126</size>
         <input_file_ref idref="fl-6"/>
      </object_component>
      <object_component id="oc-c0">
         <name>.debug_str</name>
         <load_address>0xd36</load_address>
         <run_address>0xd36</run_address>
         <size>0x105</size>
         <input_file_ref idref="fl-cd"/>
      </object_component>
      <object_component id="oc-126">
         <name>.debug_str</name>
         <load_address>0xe3b</load_address>
         <run_address>0xe3b</run_address>
         <size>0x140</size>
         <input_file_ref idref="fl-cd"/>
      </object_component>
      <object_component id="oc-52">
         <name>.debug_str</name>
         <load_address>0xf7b</load_address>
         <run_address>0xf7b</run_address>
         <size>0x10b</size>
         <input_file_ref idref="fl-ce"/>
      </object_component>
      <object_component id="oc-b8">
         <name>.debug_str</name>
         <load_address>0x1086</load_address>
         <run_address>0x1086</run_address>
         <size>0x140</size>
         <input_file_ref idref="fl-ce"/>
      </object_component>
      <object_component id="oc-42">
         <name>.debug_str</name>
         <load_address>0x11c6</load_address>
         <run_address>0x11c6</run_address>
         <size>0x118</size>
         <input_file_ref idref="fl-cf"/>
      </object_component>
      <object_component id="oc-11f">
         <name>.debug_str</name>
         <load_address>0x12de</load_address>
         <run_address>0x12de</run_address>
         <size>0x16b</size>
         <input_file_ref idref="fl-cf"/>
      </object_component>
      <object_component id="oc-b1">
         <name>.debug_str</name>
         <load_address>0x1449</load_address>
         <run_address>0x1449</run_address>
         <size>0x158</size>
         <input_file_ref idref="fl-cf"/>
      </object_component>
      <object_component id="oc-1ed">
         <name>.debug_str</name>
         <load_address>0x15a1</load_address>
         <run_address>0x15a1</run_address>
         <size>0xed</size>
         <input_file_ref idref="fl-d5"/>
      </object_component>
      <object_component id="oc-205">
         <name>.debug_str</name>
         <load_address>0x168e</load_address>
         <run_address>0x168e</run_address>
         <size>0x157</size>
         <input_file_ref idref="fl-d5"/>
      </object_component>
      <object_component id="oc-1f2">
         <name>.debug_str</name>
         <load_address>0x17e5</load_address>
         <run_address>0x17e5</run_address>
         <size>0x150</size>
         <input_file_ref idref="fl-d5"/>
      </object_component>
      <object_component id="oc-1f7">
         <name>.debug_str</name>
         <load_address>0x1935</load_address>
         <run_address>0x1935</run_address>
         <size>0x197</size>
         <input_file_ref idref="fl-d5"/>
      </object_component>
      <object_component id="oc-12d">
         <name>.debug_aranges</name>
         <load_address>0x0</load_address>
         <run_address>0x0</run_address>
         <size>0x20</size>
         <input_file_ref idref="fl-2"/>
      </object_component>
      <object_component id="oc-83">
         <name>.debug_aranges</name>
         <load_address>0x20</load_address>
[...]
         <object_component_ref idref="oc-198"/>
      </symbol>
      <symbol id="sm-125">
         <name>getPinValue</name>
         <value>0x1257</value>
         <object_component_ref idref="oc-198"/>
      </symbol>
      <symbol id="sm-126">
         <name>enablePinPulldown</name>
         <value>0xed9</value>
         <object_component_ref idref="oc-198"/>
      </symbol>
      <symbol id="sm-127">
         <name>disablePinPullup</name>
         <value>0xeb5</value>
         <object_component_ref idref="oc-198"/>
      </symbol>
      <symbol id="sm-128">
         <name>selectPinDigitalInput</name>
         <value>0xd6d</value>
         <object_component_ref idref="oc-198"/>
      </symbol>
      <symbol id="sm-129">
         <name>selectPinInterruptRisingEdge</name>
         <value>0x1037</value>
         <object_component_ref idref="oc-198"/>
      </symbol>
      <symbol id="sm-12a">
         <name>setPinValue</name>
         <value>0x120d</value>
         <object_component_ref idref="oc-198"/>
      </symbol>
      <symbol id="sm-1d4">
         <name>mutexes</name>
         <value>0x20000374</value>
      </symbol>
      <symbol id="sm-1d5">
         <name>semaphores</name>
         <value>0x20000360</value>
      </symbol>
      <symbol id="sm-1d6">
         <name>tcb</name>
         <value>0x20000000</value>
      </symbol>
      <symbol id="sm-1d7">
         <name>priorityInheritance</name>
         <value>0x20000584</value>
         <object_component_ref idref="oc-97"/>
      </symbol>
      <symbol id="sm-1d8">
         <name>initRtos</name>
         <value>0x2f3</value>
         <object_component_ref idref="oc-34"/>
      </symbol>
      <symbol id="sm-1d9">
         <name>dequeue</name>
         <value>0x849</value>
         <object_component_ref idref="oc-34"/>
      </symbol>
      <symbol id="sm-1da">
         <name>initSemaphore</name>
         <value>0x2b5</value>
         <object_component_ref idref="oc-34"/>
      </symbol>
      <symbol id="sm-1db">
         <name>pop_from_stack</name>
         <value>0x46d</value>
         <object_component_ref idref="oc-34"/>
      </symbol>
      <symbol id="sm-1dc">
         <name>pendsvIsr</name>
         <value>0x7af</value>
         <object_component_ref idref="oc-34"/>
      </symbol>
      <symbol id="sm-1dd">
         <name>initMutex</name>
         <value>0x26d</value>
         <object_component_ref idref="oc-34"/>
      </symbol>
      <symbol id="sm-1de">
         <name>rtosScheduler</name>
         <value>0x353</value>
         <object_component_ref idref="oc-34"/>
      </symbol>
      <symbol id="sm-1df">
         <name>taskCount</name>
         <value>0x20000581</value>
         <object_component_ref idref="oc-97"/>
      </symbol>
      <symbol id="sm-1e0">
         <name>stopThread</name>
         <value>0x6cf</value>
         <object_component_ref idref="oc-34"/>
      </symbol>
      <symbol id="sm-1e1">
         <name>preemption</name>
         <value>0x20000585</value>
         <object_component_ref idref="oc-97"/>
      </symbol>
      <symbol id="sm-1e2">
         <name>unlock</name>
         <value>0x70b</value>
         <object_component_ref idref="oc-34"/>
      </symbol>
      <symbol id="sm-1e3">
         <name>restartThread</name>
         <value>0x6c5</value>
         <object_component_ref idref="oc-34"/>
      </symbol>
      <symbol id="sm-1e4">
         <name>wait</name>
         <value>0x719</value>
         <object_component_ref idref="oc-34"/>
      </symbol>
      <symbol id="sm-1e5">
         <name>svCallIsr</name>
         <value>0x8a1</value>
         <object_component_ref idref="oc-34"/>
      </symbol>
      <symbol id="sm-1e6">
         <name>taskCurrent</name>
         <value>0x20000580</value>
         <object_component_ref idref="oc-97"/>
      </symbol>
      <symbol id="sm-1e7">
         <name>firstTask</name>
         <value>0x20000582</value>
         <object_component_ref idref="oc-97"/>
      </symbol>
      <symbol id="sm-1e8">
         <name>push_to_stack</name>
         <value>0x451</value>
         <object_component_ref idref="oc-34"/>
      </symbol>
      <symbol id="sm-1e9">
         <name>post</name>
         <value>0x727</value>
         <object_component_ref idref="oc-34"/>
      </symbol>
      <symbol id="sm-1ea">
         <name>startRtos</name>
         <value>0x43b</value>
         <object_component_ref idref="oc-34"/>
      </symbol>
      <symbol id="sm-1eb">
         <name>sysTickIsr</name>
         <value>0x739</value>
         <object_component_ref idref="oc-34"/>
      </symbol>
      <symbol id="sm-1ec">
         <name>setThreadPriority</name>
         <value>0x6d9</value>
         <object_component_ref idref="oc-34"/>
      </symbol>
      <symbol id="sm-1ed">
         <name>priorityScheduler</name>
         <value>0x20000583</value>
         <object_component_ref idref="oc-97"/>
      </symbol>
      <symbol id="sm-1ee">
         <name>createThread</name>
         <value>0x539</value>
         <object_component_ref idref="oc-34"/>
      </symbol>
      <symbol id="sm-1ef">
         <name>yield</name>
         <value>0x6e7</value>
         <object_component_ref idref="oc-34"/>
      </symbol>
      <symbol id="sm-1f0">
         <name>populateInitialStack</name>
         <value>0x48f</value>
         <object_component_ref idref="oc-34"/>
      </symbol>
      <symbol id="sm-1f1">
         <name>lock</name>
         <value>0x6fd</value>
         <object_component_ref idref="oc-34"/>
      </symbol>
      <symbol id="sm-1f2">
         <name>sleep</name>
         <value>0x6eb</value>
         <object_component_ref idref="oc-34"/>
      </symbol>
      <symbol id="sm-253">
         <name>inUse</name>
         <value>0x2000036c</value>
      </symbol>
      <symbol id="sm-254">
         <name>allocTable</name>
         <value>0x200002a0</value>
      </symbol>
      <symbol id="sm-255">
         <name>calcSubregionAddr</name>
         <value>0x1a19</value>
         <object_component_ref idref="oc-91"/>
      </symbol>
      <symbol id="sm-256">
         <name>getSubregionFromAddr</name>
         <value>0x1a3f</value>
         <object_component_ref idref="oc-91"/>
      </symbol>
      <symbol id="sm-257">
         <name>setupSramAccess</name>
         <value>0x1df5</value>
         <object_component_ref idref="oc-91"/>
      </symbol>
      <symbol id="sm-258">
         <name>createNoSramAccessMask</name>
         <value>0x1ea3</value>
         <object_component_ref idref="oc-91"/>
      </symbol>
      <symbol id="sm-259">
         <name>initMpu</name>
         <value>0x1d79</value>
         <object_component_ref idref="oc-91"/>
      </symbol>
      <symbol id="sm-25a">
         <name>push_entry</name>
         <value>0x1a93</value>
         <object_component_ref idref="oc-91"/>
      </symbol>
      <symbol id="sm-25b">
         <name>allowFlashAccess</name>
         <value>0x1d9d</value>
         <object_component_ref idref="oc-91"/>
      </symbol>
      <symbol id="sm-25c">
         <name>malloc_from_heap</name>
         <value>0x1b61</value>
         <object_component_ref idref="oc-91"/>
      </symbol>
      <symbol id="sm-25d">
         <name>addSramAccessWindow</name>
         <value>0x1f0f</value>
         <object_component_ref idref="oc-91"/>
      </symbol>
      <symbol id="sm-25e">
         <name>free_to_heap</name>
         <value>0x1ce1</value>
         <object_component_ref idref="oc-91"/>
      </symbol>
      <symbol id="sm-25f">
         <name>n_allocs</name>
         <value>0x20000588</value>
         <object_component_ref idref="oc-101"/>
      </symbol>
      <symbol id="sm-260">
         <name>allowPeripheralAccess</name>
         <value>0x1dc5</value>
         <object_component_ref idref="oc-91"/>
      </symbol>
      <symbol id="sm-261">
         <name>initEntry</name>
         <value>0x1a71</value>
         <object_component_ref idref="oc-91"/>
      </symbol>
      <symbol id="sm-262">
         <name>delete_entry</name>
         <value>0x1ac5</value>
         <object_component_ref idref="oc-91"/>
      </symbol>
      <symbol id="sm-263">
         <name>log2</name>
         <value>0x1d51</value>
         <object_component_ref idref="oc-91"/>
      </symbol>
      <symbol id="sm-264">
         <name>applySramAccessMask</name>
         <value>0x1eb9</value>
         <object_component_ref idref="oc-91"/>
      </symbol>
      <symbol id="sm-28c">
         <name>main</name>
         <value>0x2a21</value>
         <object_component_ref idref="oc-ce"/>
      </symbol>
      <symbol id="sm-2d2">
         <name>pidof</name>
         <value>0x279f</value>
         <object_component_ref idref="oc-137"/>
      </symbol>
      <symbol id="sm-2d3">
         <name>ipcs</name>
         <value>0x271b</value>
         <object_component_ref idref="oc-137"/>
      </symbol>
      <symbol id="sm-2d4">
         <name>rebootDevice</name>
         <value>0x270d</value>
         <object_component_ref idref="oc-137"/>
      </symbol>
      <symbol id="sm-2d5">
         <name>ps</name>
         <value>0x2711</value>
         <object_component_ref idref="oc-137"/>
      </symbol>
      <symbol id="sm-2d6">
         <name>pi</name>
         <value>0x2751</value>
         <object_component_ref idref="oc-137"/>
      </symbol>
      <symbol id="sm-2d7">
         <name>shell</name>
         <value>0x27a9</value>
         <object_component_ref idref="oc-137"/>
      </symbol>
      <symbol id="sm-2d8">
         <name>kill</name>
         <value>0x2725</value>
         <object_component_ref idref="oc-137"/>
      </symbol>
      <symbol id="sm-2d9">
         <name>pkill</name>
         <value>0x2743</value>
         <object_component_ref idref="oc-137"/>
      </symbol>
      <symbol id="sm-2da">
         <name>preempt</name>
         <value>0x276b</value>
         <object_component_ref idref="oc-137"/>
      </symbol>
      <symbol id="sm-2db">
         <name>sched</name>
         <value>0x2785</value>
         <object_component_ref idref="oc-137"/>
      </symbol>
      <symbol id="sm-322">
         <name>initHw</name>
         <value>0x1fa9</value>
         <object_component_ref idref="oc-131"/>
      </symbol>
      <symbol id="sm-323">
         <name>flash4Hz</name>
         <value>0x213b</value>
         <object_component_ref idref="oc-131"/>
      </symbol>
      <symbol id="sm-324">
         <name>idle</name>
         <value>0x2117</value>
         <object_component_ref idref="oc-131"/>
      </symbol>
      <symbol id="sm-325">
         <name>readKeys</name>
         <value>0x2221</value>
         <object_component_ref idref="oc-131"/>
      </symbol>
      <symbol id="sm-326">
         <name>debounce</name>
         <value>0x22e9</value>
         <object_component_ref idref="oc-131"/>
      </symbol>
      <symbol id="sm-327">
         <name>partOfLengthyFn</name>
         <value>0x218f</value>
         <object_component_ref idref="oc-131"/>
      </symbol>
      <symbol id="sm-328">
         <name>oneshot</name>
         <value>0x2169</value>
         <object_component_ref idref="oc-131"/>
      </symbol>
      <symbol id="sm-329">
         <name>readPbs</name>
         <value>0x20b9</value>
         <object_component_ref idref="oc-131"/>
      </symbol>
      <symbol id="sm-32a">
         <name>errant</name>
         <value>0x233b</value>
         <object_component_ref idref="oc-131"/>
      </symbol>
      <symbol id="sm-32b">
         <name>uncooperative</name>
         <value>0x232b</value>
         <object_component_ref idref="oc-131"/>
      </symbol>
      <symbol id="sm-32c">
         <name>important</name>
         <value>0x2359</value>
         <object_component_ref idref="oc-131"/>
      </symbol>
      <symbol id="sm-32d">
         <name>lengthyFn</name>
         <value>0x219f</value>
         <object_component_ref idref="oc-131"/>
      </symbol>
      <symbol id="sm-346">
         <name>ResetISR</name>
         <value>0x2fff</value>
         <object_component_ref idref="oc-28"/>
      </symbol>
      <symbol id="sm-347">
         <name>g_pfnVectors</name>
         <value>0x0</value>
         <object_component_ref idref="oc-13"/>
      </symbol>
      <symbol id="sm-3bd">
         <name>getcUart0</name>
         <value>0x16c9</value>
         <object_component_ref idref="oc-7b"/>
      </symbol>
      <symbol id="sm-3be">
         <name>isCommand</name>
         <value>0x1971</value>
         <object_component_ref idref="oc-7b"/>
      </symbol>
      <symbol id="sm-3bf">
         <name>getFieldString</name>
         <value>0x1903</value>
         <object_component_ref idref="oc-7b"/>
      </symbol>
      <symbol id="sm-3c0">
         <name>parseFields</name>
         <value>0x180d</value>
         <object_component_ref idref="oc-7b"/>
      </symbol>
      <symbol id="sm-3c1">
         <name>str_equal</name>
         <value>0x178b</value>
         <object_component_ref idref="oc-7b"/>
      </symbol>
      <symbol id="sm-3c2">
         <name>kbhitUart0</name>
         <value>0x19fb</value>
         <object_component_ref idref="oc-7b"/>
      </symbol>
      <symbol id="sm-3c3">
         <name>getFieldInteger</name>
         <value>0x1933</value>
         <object_component_ref idref="oc-7b"/>
      </symbol>
      <symbol id="sm-3c4">
         <name>setUart0BaudRate</name>
         <value>0x1411</value>
         <object_component_ref idref="oc-7b"/>
      </symbol>
      <symbol id="sm-3c5">
         <name>fput1hUart0</name>
         <value>0x164d</value>
         <object_component_ref idref="oc-7b"/>
      </symbol>
      <symbol id="sm-3c6">
         <name>fput1dUart0</name>
         <value>0x15d7</value>
         <object_component_ref idref="oc-7b"/>
      </symbol>
      <symbol id="sm-3c7">
         <name>fput1sUart0</name>
         <value>0x1589</value>
         <object_component_ref idref="oc-7b"/>
      </symbol>
      <symbol id="sm-3c8">
         <name>putsUart0</name>
         <value>0x1471</value>
         <object_component_ref idref="oc-7b"/>
      </symbol>
      <symbol id="sm-3c9">
         <name>initUart0</name>
         <value>0x139d</value>
         <object_component_ref idref="oc-7b"/>
      </symbol>
      <symbol id="sm-3ca">
         <name>putcUart0</name>
         <value>0x1455</value>
         <object_component_ref idref="oc-7b"/>
      </symbol>
      <symbol id="sm-3cb">
         <name>tostring</name>
         <value>0x149d</value>
         <object_component_ref idref="oc-7b"/>
      </symbol>
      <symbol id="sm-3cc">
         <name>str_length</name>
         <value>0x1769</value>
         <object_component_ref idref="oc-7b"/>
      </symbol>
      <symbol id="sm-3cd">
         <name>str_copy</name>
         <value>0x17d5</value>
         <object_component_ref idref="oc-7b"/>
      </symbol>
      <symbol id="sm-3ce">
         <name>getsUart0</name>
         <value>0x16e5</value>
         <object_component_ref idref="oc-7b"/>
      </symbol>
      <symbol id="sm-3dd">
         <name>waitMicrosecond</name>
         <value>0x2fad</value>
         <object_component_ref idref="oc-19e"/>
      </symbol>
      <symbol id="sm-3e6">
         <name>__aeabi_llsl</name>
         <value>0x2f55</value>
         <object_component_ref idref="oc-10d"/>
      </symbol>
      <symbol id="sm-3ef">
         <name>__aeabi_llsr</name>
         <value>0x2f73</value>
         <object_component_ref idref="oc-108"/>
      </symbol>
      <symbol id="sm-3f8">
         <name>__aeabi_lmul</name>
         <value>0x2fc9</value>
         <object_component_ref idref="oc-e0"/>
      </symbol>
      <symbol id="sm-407">
         <name>__aeabi_memset</name>
         <value>0x2db1</value>
         <object_component_ref idref="oc-c2"/>
      </symbol>
      <symbol id="sm-408">
         <name>memset</name>
         <value>0x2db7</value>
         <object_component_ref idref="oc-c2"/>
      </symbol>
      <symbol id="sm-409">
         <name>__aeabi_memset8</name>
         <value>0x2db1</value>
         <object_component_ref idref="oc-c2"/>
      </symbol>
      <symbol id="sm-40a">
         <name>__aeabi_memset4</name>
         <value>0x2db1</value>
         <object_component_ref idref="oc-c2"/>
      </symbol>
      <symbol id="sm-40b">
         <name>__aeabi_memclr8</name>
         <value>0x2daf</value>
         <object_component_ref idref="oc-c2"/>
      </symbol>
      <symbol id="sm-40c">
         <name>__aeabi_memclr4</name>
         <value>0x2daf</value>
         <object_component_ref idref="oc-c2"/>
      </symbol>
      <symbol id="sm-40d">
         <name>__aeabi_memclr</name>
         <value>0x2daf</value>
         <object_component_ref idref="oc-c2"/>
      </symbol>
      <symbol id="sm-41a">
         <name>__aeabi_uldivmod</name>
         <value>0x2d19</value>
         <object_component_ref idref="oc-e5"/>
      </symbol>
      <symbol id="sm-433">
         <name>__TI_zero_init_nomemset</name>
         <value>0x2f91</value>
         <object_component_ref idref="oc-54"/>
      </symbol>
      <symbol id="sm-44a">
         <name>__TI_decompress_none</name>
         <value>0x2ff1</value>
         <object_component_ref idref="oc-1c"/>
      </symbol>
      <symbol id="sm-46d">
         <name>__TI_decompress_lzss</name>
         <value>0x2e29</value>
         <object_component_ref idref="oc-16"/>
      </symbol>
      <symbol id="sm-483">
         <name>atoi</name>
         <value>0x2e91</value>
         <object_component_ref idref="oc-ea"/>
      </symbol>
      <symbol id="sm-48e">
         <name>_ctypes_</name>
         <value>0x3010</value>
         <object_component_ref idref="oc-183"/>
      </symbol>
      <symbol id="sm-4a1">
         <name>__stack</name>
         <value>0x20000380</value>
         <object_component_ref idref="oc-25"/>
      </symbol>
      <symbol id="sm-4a2">
         <name>_c_int00_noargs</name>
         <value>0x2f21</value>
         <object_component_ref idref="oc-66"/>
      </symbol>
      <symbol id="sm-4ac">
         <name>__aeabi_idiv0</name>
         <value>0x2a1f</value>
         <object_component_ref idref="oc-17d"/>
      </symbol>
      <symbol id="sm-4ad">
         <name>__aeabi_ldiv0</name>
         <value>0x2a1f</value>
         <object_component_ref idref="oc-17d"/>
      </symbol>
      <symbol id="sm-4c8">
         <name>memcpy</name>
         <value>0x2c7d</value>
         <object_component_ref idref="oc-48"/>
      </symbol>
      <symbol id="sm-4c9">
         <name>__aeabi_memcpy</name>
         <value>0x2c7d</value>
         <object_component_ref idref="oc-48"/>
      </symbol>
      <symbol id="sm-4ca">
         <name>__aeabi_memcpy8</name>
         <value>0x2c7d</value>
         <object_component_ref idref="oc-48"/>
      </symbol>
      <symbol id="sm-4cb">
         <name>__aeabi_memcpy4</name>
         <value>0x2c7d</value>
         <object_component_ref idref="oc-48"/>
      </symbol>
      <symbol id="sm-4f3">
         <name>__TI_auto_init_nobinit_nopinit</name>
         <value>0x2edd</value>
         <object_component_ref idref="oc-14a"/>
      </symbol>
      <symbol id="sm-4fd">
         <name>_system_pre_init</name>
         <value>0x3009</value>
         <object_component_ref idref="oc-c8"/>
      </symbol>
      <symbol id="sm-509">
         <name>C$$EXIT</name>
         <value>0x300d</value>
         <object_component_ref idref="oc-13e"/>
      </symbol>
      <symbol id="sm-50a">
         <name>abort</name>
         <value>0x300d</value>
         <object_component_ref idref="oc-13e"/>
      </symbol>
      <symbol id="sm-50d">
         <name>__TI_static_base__</name>
         <value>0x0</value>
      </symbol>
      <symbol id="sm-510">
         <name>__mpu_init</name>
         <value>0x0</value>
      </symbol>
      <symbol id="sm-511">
         <name>_system_post_cinit</name>
         <value>0x0</value>
      </symbol>
   </symbol_table>
   <title>Link successful</title>
</link_info>
