<?xml version="1.0" encoding="ISO-8859-1" ?>
<link_info>
   <banner>TI ARM Linker PC v20.2.7.LTS</banner>
   <copyright>Copyright (c) 1996-2018 Texas Instruments Incorporated</copyright>
   <link_time>0x674160d9</link_time>
   <link_errors>0x0</link_errors>
   <output_file>RTOSProject.out</output_file>
   <entry_point>
      <name>_c_int00_noargs</name>
      <address>0x2f85</address>
   </entry_point>
   <input_file_list>
      <input_file id="fl-2">
         <path>.\</path>
         <kind>object</kind>
         <file>clock.obj</file>
         <name>clock.obj</name>
      </input_file>
      <input_file id="fl-3">
         <path>.\</path>
         <kind>object</kind>
         <file>ctrl.obj</file>
         <name>ctrl.obj</name>
      </input_file>
      <input_file id="fl-4">
         <path>.\</path>
         <kind>object</kind>
         <file>faults.obj</file>
         <name>faults.obj</name>
      </input_file>
      <input_file id="fl-5">
         <path>.\</path>
         <kind>object</kind>
         <file>gpio.obj</file>
         <name>gpio.obj</name>
      </input_file>
      <input_file id="fl-6">
         <path>.\</path>
         <kind>object</kind>
         <file>kernel.obj</file>
         <name>kernel.obj</name>
      </input_file>
      <input_file id="fl-7">
         <path>.\</path>
         <kind>object</kind>
         <file>mm.obj</file>
         <name>mm.obj</name>
      </input_file>
      <input_file id="fl-8">
         <path>.\</path>
         <kind>object</kind>
         <file>nvic.obj</file>
         <name>nvic.obj</name>
      </input_file>
      <input_file id="fl-9">
         <path>.\</path>
         <kind>object</kind>
         <file>rtos.obj</file>
         <name>rtos.obj</name>
      </input_file>
      <input_file id="fl-a">
         <path>.\</path>
         <kind>object</kind>
         <file>shell.obj</file>
         <name>shell.obj</name>
      </input_file>
      <input_file id="fl-b">
         <path>.\</path>
         <kind>object</kind>
         <file>tasks.obj</file>
         <name>tasks.obj</name>
      </input_file>
      <input_file id="fl-c">
         <path>.\</path>
         <kind>object</kind>
         <file>tm4c123gh6pm_startup_ccs.obj</file>
         <name>tm4c123gh6pm_startup_ccs.obj</name>
      </input_file>
      <input_file id="fl-d">
         <path>.\</path>
         <kind>object</kind>
         <file>uart0.obj</file>
         <name>uart0.obj</name>
      </input_file>
      <input_file id="fl-e">
         <path>.\</path>
         <kind>object</kind>
         <file>wait.obj</file>
         <name>wait.obj</name>
      </input_file>
      <input_file id="fl-12">
         <kind>object</kind>
         <file>&lt;internal&gt;</file>
         <name>&lt;internal&gt;</name>
      </input_file>
      <input_file id="fl-c8">
         <path>C:\ti\ccs1240\ccs\tools\compiler\ti-cgt-arm_20.2.7.LTS\lib\</path>
         <kind>archive</kind>
         <file>rtsv7M4_T_le_v4SPD16_eabi.lib</file>
         <name>ll_lsl_t2.asm.obj</name>
      </input_file>
      <input_file id="fl-c9">
         <path>C:\ti\ccs1240\ccs\tools\compiler\ti-cgt-arm_20.2.7.LTS\lib\</path>
         <kind>archive</kind>
         <file>rtsv7M4_T_le_v4SPD16_eabi.lib</file>
         <name>ll_lsr_t2.asm.obj</name>
      </input_file>
      <input_file id="fl-ca">
         <path>C:\ti\ccs1240\ccs\tools\compiler\ti-cgt-arm_20.2.7.LTS\lib\</path>
         <kind>archive</kind>
         <file>rtsv7M4_T_le_v4SPD16_eabi.lib</file>
         <name>ll_mul_t2.asm.obj</name>
      </input_file>
      <input_file id="fl-cb">
         <path>C:\ti\ccs1240\ccs\tools\compiler\ti-cgt-arm_20.2.7.LTS\lib\</path>
         <kind>archive</kind>
         <file>rtsv7M4_T_le_v4SPD16_eabi.lib</file>
         <name>memcpy_t2.asm.obj</name>
      </input_file>
      <input_file id="fl-cc">
         <path>C:\ti\ccs1240\ccs\tools\compiler\ti-cgt-arm_20.2.7.LTS\lib\</path>
         <kind>archive</kind>
         <file>rtsv7M4_T_le_v4SPD16_eabi.lib</file>
         <name>memset_t2.asm.obj</name>
      </input_file>
      <input_file id="fl-cd">
         <path>C:\ti\ccs1240\ccs\tools\compiler\ti-cgt-arm_20.2.7.LTS\lib\</path>
         <kind>archive</kind>
         <file>rtsv7M4_T_le_v4SPD16_eabi.lib</file>
         <name>ull_div_t2.asm.obj</name>
      </input_file>
      <input_file id="fl-ce">
         <path>C:\ti\ccs1240\ccs\tools\compiler\ti-cgt-arm_20.2.7.LTS\lib\</path>
         <kind>archive</kind>
         <file>rtsv7M4_T_le_v4SPD16_eabi.lib</file>
         <name>copy_zero_init.c.obj</name>
      </input_file>
      <input_file id="fl-cf">
         <path>C:\ti\ccs1240\ccs\tools\compiler\ti-cgt-arm_20.2.7.LTS\lib\</path>
         <kind>archive</kind>
         <file>rtsv7M4_T_le_v4SPD16_eabi.lib</file>
         <name>copy_decompress_none.c.obj</name>
      </input_file>
      <input_file id="fl-d0">
         <path>C:\ti\ccs1240\ccs\tools\compiler\ti-cgt-arm_20.2.7.LTS\lib\</path>
         <kind>archive</kind>
         <file>rtsv7M4_T_le_v4SPD16_eabi.lib</file>
         <name>copy_decompress_lzss.c.obj</name>
      </input_file>
      <input_file id="fl-d1">
         <path>C:\ti\ccs1240\ccs\tools\compiler\ti-cgt-arm_20.2.7.LTS\lib\</path>
         <kind>archive</kind>
         <file>rtsv7M4_T_le_v4SPD16_eabi.lib</file>
         <name>atoi.c.obj</name>
      </input_file>
      <input_file id="fl-d2">
         <path>C:\ti\ccs1240\ccs\tools\compiler\ti-cgt-arm_20.2.7.LTS\lib\</path>
         <kind>archive</kind>
         <file>rtsv7M4_T_le_v4SPD16_eabi.lib</file>
         <name>ctype.c.obj</name>
      </input_file>
      <input_file id="fl-d3">
         <path>C:\ti\ccs1240\ccs\tools\compiler\ti-cgt-arm_20.2.7.LTS\lib\</path>
         <kind>archive</kind>
         <file>rtsv7M4_T_le_v4SPD16_eabi.lib</file>
         <name>boot_cortex_m.c.obj</name>
      </input_file>
      <input_file id="fl-d4">
         <path>C:\ti\ccs1240\ccs\tools\compiler\ti-cgt-arm_20.2.7.LTS\lib\</path>
         <kind>archive</kind>
         <file>rtsv7M4_T_le_v4SPD16_eabi.lib</file>
         <name>div0.asm.obj</name>
      </input_file>
      <input_file id="fl-d5">
         <path>C:\ti\ccs1240\ccs\tools\compiler\ti-cgt-arm_20.2.7.LTS\lib\</path>
         <kind>archive</kind>
         <file>rtsv7M4_T_le_v4SPD16_eabi.lib</file>
         <name>autoinit.c.obj</name>
      </input_file>
      <input_file id="fl-d6">
         <path>C:\ti\ccs1240\ccs\tools\compiler\ti-cgt-arm_20.2.7.LTS\lib\</path>
         <kind>archive</kind>
         <file>rtsv7M4_T_le_v4SPD16_eabi.lib</file>
         <name>pre_init.c.obj</name>
      </input_file>
      <input_file id="fl-d7">
         <path>C:\ti\ccs1240\ccs\tools\compiler\ti-cgt-arm_20.2.7.LTS\lib\</path>
         <kind>archive</kind>
         <file>rtsv7M4_T_le_v4SPD16_eabi.lib</file>
         <name>cpy_tbl.c.obj</name>
      </input_file>
      <input_file id="fl-d8">
         <path>C:\ti\ccs1240\ccs\tools\compiler\ti-cgt-arm_20.2.7.LTS\lib\</path>
         <kind>archive</kind>
         <file>rtsv7M4_T_le_v4SPD16_eabi.lib</file>
         <name>exit.c.obj</name>
      </input_file>
      <input_file id="fl-d9">
         <path>C:\ti\ccs1240\ccs\tools\compiler\ti-cgt-arm_20.2.7.LTS\lib\</path>
         <kind>archive</kind>
         <file>rtsv7M4_T_le_v4SPD16_eabi.lib</file>
         <name>_lock.c.obj</name>
      </input_file>
      <input_file id="fl-da">
         <path>C:\ti\ccs1240\ccs\tools\compiler\ti-cgt-arm_20.2.7.LTS\lib\</path>
         <kind>archive</kind>
         <file>rtsv7M4_T_le_v4SPD16_eabi.lib</file>
         <name>args_main.c.obj</name>
      </input_file>
   </input_file_list>
   <object_component_list>
      <object_component id="oc-13">
         <name>.intvecs</name>
         <load_address>0x0</load_address>
         <run_address>0x0</run_address>
         <size>0x26c</size>
         <input_file_ref idref="fl-c"/>
      </object_component>
      <object_component id="oc-34">
         <name>.text</name>
         <load_address>0x26c</load_address>
         <run_address>0x26c</run_address>
         <size>0xb0c</size>
         <input_file_ref idref="fl-6"/>
      </object_component>
      <object_component id="oc-169">
         <name>.text</name>
         <load_address>0xd78</load_address>
         <run_address>0xd78</run_address>
         <size>0x91c</size>
         <input_file_ref idref="fl-a"/>
      </object_component>
      <object_component id="oc-81">
         <name>.text</name>
         <load_address>0x1694</load_address>
         <run_address>0x1694</run_address>
         <size>0x488</size>
         <input_file_ref idref="fl-d"/>
      </object_component>
      <object_component id="oc-3a">
         <name>.text</name>
         <load_address>0x1b1c</load_address>
         <run_address>0x1b1c</run_address>
         <size>0x408</size>
         <input_file_ref idref="fl-b"/>
      </object_component>
      <object_component id="oc-b7">
         <name>.text</name>
         <load_address>0x1f24</load_address>
         <run_address>0x1f24</run_address>
         <size>0x3e4</size>
         <input_file_ref idref="fl-5"/>
      </object_component>
      <object_component id="oc-94">
         <name>.text</name>
         <load_address>0x2308</load_address>
         <run_address>0x2308</run_address>
         <size>0x3c0</size>
         <input_file_ref idref="fl-7"/>
      </object_component>
      <object_component id="oc-2e">
         <name>.text</name>
         <load_address>0x26c8</load_address>
         <run_address>0x26c8</run_address>
         <size>0x370</size>
         <input_file_ref idref="fl-4"/>
      </object_component>
      <object_component id="oc-f7">
         <name>.text</name>
         <load_address>0x2a38</load_address>
         <run_address>0x2a38</run_address>
         <size>0x198</size>
         <input_file_ref idref="fl-9"/>
      </object_component>
      <object_component id="oc-87">
         <name>.text</name>
         <load_address>0x2bd0</load_address>
         <run_address>0x2bd0</run_address>
         <size>0xaa</size>
         <input_file_ref idref="fl-3"/>
      </object_component>
      <object_component id="oc-4e">
         <name>.text</name>
         <load_address>0x2c7a</load_address>
         <run_address>0x2c7a</run_address>
         <size>0x9c</size>
         <input_file_ref idref="fl-cb"/>
      </object_component>
      <object_component id="oc-10e">
         <name>.text</name>
         <load_address>0x2d16</load_address>
         <run_address>0x2d16</run_address>
         <size>0x96</size>
         <input_file_ref idref="fl-cd"/>
      </object_component>
      <object_component id="oc-eb">
         <name>.text</name>
         <load_address>0x2dac</load_address>
         <run_address>0x2dac</run_address>
         <size>0x7a</size>
         <input_file_ref idref="fl-cc"/>
      </object_component>
      <object_component id="oc-16">
         <name>.text:decompress:lzss:__TI_decompress_lzss</name>
         <load_address>0x2e26</load_address>
         <run_address>0x2e26</run_address>
         <size>0x68</size>
         <input_file_ref idref="fl-d0"/>
      </object_component>
      <object_component id="oc-1af">
         <name>.text</name>
         <load_address>0x2e8e</load_address>
         <run_address>0x2e8e</run_address>
         <size>0x2</size>
         <input_file_ref idref="fl-d4"/>
      </object_component>
      <object_component id="oc-c8">
         <name>.text</name>
         <load_address>0x2e90</load_address>
         <run_address>0x2e90</run_address>
         <size>0x64</size>
         <input_file_ref idref="fl-8"/>
      </object_component>
      <object_component id="oc-113">
         <name>.text:atoi</name>
         <load_address>0x2ef4</load_address>
         <run_address>0x2ef4</run_address>
         <size>0x4c</size>
         <input_file_ref idref="fl-d1"/>
      </object_component>
      <object_component id="oc-17c">
         <name>.text:__TI_auto_init_nobinit_nopinit:__TI_auto_init_nobinit_nopinit</name>
         <load_address>0x2f40</load_address>
         <run_address>0x2f40</run_address>
         <size>0x44</size>
         <input_file_ref idref="fl-d5"/>
      </object_component>
      <object_component id="oc-6c">
         <name>.text:_c_int00_noargs:_c_int00_noargs</name>
         <load_address>0x2f84</load_address>
         <run_address>0x2f84</run_address>
         <size>0x34</size>
         <input_file_ref idref="fl-d3"/>
      </object_component>
      <object_component id="oc-123">
         <name>.text</name>
         <load_address>0x2fb8</load_address>
         <run_address>0x2fb8</run_address>
         <size>0x1e</size>
         <input_file_ref idref="fl-c8"/>
      </object_component>
      <object_component id="oc-128">
         <name>.text</name>
         <load_address>0x2fd6</load_address>
         <run_address>0x2fd6</run_address>
         <size>0x1e</size>
         <input_file_ref idref="fl-c9"/>
      </object_component>
      <object_component id="oc-bd">
         <name>.text</name>
         <load_address>0x2ff4</load_address>
         <run_address>0x2ff4</run_address>
         <size>0x1c</size>
         <input_file_ref idref="fl-e"/>
      </object_component>
      <object_component id="oc-109">
         <name>.text</name>
         <load_address>0x3010</load_address>
         <run_address>0x3010</run_address>
         <size>0x18</size>
         <input_file_ref idref="fl-ca"/>
      </object_component>
      <object_component id="oc-c2">
         <name>.text</name>
         <load_address>0x3028</load_address>
         <run_address>0x3028</run_address>
         <size>0x10</size>
         <input_file_ref idref="fl-2"/>
      </object_component>
      <object_component id="oc-1c">
         <name>.text:decompress:none:__TI_decompress_none</name>
         <load_address>0x3038</load_address>
         <run_address>0x3038</run_address>
         <size>0xe</size>
         <input_file_ref idref="fl-cf"/>
      </object_component>
      <object_component id="oc-60">
         <name>.text:decompress:ZI:__TI_zero_init</name>
         <load_address>0x3046</load_address>
         <run_address>0x3046</run_address>
         <size>0xc</size>
         <input_file_ref idref="fl-ce"/>
      </object_component>
      <object_component id="oc-28">
         <name>.text</name>
         <load_address>0x3052</load_address>
         <run_address>0x3052</run_address>
         <size>0xa</size>
         <input_file_ref idref="fl-c"/>
      </object_component>
      <object_component id="oc-f1">
         <name>.text:_system_pre_init</name>
         <load_address>0x305c</load_address>
         <run_address>0x305c</run_address>
         <size>0x4</size>
         <input_file_ref idref="fl-d6"/>
      </object_component>
      <object_component id="oc-170">
         <name>.text:abort:abort</name>
         <load_address>0x3060</load_address>
         <run_address>0x3060</run_address>
         <size>0x4</size>
         <input_file_ref idref="fl-d8"/>
      </object_component>
      <object_component id="oc-1c6">
         <name>.const:$P$T0$1</name>
         <load_address>0x3064</load_address>
         <run_address>0x3064</run_address>
         <size>0x180</size>
         <input_file_ref idref="fl-a"/>
      </object_component>
      <object_component id="oc-1b5">
         <name>.const:.string:_ctypes_</name>
         <load_address>0x31e4</load_address>
         <run_address>0x31e4</run_address>
         <size>0x101</size>
         <input_file_ref idref="fl-d2"/>
      </object_component>
      <object_component id="oc-1c9">
         <name>.const:$P$T1$2</name>
         <load_address>0x32e5</load_address>
         <run_address>0x32e5</run_address>
         <size>0xd1</size>
         <input_file_ref idref="fl-a"/>
      </object_component>
      <object_component id="oc-255">
         <name>.cinit..data.load</name>
         <load_address>0x33b8</load_address>
         <run_address>0x33b8</run_address>
         <size>0x13</size>
      </object_component>
      <object_component id="oc-253">
         <name>__TI_handler_table</name>
         <load_address>0x33cc</load_address>
         <run_address>0x33cc</run_address>
         <size>0xc</size>
      </object_component>
      <object_component id="oc-256">
         <name>.cinit..bss.load</name>
         <load_address>0x33d8</load_address>
         <run_address>0x33d8</run_address>
         <size>0x8</size>
      </object_component>
      <object_component id="oc-254">
         <name>__TI_cinit_table</name>
         <load_address>0x33e0</load_address>
         <run_address>0x33e0</run_address>
         <size>0x10</size>
      </object_component>
      <object_component id="oc-9a">
         <name>.data</name>
         <load_address>0x20000650</load_address>
         <run_address>0x20000650</run_address>
         <size>0xe</size>
         <input_file_ref idref="fl-6"/>
      </object_component>
      <object_component id="oc-ab">
         <name>.data:currIdxPrio$2</name>
         <load_address>0x20000640</load_address>
         <run_address>0x20000640</run_address>
         <size>0x10</size>
         <input_file_ref idref="fl-6"/>
      </object_component>
      <object_component id="oc-12d">
         <name>.data</name>
         <load_address>0x20000660</load_address>
         <run_address>0x20000660</run_address>
         <size>0x4</size>
         <input_file_ref idref="fl-7"/>
      </object_component>
      <object_component id="oc-9d">
         <name>.common:mutexes</name>
         <uninitialized>true</uninitialized>
         <run_address>0x20000438</run_address>
         <size>0x8</size>
      </object_component>
      <object_component id="oc-a7">
         <name>.common:semaphores</name>
         <uninitialized>true</uninitialized>
         <run_address>0x20000420</run_address>
         <size>0xc</size>
      </object_component>
      <object_component id="oc-130">
         <name>.common:inUse</name>
         <uninitialized>true</uninitialized>
         <run_address>0x20000430</run_address>
         <size>0x8</size>
      </object_component>
      <object_component id="oc-a8">
         <name>.common:allocTable</name>
         <uninitialized>true</uninitialized>
         <run_address>0x20000360</run_address>
         <size>0xc0</size>
      </object_component>
      <object_component id="oc-a6">
         <name>.common:tcb</name>
         <uninitialized>true</uninitialized>
         <run_address>0x20000000</run_address>
         <size>0x360</size>
      </object_component>
      <object_component id="oc-25">
         <name>.stack</name>
         <uninitialized>true</uninitialized>
         <run_address>0x20000440</run_address>
         <size>0x4</size>
         <input_file_ref idref="fl-d3"/>
      </object_component>
      <object_component id="oc-258">
         <name>.stack</name>
         <uninitialized>true</uninitialized>
         <run_address>0x20000440</run_address>
         <size>0x0</size>
      </object_component>
      <object_component id="oc-158">
         <name>.debug_info</name>
         <load_address>0x0</load_address>
         <run_address>0x0</run_address>
         <size>0x253</size>
         <input_file_ref idref="fl-2"/>
      </object_component>
      <object_component id="oc-c6">
         <name>.debug_info</name>
         <load_address>0x253</load_address>
         <run_address>0x253</run_address>
         <size>0x110</size>
         <input_file_ref idref="fl-2"/>
      </object_component>
      <object_component id="oc-d1">
         <name>.debug_info</name>
         <load_address>0x363</load_address>
         <run_address>0x363</run_address>
         <size>0x26b</size>
         <input_file_ref idref="fl-2"/>
      </object_component>
      <object_component id="oc-49">
         <name>.debug_info</name>
         <load_address>0x5ce</load_address>
         <run_address>0x5ce</run_address>
         <size>0x84</size>
         <input_file_ref idref="fl-2"/>
      </object_component>
      <object_component id="oc-11c">
         <name>.debug_info</name>
         <load_address>0x652</load_address>
         <run_address>0x652</run_address>
         <size>0x2a4</size>
         <input_file_ref idref="fl-2"/>
      </object_component>
      <object_component id="oc-8d">
         <name>.debug_info</name>
         <load_address>0x8f6</load_address>
         <run_address>0x8f6</run_address>
         <size>0xbb</size>
         <input_file_ref idref="fl-2"/>
      </object_component>
      <object_component id="oc-88">
         <name>.debug_info</name>
         <load_address>0x9b1</load_address>
         <run_address>0x9b1</run_address>
         <size>0x114</size>
         <input_file_ref idref="fl-3"/>
      </object_component>
      <object_component id="oc-92">
         <name>.debug_info</name>
         <load_address>0xac5</load_address>
         <run_address>0xac5</run_address>
         <size>0x3f8</size>
         <input_file_ref idref="fl-4"/>
      </object_component>
      <object_component id="oc-30">
         <name>.debug_info</name>
         <load_address>0xebd</load_address>
         <run_address>0xebd</run_address>
         <size>0x5b5</size>
         <input_file_ref idref="fl-4"/>
      </object_component>
      <object_component id="oc-144">
         <name>.debug_info</name>
         <load_address>0x1472</load_address>
         <run_address>0x1472</run_address>
         <size>0x8a</size>
         <input_file_ref idref="fl-4"/>
      </object_component>
      <object_component id="oc-b2">
         <name>.debug_info</name>
         <load_address>0x14fc</load_address>
         <run_address>0x14fc</run_address>
         <size>0x8b</size>
         <input_file_ref idref="fl-4"/>
      </object_component>
      <object_component id="oc-ad">
         <name>.debug_info</name>
         <load_address>0x1587</load_address>
         <run_address>0x1587</run_address>
         <size>0x257</size>
         <input_file_ref idref="fl-4"/>
      </object_component>
      <object_component id="oc-153">
         <name>.debug_info</name>
         <load_address>0x17de</load_address>
         <run_address>0x17de</run_address>
         <size>0x2c5</size>
         <input_file_ref idref="fl-5"/>
      </object_component>
      <object_component id="oc-b8">
         <name>.debug_info</name>
         <load_address>0x1aa3</load_address>
         <run_address>0x1aa3</run_address>
         <size>0xf6b</size>
         <input_file_ref idref="fl-5"/>
      </object_component>
      <object_component id="oc-14b">
         <name>.debug_info</name>
         <load_address>0x2a0e</load_address>
         <run_address>0x2a0e</run_address>
         <size>0x88</size>
         <input_file_ref idref="fl-5"/>
      </object_component>
      <object_component id="oc-9e">
         <name>.debug_info</name>
         <load_address>0x2a96</load_address>
         <run_address>0x2a96</run_address>
         <size>0x625</size>
         <input_file_ref idref="fl-6"/>
      </object_component>
      <object_component id="oc-9b">
         <name>.debug_info</name>
         <load_address>0x30bb</load_address>
         <run_address>0x30bb</run_address>
         <size>0x1e4</size>
         <input_file_ref idref="fl-6"/>
      </object_component>
      <object_component id="oc-35">
         <name>.debug_info</name>
         <load_address>0x329f</load_address>
         <run_address>0x329f</run_address>
         <size>0x12dc</size>
         <input_file_ref idref="fl-6"/>
      </object_component>
      <object_component id="oc-132">
         <name>.debug_info</name>
         <load_address>0x457b</load_address>
         <run_address>0x457b</run_address>
         <size>0x86</size>
         <input_file_ref idref="fl-6"/>
      </object_component>
      <object_component id="oc-13b">
         <name>.debug_info</name>
         <load_address>0x4601</load_address>
         <run_address>0x4601</run_address>
         <size>0x152</size>
         <input_file_ref idref="fl-6"/>
      </object_component>
      <object_component id="oc-a9">
         <name>.debug_info</name>
         <load_address>0x4753</load_address>
         <run_address>0x4753</run_address>
         <size>0x324</size>
         <input_file_ref idref="fl-7"/>
      </object_component>
      <object_component id="oc-12e">
         <name>.debug_info</name>
         <load_address>0x4a77</load_address>
         <run_address>0x4a77</run_address>
         <size>0xc5</size>
         <input_file_ref idref="fl-7"/>
      </object_component>
      <object_component id="oc-95">
         <name>.debug_info</name>
         <load_address>0x4b3c</load_address>
         <run_address>0x4b3c</run_address>
         <size>0xa9a</size>
         <input_file_ref idref="fl-7"/>
      </object_component>
      <object_component id="oc-157">
         <name>.debug_info</name>
         <load_address>0x55d6</load_address>
         <run_address>0x55d6</run_address>
         <size>0x257</size>
         <input_file_ref idref="fl-8"/>
      </object_component>
      <object_component id="oc-cb">
         <name>.debug_info</name>
         <load_address>0x582d</load_address>
         <run_address>0x582d</run_address>
         <size>0x2bd</size>
         <input_file_ref idref="fl-8"/>
      </object_component>
      <object_component id="oc-a0">
         <name>.debug_info</name>
         <load_address>0x5aea</load_address>
         <run_address>0x5aea</run_address>
         <size>0x5ce</size>
         <input_file_ref idref="fl-9"/>
      </object_component>
      <object_component id="oc-f9">
         <name>.debug_info</name>
         <load_address>0x60b8</load_address>
         <run_address>0x60b8</run_address>
         <size>0x282</size>
         <input_file_ref idref="fl-9"/>
      </object_component>
      <object_component id="oc-a2">
         <name>.debug_info</name>
         <load_address>0x633a</load_address>
         <run_address>0x633a</run_address>
         <size>0x6fa</size>
         <input_file_ref idref="fl-a"/>
      </object_component>
      <object_component id="oc-1c7">
         <name>.debug_info</name>
         <load_address>0x6a34</load_address>
         <run_address>0x6a34</run_address>
         <size>0xc5</size>
         <input_file_ref idref="fl-a"/>
      </object_component>
      <object_component id="oc-1ca">
         <name>.debug_info</name>
         <load_address>0x6af9</load_address>
         <run_address>0x6af9</run_address>
         <size>0xc5</size>
         <input_file_ref idref="fl-a"/>
      </object_component>
      <object_component id="oc-16a">
         <name>.debug_info</name>
         <load_address>0x6bbe</load_address>
         <run_address>0x6bbe</run_address>
         <size>0xc74</size>
         <input_file_ref idref="fl-a"/>
      </object_component>
      <object_component id="oc-a4">
         <name>.debug_info</name>
         <load_address>0x7832</load_address>
         <run_address>0x7832</run_address>
         <size>0x75a</size>
         <input_file_ref idref="fl-b"/>
      </object_component>
      <object_component id="oc-3b">
         <name>.debug_info</name>
         <load_address>0x7f8c</load_address>
         <run_address>0x7f8c</run_address>
         <size>0xad6</size>
         <input_file_ref idref="fl-b"/>
      </object_component>
      <object_component id="oc-42">
         <name>.debug_info</name>
         <load_address>0x8a62</load_address>
         <run_address>0x8a62</run_address>
         <size>0x39e</size>
         <input_file_ref idref="fl-c"/>
      </object_component>
      <object_component id="oc-14">
         <name>.debug_info</name>
         <load_address>0x8e00</load_address>
         <run_address>0x8e00</run_address>
         <size>0xe3</size>
         <input_file_ref idref="fl-c"/>
      </object_component>
      <object_component id="oc-29">
         <name>.debug_info</name>
         <load_address>0x8ee3</load_address>
         <run_address>0x8ee3</run_address>
         <size>0x1fe</size>
         <input_file_ref idref="fl-c"/>
      </object_component>
      <object_component id="oc-11a">
         <name>.debug_info</name>
         <load_address>0x90e1</load_address>
         <run_address>0x90e1</run_address>
         <size>0x34a</size>
         <input_file_ref idref="fl-d"/>
      </object_component>
      <object_component id="oc-84">
         <name>.debug_info</name>
         <load_address>0x942b</load_address>
         <run_address>0x942b</run_address>
         <size>0xf0b</size>
         <input_file_ref idref="fl-d"/>
      </object_component>
      <object_component id="oc-c0">
         <name>.debug_info</name>
         <load_address>0xa336</load_address>
         <run_address>0xa336</run_address>
         <size>0xcc</size>
         <input_file_ref idref="fl-e"/>
      </object_component>
      <object_component id="oc-124">
         <name>.debug_info</name>
         <load_address>0xa402</load_address>
         <run_address>0xa402</run_address>
         <size>0x122</size>
         <input_file_ref idref="fl-c8"/>
      </object_component>
      <object_component id="oc-12b">
         <name>.debug_info</name>
         <load_address>0xa524</load_address>
         <run_address>0xa524</run_address>
         <size>0x122</size>
         <input_file_ref idref="fl-c9"/>
      </object_component>
      <object_component id="oc-10a">
         <name>.debug_info</name>
         <load_address>0xa646</load_address>
         <run_address>0xa646</run_address>
         <size>0x122</size>
         <input_file_ref idref="fl-ca"/>
      </object_component>
      <object_component id="oc-51">
         <name>.debug_info</name>
         <load_address>0xa768</load_address>
         <run_address>0xa768</run_address>
         <size>0x119</size>
         <input_file_ref idref="fl-cb"/>
      </object_component>
      <object_component id="oc-ee">
         <name>.debug_info</name>
         <load_address>0xa881</load_address>
         <run_address>0xa881</run_address>
         <size>0x147</size>
         <input_file_ref idref="fl-cc"/>
      </object_component>
      <object_component id="oc-10f">
         <name>.debug_info</name>
         <load_address>0xa9c8</load_address>
         <run_address>0xa9c8</run_address>
         <size>0x134</size>
         <input_file_ref idref="fl-cd"/>
      </object_component>
      <object_component id="oc-ea">
         <name>.debug_info</name>
         <load_address>0xaafc</load_address>
         <run_address>0xaafc</run_address>
         <size>0x2d4</size>
         <input_file_ref idref="fl-ce"/>
      </object_component>
      <object_component id="oc-64">
         <name>.debug_info</name>
         <load_address>0xadd0</load_address>
         <run_address>0xadd0</run_address>
         <size>0x1b5</size>
         <input_file_ref idref="fl-ce"/>
      </object_component>
      <object_component id="oc-e5">
         <name>.debug_info</name>
         <load_address>0xaf85</load_address>
         <run_address>0xaf85</run_address>
         <size>0x46</size>
         <input_file_ref idref="fl-ce"/>
      </object_component>
      <object_component id="oc-160">
         <name>.debug_info</name>
         <load_address>0xafcb</load_address>
         <run_address>0xafcb</run_address>
         <size>0x2c</size>
         <input_file_ref idref="fl-ce"/>
      </object_component>
      <object_component id="oc-59">
         <name>.debug_info</name>
         <load_address>0xaff7</load_address>
         <run_address>0xaff7</run_address>
         <size>0x2a8</size>
         <input_file_ref idref="fl-cf"/>
      </object_component>
      <object_component id="oc-1f">
         <name>.debug_info</name>
         <load_address>0xb29f</load_address>
         <run_address>0xb29f</run_address>
         <size>0x1ea</size>
         <input_file_ref idref="fl-cf"/>
      </object_component>
      <object_component id="oc-54">
         <name>.debug_info</name>
         <load_address>0xb489</load_address>
         <run_address>0xb489</run_address>
         <size>0x46</size>
         <input_file_ref idref="fl-cf"/>
      </object_component>
      <object_component id="oc-dd">
         <name>.debug_info</name>
         <load_address>0xb4cf</load_address>
         <run_address>0xb4cf</run_address>
         <size>0x2c</size>
         <input_file_ref idref="fl-cf"/>
      </object_component>
      <object_component id="oc-db">
         <name>.debug_info</name>
         <load_address>0xb4fb</load_address>
         <run_address>0xb4fb</run_address>
         <size>0x29e</size>
         <input_file_ref idref="fl-d0"/>
      </object_component>
      <object_component id="oc-18">
         <name>.debug_info</name>
         <load_address>0xb799</load_address>
         <run_address>0xb799</run_address>
         <size>0x250</size>
         <input_file_ref idref="fl-d0"/>
      </object_component>
      <object_component id="oc-44">
         <name>.debug_info</name>
         <load_address>0xb9e9</load_address>
         <run_address>0xb9e9</run_address>
         <size>0x60</size>
         <input_file_ref idref="fl-d0"/>
      </object_component>
      <object_component id="oc-159">
         <name>.debug_info</name>
         <load_address>0xba49</load_address>
         <run_address>0xba49</run_address>
         <size>0x46</size>
         <input_file_ref idref="fl-d0"/>
      </object_component>
      <object_component id="oc-d6">
         <name>.debug_info</name>
         <load_address>0xba8f</load_address>
         <run_address>0xba8f</run_address>
         <size>0x39</size>
         <input_file_ref idref="fl-d0"/>
      </object_component>
      <object_component id="oc-1b9">
         <name>.debug_info</name>
         <load_address>0xbac8</load_address>
         <run_address>0xbac8</run_address>
         <size>0x2b9</size>
         <input_file_ref idref="fl-d1"/>
      </object_component>
      <object_component id="oc-114">
         <name>.debug_info</name>
         <load_address>0xbd81</load_address>
         <run_address>0xbd81</run_address>
         <size>0x17c</size>
         <input_file_ref idref="fl-d1"/>
      </object_component>
      <object_component id="oc-1f0">
         <name>.debug_info</name>
         <load_address>0xbefd</load_address>
         <run_address>0xbefd</run_address>
         <size>0xf9</size>
         <input_file_ref idref="fl-d2"/>
      </object_component>
      <object_component id="oc-1b6">
         <name>.debug_info</name>
         <load_address>0xbff6</load_address>
         <run_address>0xbff6</run_address>
         <size>0x105</size>
         <input_file_ref idref="fl-d2"/>
      </object_component>
      <object_component id="oc-26">
         <name>.debug_info</name>
         <load_address>0xc0fb</load_address>
         <run_address>0xc0fb</run_address>
         <size>0x10b</size>
         <input_file_ref idref="fl-d3"/>
      </object_component>
      <object_component id="oc-70">
         <name>.debug_info</name>
         <load_address>0xc206</load_address>
         <run_address>0xc206</run_address>
         <size>0x1a9</size>
         <input_file_ref idref="fl-d3"/>
      </object_component>
      <object_component id="oc-1b2">
         <name>.debug_info</name>
         <load_address>0xc3af</load_address>
         <run_address>0xc3af</run_address>
         <size>0x115</size>
         <input_file_ref idref="fl-d4"/>
      </object_component>
      <object_component id="oc-1d8">
         <name>.debug_info</name>
         <load_address>0xc4c4</load_address>
         <run_address>0xc4c4</run_address>
         <size>0x4b3</size>
         <input_file_ref idref="fl-d5"/>
      </object_component>
      <object_component id="oc-180">
         <name>.debug_info</name>
         <load_address>0xc977</load_address>
         <run_address>0xc977</run_address>
         <size>0x1a6</size>
         <input_file_ref idref="fl-d5"/>
      </object_component>
      <object_component id="oc-207">
         <name>.debug_info</name>
         <load_address>0xcb1d</load_address>
         <run_address>0xcb1d</run_address>
         <size>0x39</size>
         <input_file_ref idref="fl-d5"/>
      </object_component>
      <object_component id="oc-21d">
         <name>.debug_info</name>
         <load_address>0xcb56</load_address>
         <run_address>0xcb56</run_address>
         <size>0x39</size>
         <input_file_ref idref="fl-d5"/>
      </object_component>
      <object_component id="oc-20c">
         <name>.debug_info</name>
         <load_address>0xcb8f</load_address>
         <run_address>0xcb8f</run_address>
         <size>0x39</size>
         <input_file_ref idref="fl-d5"/>
      </object_component>
      <object_component id="oc-211">
         <name>.debug_info</name>
         <load_address>0xcbc8</load_address>
         <run_address>0xcbc8</run_address>
         <size>0xcd</size>
         <input_file_ref idref="fl-d5"/>
      </object_component>
      <object_component id="oc-f2">
         <name>.debug_info</name>
         <load_address>0xcc95</load_address>
         <run_address>0xcc95</run_address>
         <size>0x153</size>
         <input_file_ref idref="fl-d6"/>
      </object_component>
      <object_component id="oc-172">
         <name>.debug_info</name>
         <load_address>0xcde8</load_address>
         <run_address>0xcde8</run_address>
         <size>0x122</size>
         <input_file_ref idref="fl-d8"/>
      </object_component>
      <object_component id="oc-259">
         <name>.debug_info</name>
         <load_address>0xcf0a</load_address>
         <run_address>0xcf0a</run_address>
         <size>0x96</size>
      </object_component>
      <object_component id="oc-1c5">
         <name>.debug_line</name>
         <load_address>0x0</load_address>
         <run_address>0x0</run_address>
         <size>0x20</size>
         <input_file_ref idref="fl-2"/>
      </object_component>
      <object_component id="oc-c3">
         <name>.debug_line</name>
         <load_address>0x20</load_address>
         <run_address>0x20</run_address>
         <size>0x40</size>
         <input_file_ref idref="fl-2"/>
      </object_component>
      <object_component id="oc-d4">
         <name>.debug_line</name>
         <load_address>0x60</load_address>
         <run_address>0x60</run_address>
         <size>0x6f</size>
         <input_file_ref idref="fl-2"/>
      </object_component>
      <object_component id="oc-4c">
         <name>.debug_line</name>
         <load_address>0xcf</load_address>
         <run_address>0xcf</run_address>
         <size>0x20</size>
         <input_file_ref idref="fl-2"/>
      </object_component>
      <object_component id="oc-11f">
         <name>.debug_line</name>
         <load_address>0xef</load_address>
         <run_address>0xef</run_address>
         <size>0x73</size>
         <input_file_ref idref="fl-2"/>
      </object_component>
      <object_component id="oc-90">
         <name>.debug_line</name>
         <load_address>0x162</load_address>
         <run_address>0x162</run_address>
         <size>0x70</size>
         <input_file_ref idref="fl-2"/>
      </object_component>
      <object_component id="oc-8b">
         <name>.debug_line</name>
         <load_address>0x1d2</load_address>
         <run_address>0x1d2</run_address>
         <size>0x68</size>
         <input_file_ref idref="fl-3"/>
      </object_component>
      <object_component id="oc-122">
         <name>.debug_line</name>
         <load_address>0x23a</load_address>
         <run_address>0x23a</run_address>
         <size>0x3d</size>
         <input_file_ref idref="fl-4"/>
      </object_component>
      <object_component id="oc-2f">
         <name>.debug_line</name>
         <load_address>0x277</load_address>
         <run_address>0x277</run_address>
         <size>0xe2</size>
         <input_file_ref idref="fl-4"/>
      </object_component>
      <object_component id="oc-147">
         <name>.debug_line</name>
         <load_address>0x359</load_address>
         <run_address>0x359</run_address>
         <size>0x2e</size>
         <input_file_ref idref="fl-4"/>
      </object_component>
      <object_component id="oc-b5">
         <name>.debug_line</name>
         <load_address>0x387</load_address>
         <run_address>0x387</run_address>
         <size>0x20</size>
         <input_file_ref idref="fl-4"/>
      </object_component>
      <object_component id="oc-b0">
         <name>.debug_line</name>
         <load_address>0x3a7</load_address>
         <run_address>0x3a7</run_address>
         <size>0x2f</size>
         <input_file_ref idref="fl-4"/>
      </object_component>
      <object_component id="oc-1c1">
         <name>.debug_line</name>
         <load_address>0x3d6</load_address>
         <run_address>0x3d6</run_address>
         <size>0x20</size>
         <input_file_ref idref="fl-5"/>
      </object_component>
      <object_component id="oc-bc">
         <name>.debug_line</name>
         <load_address>0x3f6</load_address>
         <run_address>0x3f6</run_address>
         <size>0x385</size>
         <input_file_ref idref="fl-5"/>
      </object_component>
      <object_component id="oc-14e">
         <name>.debug_line</name>
         <load_address>0x77b</load_address>
         <run_address>0x77b</run_address>
         <size>0x2d</size>
         <input_file_ref idref="fl-5"/>
      </object_component>
      <object_component id="oc-13a">
         <name>.debug_line</name>
         <load_address>0x7a8</load_address>
         <run_address>0x7a8</run_address>
         <size>0x57</size>
         <input_file_ref idref="fl-6"/>
      </object_component>
      <object_component id="oc-138">
         <name>.debug_line</name>
         <load_address>0x7ff</load_address>
         <run_address>0x7ff</run_address>
         <size>0x2f</size>
         <input_file_ref idref="fl-6"/>
      </object_component>
      <object_component id="oc-38">
         <name>.debug_line</name>
         <load_address>0x82e</load_address>
         <run_address>0x82e</run_address>
         <size>0x82a</size>
         <input_file_ref idref="fl-6"/>
      </object_component>
      <object_component id="oc-135">
         <name>.debug_line</name>
         <load_address>0x1058</load_address>
         <run_address>0x1058</run_address>
         <size>0x2b</size>
         <input_file_ref idref="fl-6"/>
      </object_component>
      <object_component id="oc-13e">
         <name>.debug_line</name>
         <load_address>0x1083</load_address>
         <run_address>0x1083</run_address>
         <size>0x2f</size>
         <input_file_ref idref="fl-6"/>
      </object_component>
      <object_component id="oc-151">
         <name>.debug_line</name>
         <load_address>0x10b2</load_address>
         <run_address>0x10b2</run_address>
         <size>0x36</size>
         <input_file_ref idref="fl-7"/>
      </object_component>
      <object_component id="oc-1bf">
         <name>.debug_line</name>
         <load_address>0x10e8</load_address>
         <run_address>0x10e8</run_address>
         <size>0x2b</size>
         <input_file_ref idref="fl-7"/>
      </object_component>
      <object_component id="oc-99">
         <name>.debug_line</name>
         <load_address>0x1113</load_address>
         <run_address>0x1113</run_address>
         <size>0x30e</size>
         <input_file_ref idref="fl-7"/>
      </object_component>
      <object_component id="oc-1c3">
         <name>.debug_line</name>
         <load_address>0x1421</load_address>
         <run_address>0x1421</run_address>
         <size>0x20</size>
         <input_file_ref idref="fl-8"/>
      </object_component>
      <object_component id="oc-c9">
         <name>.debug_line</name>
         <load_address>0x1441</load_address>
         <run_address>0x1441</run_address>
         <size>0x74</size>
         <input_file_ref idref="fl-8"/>
      </object_component>
      <object_component id="oc-141">
         <name>.debug_line</name>
         <load_address>0x14b5</load_address>
         <run_address>0x14b5</run_address>
         <size>0x72</size>
         <input_file_ref idref="fl-9"/>
      </object_component>
      <object_component id="oc-fc">
         <name>.debug_line</name>
         <load_address>0x1527</load_address>
         <run_address>0x1527</run_address>
         <size>0x66</size>
         <input_file_ref idref="fl-9"/>
      </object_component>
      <object_component id="oc-143">
         <name>.debug_line</name>
         <load_address>0x158d</load_address>
         <run_address>0x158d</run_address>
         <size>0x48</size>
         <input_file_ref idref="fl-a"/>
      </object_component>
      <object_component id="oc-1f4">
         <name>.debug_line</name>
         <load_address>0x15d5</load_address>
         <run_address>0x15d5</run_address>
         <size>0x2e</size>
         <input_file_ref idref="fl-a"/>
      </object_component>
      <object_component id="oc-1f6">
         <name>.debug_line</name>
         <load_address>0x1603</load_address>
         <run_address>0x1603</run_address>
         <size>0x2e</size>
         <input_file_ref idref="fl-a"/>
      </object_component>
      <object_component id="oc-16e">
         <name>.debug_line</name>
         <load_address>0x1631</load_address>
         <run_address>0x1631</run_address>
         <size>0x393</size>
         <input_file_ref idref="fl-a"/>
      </object_component>
      <object_component id="oc-14a">
         <name>.debug_line</name>
         <load_address>0x19c4</load_address>
         <run_address>0x19c4</run_address>
         <size>0x8b</size>
         <input_file_ref idref="fl-b"/>
      </object_component>
      <object_component id="oc-3e">
         <name>.debug_line</name>
         <load_address>0x1a4f</load_address>
         <run_address>0x1a4f</run_address>
         <size>0x277</size>
         <input_file_ref idref="fl-b"/>
      </object_component>
      <object_component id="oc-d0">
         <name>.debug_line</name>
         <load_address>0x1cc6</load_address>
         <run_address>0x1cc6</run_address>
         <size>0x41</size>
         <input_file_ref idref="fl-c"/>
      </object_component>
      <object_component id="oc-41">
         <name>.debug_line</name>
         <load_address>0x1d07</load_address>
         <run_address>0x1d07</run_address>
         <size>0x41</size>
         <input_file_ref idref="fl-c"/>
      </object_component>
      <object_component id="oc-2c">
         <name>.debug_line</name>
         <load_address>0x1d48</load_address>
         <run_address>0x1d48</run_address>
         <size>0x83</size>
         <input_file_ref idref="fl-c"/>
      </object_component>
      <object_component id="oc-1bb">
         <name>.debug_line</name>
         <load_address>0x1dcb</load_address>
         <run_address>0x1dcb</run_address>
         <size>0x79</size>
         <input_file_ref idref="fl-d"/>
      </object_component>
      <object_component id="oc-82">
         <name>.debug_line</name>
         <load_address>0x1e44</load_address>
         <run_address>0x1e44</run_address>
         <size>0x3c3</size>
         <input_file_ref idref="fl-d"/>
      </object_component>
      <object_component id="oc-be">
         <name>.debug_line</name>
         <load_address>0x2207</load_address>
         <run_address>0x2207</run_address>
         <size>0x42</size>
         <input_file_ref idref="fl-e"/>
      </object_component>
      <object_component id="oc-127">
         <name>.debug_line</name>
         <load_address>0x2249</load_address>
         <run_address>0x2249</run_address>
         <size>0x47</size>
         <input_file_ref idref="fl-c8"/>
      </object_component>
      <object_component id="oc-12a">
         <name>.debug_line</name>
         <load_address>0x2290</load_address>
         <run_address>0x2290</run_address>
         <size>0x47</size>
         <input_file_ref idref="fl-c9"/>
      </object_component>
      <object_component id="oc-10d">
         <name>.debug_line</name>
         <load_address>0x22d7</load_address>
         <run_address>0x22d7</run_address>
         <size>0x43</size>
         <input_file_ref idref="fl-ca"/>
      </object_component>
      <object_component id="oc-50">
         <name>.debug_line</name>
         <load_address>0x231a</load_address>
         <run_address>0x231a</run_address>
         <size>0x88</size>
         <input_file_ref idref="fl-cb"/>
      </object_component>
      <object_component id="oc-ed">
         <name>.debug_line</name>
         <load_address>0x23a2</load_address>
         <run_address>0x23a2</run_address>
         <size>0x79</size>
         <input_file_ref idref="fl-cc"/>
      </object_component>
      <object_component id="oc-112">
         <name>.debug_line</name>
         <load_address>0x241b</load_address>
         <run_address>0x241b</run_address>
         <size>0x81</size>
         <input_file_ref idref="fl-cd"/>
      </object_component>
      <object_component id="oc-166">
         <name>.debug_line</name>
         <load_address>0x249c</load_address>
         <run_address>0x249c</run_address>
         <size>0x92</size>
         <input_file_ref idref="fl-ce"/>
      </object_component>
      <object_component id="oc-63">
         <name>.debug_line</name>
         <load_address>0x252e</load_address>
         <run_address>0x252e</run_address>
         <size>0x53</size>
         <input_file_ref idref="fl-ce"/>
      </object_component>
      <object_component id="oc-e8">
         <name>.debug_line</name>
         <load_address>0x2581</load_address>
         <run_address>0x2581</run_address>
         <size>0x34</size>
         <input_file_ref idref="fl-ce"/>
      </object_component>
      <object_component id="oc-163">
         <name>.debug_line</name>
         <load_address>0x25b5</load_address>
         <run_address>0x25b5</run_address>
         <size>0x92</size>
         <input_file_ref idref="fl-ce"/>
      </object_component>
      <object_component id="oc-e3">
         <name>.debug_line</name>
         <load_address>0x2647</load_address>
         <run_address>0x2647</run_address>
         <size>0x20</size>
         <input_file_ref idref="fl-cf"/>
      </object_component>
      <object_component id="oc-1e">
         <name>.debug_line</name>
         <load_address>0x2667</load_address>
         <run_address>0x2667</run_address>
         <size>0x55</size>
         <input_file_ref idref="fl-cf"/>
      </object_component>
      <object_component id="oc-57">
         <name>.debug_line</name>
         <load_address>0x26bc</load_address>
         <run_address>0x26bc</run_address>
         <size>0x3a</size>
         <input_file_ref idref="fl-cf"/>
      </object_component>
      <object_component id="oc-e0">
         <name>.debug_line</name>
         <load_address>0x26f6</load_address>
         <run_address>0x26f6</run_address>
         <size>0x92</size>
         <input_file_ref idref="fl-cf"/>
      </object_component>
      <object_component id="oc-15f">
         <name>.debug_line</name>
         <load_address>0x2788</load_address>
         <run_address>0x2788</run_address>
         <size>0x20</size>
         <input_file_ref idref="fl-d0"/>
      </object_component>
      <object_component id="oc-1b">
         <name>.debug_line</name>
         <load_address>0x27a8</load_address>
         <run_address>0x27a8</run_address>
         <size>0xa9</size>
         <input_file_ref idref="fl-d0"/>
      </object_component>
      <object_component id="oc-47">
         <name>.debug_line</name>
         <load_address>0x2851</load_address>
         <run_address>0x2851</run_address>
         <size>0x3a</size>
         <input_file_ref idref="fl-d0"/>
      </object_component>
      <object_component id="oc-15c">
         <name>.debug_line</name>
         <load_address>0x288b</load_address>
         <run_address>0x288b</run_address>
         <size>0x9a</size>
         <input_file_ref idref="fl-d0"/>
      </object_component>
      <object_component id="oc-d9">
         <name>.debug_line</name>
         <load_address>0x2925</load_address>
         <run_address>0x2925</run_address>
         <size>0x96</size>
         <input_file_ref idref="fl-d0"/>
      </object_component>
      <object_component id="oc-1f2">
         <name>.debug_line</name>
         <load_address>0x29bb</load_address>
         <run_address>0x29bb</run_address>
         <size>0x91</size>
         <input_file_ref idref="fl-d1"/>
      </object_component>
      <object_component id="oc-117">
         <name>.debug_line</name>
         <load_address>0x2a4c</load_address>
         <run_address>0x2a4c</run_address>
         <size>0x62</size>
         <input_file_ref idref="fl-d1"/>
      </object_component>
      <object_component id="oc-219">
         <name>.debug_line</name>
         <load_address>0x2aae</load_address>
         <run_address>0x2aae</run_address>
         <size>0x20</size>
         <input_file_ref idref="fl-d2"/>
      </object_component>
      <object_component id="oc-1ef">
         <name>.debug_line</name>
         <load_address>0x2ace</load_address>
         <run_address>0x2ace</run_address>
         <size>0x2b</size>
         <input_file_ref idref="fl-d2"/>
      </object_component>
      <object_component id="oc-7f">
         <name>.debug_line</name>
         <load_address>0x2af9</load_address>
         <run_address>0x2af9</run_address>
         <size>0x33</size>
         <input_file_ref idref="fl-d3"/>
      </object_component>
      <object_component id="oc-6e">
         <name>.debug_line</name>
         <load_address>0x2b2c</load_address>
         <run_address>0x2b2c</run_address>
         <size>0x45</size>
         <input_file_ref idref="fl-d3"/>
      </object_component>
      <object_component id="oc-1b1">
         <name>.debug_line</name>
         <load_address>0x2b71</load_address>
         <run_address>0x2b71</run_address>
         <size>0x37</size>
         <input_file_ref idref="fl-d4"/>
      </object_component>
      <object_component id="oc-206">
         <name>.debug_line</name>
         <load_address>0x2ba8</load_address>
         <run_address>0x2ba8</run_address>
         <size>0xbf</size>
         <input_file_ref idref="fl-d5"/>
      </object_component>
      <object_component id="oc-17f">
         <name>.debug_line</name>
         <load_address>0x2c67</load_address>
         <run_address>0x2c67</run_address>
         <size>0x6f</size>
         <input_file_ref idref="fl-d5"/>
      </object_component>
      <object_component id="oc-20a">
         <name>.debug_line</name>
         <load_address>0x2cd6</load_address>
         <run_address>0x2cd6</run_address>
         <size>0x2e</size>
         <input_file_ref idref="fl-d5"/>
      </object_component>
      <object_component id="oc-220">
         <name>.debug_line</name>
         <load_address>0x2d04</load_address>
         <run_address>0x2d04</run_address>
         <size>0x9a</size>
         <input_file_ref idref="fl-d5"/>
      </object_component>
      <object_component id="oc-20f">
         <name>.debug_line</name>
         <load_address>0x2d9e</load_address>
         <run_address>0x2d9e</run_address>
         <size>0x97</size>
         <input_file_ref idref="fl-d5"/>
      </object_component>
      <object_component id="oc-214">
         <name>.debug_line</name>
         <load_address>0x2e35</load_address>
         <run_address>0x2e35</run_address>
         <size>0x93</size>
         <input_file_ref idref="fl-d5"/>
      </object_component>
      <object_component id="oc-f6">
         <name>.debug_line</name>
         <load_address>0x2ec8</load_address>
         <run_address>0x2ec8</run_address>
         <size>0x40</size>
         <input_file_ref idref="fl-d6"/>
      </object_component>
      <object_component id="oc-171">
         <name>.debug_line</name>
         <load_address>0x2f08</load_address>
         <run_address>0x2f08</run_address>
         <size>0x3c</size>
         <input_file_ref idref="fl-d8"/>
      </object_component>
      <object_component id="oc-c4">
         <name>.debug_frame</name>
         <load_address>0x0</load_address>
         <run_address>0x0</run_address>
         <size>0x54</size>
         <input_file_ref idref="fl-2"/>
      </object_component>
      <object_component id="oc-33">
         <name>.debug_frame</name>
         <load_address>0x54</load_address>
         <run_address>0x54</run_address>
         <size>0xbc</size>
         <input_file_ref idref="fl-4"/>
      </object_component>
      <object_component id="oc-bb">
         <name>.debug_frame</name>
         <load_address>0x110</load_address>
         <run_address>0x110</run_address>
         <size>0x23c</size>
         <input_file_ref idref="fl-5"/>
      </object_component>
      <object_component id="oc-39">
         <name>.debug_frame</name>
         <load_address>0x34c</load_address>
         <run_address>0x34c</run_address>
         <size>0x2e4</size>
         <input_file_ref idref="fl-6"/>
      </object_component>
      <object_component id="oc-98">
         <name>.debug_frame</name>
         <load_address>0x630</load_address>
         <run_address>0x630</run_address>
         <size>0x1e4</size>
         <input_file_ref idref="fl-7"/>
      </object_component>
      <object_component id="oc-ca">
         <name>.debug_frame</name>
         <load_address>0x814</load_address>
         <run_address>0x814</run_address>
         <size>0x80</size>
         <input_file_ref idref="fl-8"/>
      </object_component>
      <object_component id="oc-f8">
         <name>.debug_frame</name>
         <load_address>0x894</load_address>
         <run_address>0x894</run_address>
         <size>0x70</size>
         <input_file_ref idref="fl-9"/>
      </object_component>
      <object_component id="oc-16d">
         <name>.debug_frame</name>
         <load_address>0x904</load_address>
         <run_address>0x904</run_address>
         <size>0x17c</size>
         <input_file_ref idref="fl-a"/>
      </object_component>
      <object_component id="oc-3f">
         <name>.debug_frame</name>
         <load_address>0xa80</load_address>
         <run_address>0xa80</run_address>
         <size>0x1a8</size>
         <input_file_ref idref="fl-b"/>
      </object_component>
      <object_component id="oc-2d">
         <name>.debug_frame</name>
         <load_address>0xc28</load_address>
         <run_address>0xc28</run_address>
         <size>0x7c</size>
         <input_file_ref idref="fl-c"/>
      </object_component>
      <object_component id="oc-83">
         <name>.debug_frame</name>
         <load_address>0xca4</load_address>
         <run_address>0xca4</run_address>
         <size>0x278</size>
         <input_file_ref idref="fl-d"/>
      </object_component>
      <object_component id="oc-62">
         <name>.debug_frame</name>
         <load_address>0xf1c</load_address>
         <run_address>0xf1c</run_address>
         <size>0x54</size>
         <input_file_ref idref="fl-ce"/>
      </object_component>
      <object_component id="oc-1d">
         <name>.debug_frame</name>
         <load_address>0xf70</load_address>
         <run_address>0xf70</run_address>
         <size>0x54</size>
         <input_file_ref idref="fl-cf"/>
      </object_component>
      <object_component id="oc-1a">
         <name>.debug_frame</name>
         <load_address>0xfc4</load_address>
         <run_address>0xfc4</run_address>
         <size>0x60</size>
         <input_file_ref idref="fl-d0"/>
      </object_component>
      <object_component id="oc-118">
         <name>.debug_frame</name>
         <load_address>0x1024</load_address>
         <run_address>0x1024</run_address>
         <size>0x5c</size>
         <input_file_ref idref="fl-d1"/>
      </object_component>
      <object_component id="oc-6d">
         <name>.debug_frame</name>
         <load_address>0x1080</load_address>
         <run_address>0x1080</run_address>
         <size>0x50</size>
         <input_file_ref idref="fl-d3"/>
      </object_component>
      <object_component id="oc-17d">
         <name>.debug_frame</name>
         <load_address>0x10d0</load_address>
         <run_address>0x10d0</run_address>
         <size>0x5c</size>
         <input_file_ref idref="fl-d5"/>
      </object_component>
      <object_component id="oc-f5">
         <name>.debug_frame</name>
         <load_address>0x112c</load_address>
         <run_address>0x112c</run_address>
         <size>0x54</size>
         <input_file_ref idref="fl-d6"/>
      </object_component>
      <object_component id="oc-175">
         <name>.debug_frame</name>
         <load_address>0x1180</load_address>
         <run_address>0x1180</run_address>
         <size>0x54</size>
         <input_file_ref idref="fl-d8"/>
      </object_component>
      <object_component id="oc-1c4">
         <name>.debug_abbrev</name>
         <load_address>0x0</load_address>
         <run_address>0x0</run_address>
         <size>0x27</size>
         <input_file_ref idref="fl-2"/>
      </object_component>
      <object_component id="oc-155">
         <name>.debug_abbrev</name>
         <load_address>0x27</load_address>
         <run_address>0x27</run_address>
         <size>0x50</size>
         <input_file_ref idref="fl-2"/>
      </object_component>
      <object_component id="oc-d3">
         <name>.debug_abbrev</name>
         <load_address>0x77</load_address>
         <run_address>0x77</run_address>
         <size>0x69</size>
         <input_file_ref idref="fl-2"/>
      </object_component>
      <object_component id="oc-4b">
         <name>.debug_abbrev</name>
         <load_address>0xe0</load_address>
         <run_address>0xe0</run_address>
         <size>0x1f</size>
         <input_file_ref idref="fl-2"/>
      </object_component>
      <object_component id="oc-11e">
         <name>.debug_abbrev</name>
         <load_address>0xff</load_address>
         <run_address>0xff</run_address>
         <size>0x5c</size>
         <input_file_ref idref="fl-2"/>
      </object_component>
      <object_component id="oc-8f">
         <name>.debug_abbrev</name>
         <load_address>0x15b</load_address>
         <run_address>0x15b</run_address>
         <size>0x24</size>
         <input_file_ref idref="fl-2"/>
      </object_component>
      <object_component id="oc-11b">
         <name>.debug_abbrev</name>
         <load_address>0x17f</load_address>
         <run_address>0x17f</run_address>
         <size>0x35</size>
         <input_file_ref idref="fl-3"/>
      </object_component>
      <object_component id="oc-121">
         <name>.debug_abbrev</name>
         <load_address>0x1b4</load_address>
         <run_address>0x1b4</run_address>
         <size>0xd0</size>
         <input_file_ref idref="fl-4"/>
      </object_component>
      <object_component id="oc-8c">
         <name>.debug_abbrev</name>
         <load_address>0x284</load_address>
         <run_address>0x284</run_address>
         <size>0x6c</size>
         <input_file_ref idref="fl-4"/>
      </object_component>
      <object_component id="oc-146">
         <name>.debug_abbrev</name>
         <load_address>0x2f0</load_address>
         <run_address>0x2f0</run_address>
         <size>0x4b</size>
         <input_file_ref idref="fl-4"/>
      </object_component>
      <object_component id="oc-b4">
         <name>.debug_abbrev</name>
         <load_address>0x33b</load_address>
         <run_address>0x33b</run_address>
         <size>0x1f</size>
         <input_file_ref idref="fl-4"/>
      </object_component>
      <object_component id="oc-af">
         <name>.debug_abbrev</name>
         <load_address>0x35a</load_address>
         <run_address>0x35a</run_address>
         <size>0x5c</size>
         <input_file_ref idref="fl-4"/>
      </object_component>
      <object_component id="oc-1c0">
         <name>.debug_abbrev</name>
         <load_address>0x3b6</load_address>
         <run_address>0x3b6</run_address>
         <size>0x2e</size>
         <input_file_ref idref="fl-5"/>
      </object_component>
      <object_component id="oc-152">
         <name>.debug_abbrev</name>
         <load_address>0x3e4</load_address>
         <run_address>0x3e4</run_address>
         <size>0xc8</size>
         <input_file_ref idref="fl-5"/>
      </object_component>
      <object_component id="oc-14d">
         <name>.debug_abbrev</name>
         <load_address>0x4ac</load_address>
         <run_address>0x4ac</run_address>
         <size>0x44</size>
         <input_file_ref idref="fl-5"/>
      </object_component>
      <object_component id="oc-139">
         <name>.debug_abbrev</name>
         <load_address>0x4f0</load_address>
         <run_address>0x4f0</run_address>
         <size>0x126</size>
         <input_file_ref idref="fl-6"/>
      </object_component>
      <object_component id="oc-137">
         <name>.debug_abbrev</name>
         <load_address>0x616</load_address>
         <run_address>0x616</run_address>
         <size>0x29</size>
         <input_file_ref idref="fl-6"/>
      </object_component>
      <object_component id="oc-ac">
         <name>.debug_abbrev</name>
         <load_address>0x63f</load_address>
         <run_address>0x63f</run_address>
         <size>0x19d</size>
         <input_file_ref idref="fl-6"/>
      </object_component>
      <object_component id="oc-134">
         <name>.debug_abbrev</name>
         <load_address>0x7dc</load_address>
         <run_address>0x7dc</run_address>
         <size>0x49</size>
         <input_file_ref idref="fl-6"/>
      </object_component>
      <object_component id="oc-13d">
         <name>.debug_abbrev</name>
         <load_address>0x825</load_address>
         <run_address>0x825</run_address>
         <size>0x4b</size>
         <input_file_ref idref="fl-6"/>
      </object_component>
      <object_component id="oc-150">
         <name>.debug_abbrev</name>
         <load_address>0x870</load_address>
         <run_address>0x870</run_address>
         <size>0xad</size>
         <input_file_ref idref="fl-7"/>
      </object_component>
      <object_component id="oc-1be">
         <name>.debug_abbrev</name>
         <load_address>0x91d</load_address>
         <run_address>0x91d</run_address>
         <size>0x29</size>
         <input_file_ref idref="fl-7"/>
      </object_component>
      <object_component id="oc-131">
         <name>.debug_abbrev</name>
         <load_address>0x946</load_address>
         <run_address>0x946</run_address>
         <size>0x132</size>
         <input_file_ref idref="fl-7"/>
      </object_component>
      <object_component id="oc-1c2">
         <name>.debug_abbrev</name>
         <load_address>0xa78</load_address>
         <run_address>0xa78</run_address>
         <size>0x2e</size>
         <input_file_ref idref="fl-8"/>
      </object_component>
      <object_component id="oc-156">
         <name>.debug_abbrev</name>
         <load_address>0xaa6</load_address>
         <run_address>0xaa6</run_address>
         <size>0x6c</size>
         <input_file_ref idref="fl-8"/>
      </object_component>
      <object_component id="oc-140">
         <name>.debug_abbrev</name>
         <load_address>0xb12</load_address>
         <run_address>0xb12</run_address>
         <size>0xce</size>
         <input_file_ref idref="fl-9"/>
      </object_component>
      <object_component id="oc-16f">
         <name>.debug_abbrev</name>
         <load_address>0xbe0</load_address>
         <run_address>0xbe0</run_address>
         <size>0x6e</size>
         <input_file_ref idref="fl-9"/>
      </object_component>
      <object_component id="oc-142">
         <name>.debug_abbrev</name>
         <load_address>0xc4e</load_address>
         <run_address>0xc4e</run_address>
         <size>0x13a</size>
         <input_file_ref idref="fl-a"/>
      </object_component>
      <object_component id="oc-1f3">
         <name>.debug_abbrev</name>
         <load_address>0xd88</load_address>
         <run_address>0xd88</run_address>
         <size>0x27</size>
         <input_file_ref idref="fl-a"/>
      </object_component>
      <object_component id="oc-1f5">
         <name>.debug_abbrev</name>
         <load_address>0xdaf</load_address>
         <run_address>0xdaf</run_address>
         <size>0x27</size>
         <input_file_ref idref="fl-a"/>
      </object_component>
      <object_component id="oc-1cc">
         <name>.debug_abbrev</name>
         <load_address>0xdd6</load_address>
         <run_address>0xdd6</run_address>
         <size>0x114</size>
         <input_file_ref idref="fl-a"/>
      </object_component>
      <object_component id="oc-149">
         <name>.debug_abbrev</name>
         <load_address>0xeea</load_address>
         <run_address>0xeea</run_address>
         <size>0xdd</size>
         <input_file_ref idref="fl-b"/>
      </object_component>
      <object_component id="oc-ce">
         <name>.debug_abbrev</name>
         <load_address>0xfc7</load_address>
         <run_address>0xfc7</run_address>
         <size>0xf5</size>
         <input_file_ref idref="fl-b"/>
      </object_component>
      <object_component id="oc-cf">
         <name>.debug_abbrev</name>
         <load_address>0x10bc</load_address>
         <run_address>0x10bc</run_address>
         <size>0x90</size>
         <input_file_ref idref="fl-c"/>
      </object_component>
      <object_component id="oc-40">
         <name>.debug_abbrev</name>
         <load_address>0x114c</load_address>
         <run_address>0x114c</run_address>
         <size>0x29</size>
         <input_file_ref idref="fl-c"/>
      </object_component>
      <object_component id="oc-80">
         <name>.debug_abbrev</name>
         <load_address>0x1175</load_address>
         <run_address>0x1175</run_address>
         <size>0x79</size>
         <input_file_ref idref="fl-c"/>
      </object_component>
      <object_component id="oc-1ba">
         <name>.debug_abbrev</name>
         <load_address>0x11ee</load_address>
         <run_address>0x11ee</run_address>
         <size>0xa7</size>
         <input_file_ref idref="fl-d"/>
      </object_component>
      <object_component id="oc-119">
         <name>.debug_abbrev</name>
         <load_address>0x1295</load_address>
         <run_address>0x1295</run_address>
         <size>0x143</size>
         <input_file_ref idref="fl-d"/>
      </object_component>
      <object_component id="oc-154">
         <name>.debug_abbrev</name>
         <load_address>0x13d8</load_address>
         <run_address>0x13d8</run_address>
         <size>0x35</size>
         <input_file_ref idref="fl-e"/>
      </object_component>
      <object_component id="oc-1bc">
         <name>.debug_abbrev</name>
         <load_address>0x140d</load_address>
         <run_address>0x140d</run_address>
         <size>0x3c</size>
         <input_file_ref idref="fl-c8"/>
      </object_component>
      <object_component id="oc-1bd">
         <name>.debug_abbrev</name>
         <load_address>0x1449</load_address>
         <run_address>0x1449</run_address>
         <size>0x3c</size>
         <input_file_ref idref="fl-c9"/>
      </object_component>
      <object_component id="oc-1ae">
         <name>.debug_abbrev</name>
         <load_address>0x1485</load_address>
         <run_address>0x1485</run_address>
         <size>0x3c</size>
         <input_file_ref idref="fl-ca"/>
      </object_component>
      <object_component id="oc-dc">
         <name>.debug_abbrev</name>
         <load_address>0x14c1</load_address>
         <run_address>0x14c1</run_address>
         <size>0x3e</size>
         <input_file_ref idref="fl-cb"/>
      </object_component>
      <object_component id="oc-167">
         <name>.debug_abbrev</name>
         <load_address>0x14ff</load_address>
         <run_address>0x14ff</run_address>
         <size>0x4f</size>
         <input_file_ref idref="fl-cc"/>
      </object_component>
      <object_component id="oc-1b4">
         <name>.debug_abbrev</name>
         <load_address>0x154e</load_address>
         <run_address>0x154e</run_address>
         <size>0x4a</size>
         <input_file_ref idref="fl-cd"/>
      </object_component>
      <object_component id="oc-165">
         <name>.debug_abbrev</name>
         <load_address>0x1598</load_address>
         <run_address>0x1598</run_address>
         <size>0x5d</size>
         <input_file_ref idref="fl-ce"/>
      </object_component>
      <object_component id="oc-f0">
         <name>.debug_abbrev</name>
         <load_address>0x15f5</load_address>
         <run_address>0x15f5</run_address>
         <size>0x74</size>
         <input_file_ref idref="fl-ce"/>
      </object_component>
      <object_component id="oc-e7">
         <name>.debug_abbrev</name>
         <load_address>0x1669</load_address>
         <run_address>0x1669</run_address>
         <size>0x24</size>
         <input_file_ref idref="fl-ce"/>
      </object_component>
      <object_component id="oc-162">
         <name>.debug_abbrev</name>
         <load_address>0x168d</load_address>
         <run_address>0x168d</run_address>
         <size>0x24</size>
         <input_file_ref idref="fl-ce"/>
      </object_component>
      <object_component id="oc-e2">
         <name>.debug_abbrev</name>
         <load_address>0x16b1</load_address>
         <run_address>0x16b1</run_address>
         <size>0x37</size>
         <input_file_ref idref="fl-cf"/>
      </object_component>
      <object_component id="oc-53">
         <name>.debug_abbrev</name>
         <load_address>0x16e8</load_address>
         <run_address>0x16e8</run_address>
         <size>0x74</size>
         <input_file_ref idref="fl-cf"/>
      </object_component>
      <object_component id="oc-56">
         <name>.debug_abbrev</name>
         <load_address>0x175c</load_address>
         <run_address>0x175c</run_address>
         <size>0x24</size>
         <input_file_ref idref="fl-cf"/>
      </object_component>
      <object_component id="oc-df">
         <name>.debug_abbrev</name>
         <load_address>0x1780</load_address>
         <run_address>0x1780</run_address>
         <size>0x24</size>
         <input_file_ref idref="fl-cf"/>
      </object_component>
      <object_component id="oc-15e">
         <name>.debug_abbrev</name>
         <load_address>0x17a4</load_address>
         <run_address>0x17a4</run_address>
         <size>0x37</size>
         <input_file_ref idref="fl-d0"/>
      </object_component>
      <object_component id="oc-43">
         <name>.debug_abbrev</name>
         <load_address>0x17db</load_address>
         <run_address>0x17db</run_address>
         <size>0x6f</size>
         <input_file_ref idref="fl-d0"/>
      </object_component>
      <object_component id="oc-46">
         <name>.debug_abbrev</name>
         <load_address>0x184a</load_address>
         <run_address>0x184a</run_address>
         <size>0x24</size>
         <input_file_ref idref="fl-d0"/>
      </object_component>
      <object_component id="oc-15b">
         <name>.debug_abbrev</name>
         <load_address>0x186e</load_address>
         <run_address>0x186e</run_address>
         <size>0x35</size>
         <input_file_ref idref="fl-d0"/>
      </object_component>
      <object_component id="oc-d8">
         <name>.debug_abbrev</name>
         <load_address>0x18a3</load_address>
         <run_address>0x18a3</run_address>
         <size>0x24</size>
         <input_file_ref idref="fl-d0"/>
      </object_component>
      <object_component id="oc-1f1">
         <name>.debug_abbrev</name>
         <load_address>0x18c7</load_address>
         <run_address>0x18c7</run_address>
         <size>0x58</size>
         <input_file_ref idref="fl-d1"/>
      </object_component>
      <object_component id="oc-1b8">
         <name>.debug_abbrev</name>
         <load_address>0x191f</load_address>
         <run_address>0x191f</run_address>
         <size>0x71</size>
         <input_file_ref idref="fl-d1"/>
      </object_component>
      <object_component id="oc-218">
         <name>.debug_abbrev</name>
         <load_address>0x1990</load_address>
         <run_address>0x1990</run_address>
         <size>0x2e</size>
         <input_file_ref idref="fl-d2"/>
      </object_component>
      <object_component id="oc-1ee">
         <name>.debug_abbrev</name>
         <load_address>0x19be</load_address>
         <run_address>0x19be</run_address>
         <size>0x29</size>
         <input_file_ref idref="fl-d2"/>
      </object_component>
      <object_component id="oc-7e">
         <name>.debug_abbrev</name>
         <load_address>0x19e7</load_address>
         <run_address>0x19e7</run_address>
         <size>0x29</size>
         <input_file_ref idref="fl-d3"/>
      </object_component>
      <object_component id="oc-100">
         <name>.debug_abbrev</name>
         <load_address>0x1a10</load_address>
         <run_address>0x1a10</run_address>
         <size>0x55</size>
         <input_file_ref idref="fl-d3"/>
      </object_component>
      <object_component id="oc-1ed">
         <name>.debug_abbrev</name>
         <load_address>0x1a65</load_address>
         <run_address>0x1a65</run_address>
         <size>0x38</size>
         <input_file_ref idref="fl-d4"/>
      </object_component>
      <object_component id="oc-205">
         <name>.debug_abbrev</name>
         <load_address>0x1a9d</load_address>
         <run_address>0x1a9d</run_address>
         <size>0xc0</size>
         <input_file_ref idref="fl-d5"/>
      </object_component>
      <object_component id="oc-1d7">
         <name>.debug_abbrev</name>
         <load_address>0x1b5d</load_address>
         <run_address>0x1b5d</run_address>
         <size>0x7e</size>
         <input_file_ref idref="fl-d5"/>
      </object_component>
      <object_component id="oc-209">
         <name>.debug_abbrev</name>
         <load_address>0x1bdb</load_address>
         <run_address>0x1bdb</run_address>
         <size>0x24</size>
         <input_file_ref idref="fl-d5"/>
      </object_component>
      <object_component id="oc-21f">
         <name>.debug_abbrev</name>
         <load_address>0x1bff</load_address>
         <run_address>0x1bff</run_address>
         <size>0x24</size>
         <input_file_ref idref="fl-d5"/>
      </object_component>
      <object_component id="oc-20e">
         <name>.debug_abbrev</name>
         <load_address>0x1c23</load_address>
         <run_address>0x1c23</run_address>
         <size>0x24</size>
         <input_file_ref idref="fl-d5"/>
      </object_component>
      <object_component id="oc-213">
         <name>.debug_abbrev</name>
         <load_address>0x1c47</load_address>
         <run_address>0x1c47</run_address>
         <size>0x4b</size>
         <input_file_ref idref="fl-d5"/>
      </object_component>
      <object_component id="oc-168">
         <name>.debug_abbrev</name>
         <load_address>0x1c92</load_address>
         <run_address>0x1c92</run_address>
         <size>0x55</size>
         <input_file_ref idref="fl-d6"/>
      </object_component>
      <object_component id="oc-1cd">
         <name>.debug_abbrev</name>
         <load_address>0x1ce7</load_address>
         <run_address>0x1ce7</run_address>
         <size>0x45</size>
         <input_file_ref idref="fl-d8"/>
      </object_component>
      <object_component id="oc-25a">
         <name>.debug_abbrev</name>
         <load_address>0x1d2c</load_address>
         <run_address>0x1d2c</run_address>
         <size>0xf</size>
      </object_component>
      <object_component id="oc-d5">
         <name>.debug_str</name>
         <load_address>0x0</load_address>
         <run_address>0x0</run_address>
         <size>0x2a7</size>
         <input_file_ref idref="fl-2"/>
      </object_component>
      <object_component id="oc-4d">
         <name>.debug_str</name>
         <load_address>0x2a7</load_address>
         <run_address>0x2a7</run_address>
         <size>0xfd</size>
         <input_file_ref idref="fl-2"/>
      </object_component>
      <object_component id="oc-120">
         <name>.debug_str</name>
[...]
      </symbol>
      <symbol id="sm-1fb">
         <name>priorityInheritance</name>
         <value>0x20000654</value>
         <object_component_ref idref="oc-9a"/>
      </symbol>
      <symbol id="sm-1fc">
         <name>pingpong</name>
         <value>0x2000065c</value>
         <object_component_ref idref="oc-9a"/>
      </symbol>
      <symbol id="sm-1fd">
         <name>getCurrentPid</name>
         <value>0xc0b</value>
         <object_component_ref idref="oc-34"/>
      </symbol>
      <symbol id="sm-1fe">
         <name>initRtos</name>
         <value>0xbb9</value>
         <object_component_ref idref="oc-34"/>
      </symbol>
      <symbol id="sm-1ff">
         <name>initSemaphore</name>
         <value>0xba3</value>
         <object_component_ref idref="oc-34"/>
      </symbol>
      <symbol id="sm-200">
         <name>pendsvIsr</name>
         <value>0xae1</value>
         <object_component_ref idref="oc-34"/>
      </symbol>
      <symbol id="sm-201">
         <name>initMutex</name>
         <value>0xbe3</value>
         <object_component_ref idref="oc-34"/>
      </symbol>
      <symbol id="sm-202">
         <name>taskCount</name>
         <value>0x20000651</value>
         <object_component_ref idref="oc-9a"/>
      </symbol>
      <symbol id="sm-203">
         <name>stopThread</name>
         <value>0x9ef</value>
         <object_component_ref idref="oc-34"/>
      </symbol>
      <symbol id="sm-204">
         <name>kill_proc</name>
         <value>0x3c7</value>
         <object_component_ref idref="oc-34"/>
      </symbol>
      <symbol id="sm-205">
         <name>preemption</name>
         <value>0x20000655</value>
         <object_component_ref idref="oc-9a"/>
      </symbol>
      <symbol id="sm-206">
         <name>unlock</name>
         <value>0x275</value>
         <object_component_ref idref="oc-34"/>
      </symbol>
      <symbol id="sm-207">
         <name>restartThread</name>
         <value>0xa33</value>
         <object_component_ref idref="oc-34"/>
      </symbol>
      <symbol id="sm-208">
         <name>malloc_from_heap</name>
         <value>0xb99</value>
         <object_component_ref idref="oc-34"/>
      </symbol>
      <symbol id="sm-209">
         <name>getCurrentTask</name>
         <value>0xc05</value>
         <object_component_ref idref="oc-34"/>
      </symbol>
      <symbol id="sm-20a">
         <name>wait</name>
         <value>0x271</value>
         <object_component_ref idref="oc-34"/>
      </symbol>
      <symbol id="sm-20b">
         <name>svCallIsr</name>
         <value>0x59d</value>
         <object_component_ref idref="oc-34"/>
      </symbol>
      <symbol id="sm-20c">
         <name>taskCurrent</name>
         <value>0x20000650</value>
         <object_component_ref idref="oc-9a"/>
      </symbol>
      <symbol id="sm-20d">
         <name>systime</name>
         <value>0x20000658</value>
         <object_component_ref idref="oc-9a"/>
      </symbol>
      <symbol id="sm-20e">
         <name>firstTask</name>
         <value>0x20000652</value>
         <object_component_ref idref="oc-9a"/>
      </symbol>
      <symbol id="sm-20f">
         <name>post</name>
         <value>0xa37</value>
         <object_component_ref idref="oc-34"/>
      </symbol>
      <symbol id="sm-210">
         <name>getSysTime</name>
         <value>0xbff</value>
         <object_component_ref idref="oc-34"/>
      </symbol>
      <symbol id="sm-211">
         <name>startRtos</name>
         <value>0x9f9</value>
         <object_component_ref idref="oc-34"/>
      </symbol>
      <symbol id="sm-212">
         <name>sysTickIsr</name>
         <value>0x279</value>
         <object_component_ref idref="oc-34"/>
      </symbol>
      <symbol id="sm-213">
         <name>setThreadPriority</name>
         <value>0xa2f</value>
         <object_component_ref idref="oc-34"/>
      </symbol>
      <symbol id="sm-214">
         <name>priorityScheduler</name>
         <value>0x20000653</value>
         <object_component_ref idref="oc-9a"/>
      </symbol>
      <symbol id="sm-215">
         <name>createThread</name>
         <value>0xc39</value>
         <object_component_ref idref="oc-34"/>
      </symbol>
      <symbol id="sm-216">
         <name>yield</name>
         <value>0x26d</value>
         <object_component_ref idref="oc-34"/>
      </symbol>
      <symbol id="sm-217">
         <name>lock</name>
         <value>0xb9f</value>
         <object_component_ref idref="oc-34"/>
      </symbol>
      <symbol id="sm-218">
         <name>sleep</name>
         <value>0xa2b</value>
         <object_component_ref idref="oc-34"/>
      </symbol>
      <symbol id="sm-25e">
         <name>malloc_</name>
         <value>0x23d5</value>
         <object_component_ref idref="oc-94"/>
      </symbol>
      <symbol id="sm-25f">
         <name>calcSubregionAddr</name>
         <value>0x23b5</value>
         <object_component_ref idref="oc-94"/>
      </symbol>
      <symbol id="sm-260">
         <name>getSubregionFromAddr</name>
         <value>0x253b</value>
         <object_component_ref idref="oc-94"/>
      </symbol>
      <symbol id="sm-261">
         <name>setupSramAccess</name>
         <value>0x2317</value>
         <object_component_ref idref="oc-94"/>
      </symbol>
      <symbol id="sm-262">
         <name>createNoSramAccessMask</name>
         <value>0x2613</value>
         <object_component_ref idref="oc-94"/>
      </symbol>
      <symbol id="sm-263">
         <name>initMpu</name>
         <value>0x2511</value>
         <object_component_ref idref="oc-94"/>
      </symbol>
      <symbol id="sm-264">
         <name>push_entry</name>
         <value>0x238b</value>
         <object_component_ref idref="oc-94"/>
      </symbol>
      <symbol id="sm-265">
         <name>allowFlashAccess</name>
         <value>0x24c9</value>
         <object_component_ref idref="oc-94"/>
      </symbol>
      <symbol id="sm-266">
         <name>addSramAccessWindow</name>
         <value>0x265d</value>
         <object_component_ref idref="oc-94"/>
      </symbol>
      <symbol id="sm-267">
         <name>free_to_heap</name>
         <value>0x25a5</value>
         <object_component_ref idref="oc-94"/>
      </symbol>
      <symbol id="sm-268">
         <name>n_allocs</name>
         <value>0x20000660</value>
         <object_component_ref idref="oc-12d"/>
      </symbol>
      <symbol id="sm-269">
         <name>allowPeripheralAccess</name>
         <value>0x24eb</value>
         <object_component_ref idref="oc-94"/>
      </symbol>
      <symbol id="sm-26a">
         <name>initEntry</name>
         <value>0x23cd</value>
         <object_component_ref idref="oc-94"/>
      </symbol>
      <symbol id="sm-26b">
         <name>delete_entry</name>
         <value>0x2557</value>
         <object_component_ref idref="oc-94"/>
      </symbol>
      <symbol id="sm-26c">
         <name>log2</name>
         <value>0x2309</value>
         <object_component_ref idref="oc-94"/>
      </symbol>
      <symbol id="sm-26d">
         <name>applySramAccessMask</name>
         <value>0x261b</value>
         <object_component_ref idref="oc-94"/>
      </symbol>
      <symbol id="sm-27f">
         <name>disableNvicInterrupt</name>
         <value>0x2ed3</value>
         <object_component_ref idref="oc-c8"/>
      </symbol>
      <symbol id="sm-280">
         <name>enableNvicInterrupt</name>
         <value>0x2ebd</value>
         <object_component_ref idref="oc-c8"/>
      </symbol>
      <symbol id="sm-281">
         <name>setNvicInterruptPriority</name>
         <value>0x2e91</value>
         <object_component_ref idref="oc-c8"/>
      </symbol>
      <symbol id="sm-2a7">
         <name>main</name>
         <value>0x2a39</value>
         <object_component_ref idref="oc-f7"/>
      </symbol>
      <symbol id="sm-341">
         <name>meminfo</name>
         <value>0xfb1</value>
         <object_component_ref idref="oc-169"/>
      </symbol>
      <symbol id="sm-342">
         <name>reboot</name>
         <value>0xd79</value>
         <object_component_ref idref="oc-169"/>
      </symbol>
      <symbol id="sm-343">
         <name>pidof</name>
         <value>0x105f</value>
         <object_component_ref idref="oc-169"/>
      </symbol>
      <symbol id="sm-344">
         <name>ipcs</name>
         <value>0xe81</value>
         <object_component_ref idref="oc-169"/>
      </symbol>
      <symbol id="sm-345">
         <name>ps</name>
         <value>0xd7d</value>
         <object_component_ref idref="oc-169"/>
      </symbol>
      <symbol id="sm-346">
         <name>pi</name>
         <value>0x1585</value>
         <object_component_ref idref="oc-169"/>
      </symbol>
      <symbol id="sm-347">
         <name>shell</name>
         <value>0x13cb</value>
         <object_component_ref idref="oc-169"/>
      </symbol>
      <symbol id="sm-348">
         <name>kill</name>
         <value>0x1047</value>
         <object_component_ref idref="oc-169"/>
      </symbol>
      <symbol id="sm-349">
         <name>pkill</name>
         <value>0x1065</value>
         <object_component_ref idref="oc-169"/>
      </symbol>
      <symbol id="sm-34a">
         <name>preempt</name>
         <value>0x108b</value>
         <object_component_ref idref="oc-169"/>
      </symbol>
      <symbol id="sm-34b">
         <name>sched</name>
         <value>0x109f</value>
         <object_component_ref idref="oc-169"/>
      </symbol>
      <symbol id="sm-38d">
         <name>wtimer0Isr</name>
         <value>0x1b1d</value>
         <object_component_ref idref="oc-3a"/>
      </symbol>
      <symbol id="sm-38e">
         <name>initHw</name>
         <value>0x1cb7</value>
         <object_component_ref idref="oc-3a"/>
      </symbol>
      <symbol id="sm-38f">
         <name>flash4Hz</name>
         <value>0x1e79</value>
         <object_component_ref idref="oc-3a"/>
      </symbol>
      <symbol id="sm-390">
         <name>idle</name>
         <value>0x1e53</value>
         <object_component_ref idref="oc-3a"/>
      </symbol>
      <symbol id="sm-391">
         <name>readKeys</name>
         <value>0x1bb9</value>
         <object_component_ref idref="oc-3a"/>
      </symbol>
      <symbol id="sm-392">
         <name>debounce</name>
         <value>0x1ec9</value>
         <object_component_ref idref="oc-3a"/>
      </symbol>
      <symbol id="sm-393">
         <name>partOfLengthyFn</name>
         <value>0x1c37</value>
         <object_component_ref idref="oc-3a"/>
      </symbol>
      <symbol id="sm-394">
         <name>oneshot</name>
         <value>0x1c47</value>
         <object_component_ref idref="oc-3a"/>
      </symbol>
      <symbol id="sm-395">
         <name>readPbs</name>
         <value>0x1b43</value>
         <object_component_ref idref="oc-3a"/>
      </symbol>
      <symbol id="sm-396">
         <name>errant</name>
         <value>0x1ea1</value>
         <object_component_ref idref="oc-3a"/>
      </symbol>
      <symbol id="sm-397">
         <name>uncooperative</name>
         <value>0x1ba9</value>
         <object_component_ref idref="oc-3a"/>
      </symbol>
      <symbol id="sm-398">
         <name>important</name>
         <value>0x1e25</value>
         <object_component_ref idref="oc-3a"/>
      </symbol>
      <symbol id="sm-399">
         <name>lengthyFn</name>
         <value>0x1c6f</value>
         <object_component_ref idref="oc-3a"/>
      </symbol>
      <symbol id="sm-3b2">
         <name>ResetISR</name>
         <value>0x3053</value>
         <object_component_ref idref="oc-28"/>
      </symbol>
      <symbol id="sm-3b3">
         <name>g_pfnVectors</name>
         <value>0x0</value>
         <object_component_ref idref="oc-13"/>
      </symbol>
      <symbol id="sm-418">
         <name>getcUart0</name>
         <value>0x19b5</value>
         <object_component_ref idref="oc-81"/>
      </symbol>
      <symbol id="sm-419">
         <name>isCommand</name>
         <value>0x18f5</value>
         <object_component_ref idref="oc-81"/>
      </symbol>
      <symbol id="sm-41a">
         <name>getFieldString</name>
         <value>0x1a0b</value>
         <object_component_ref idref="oc-81"/>
      </symbol>
      <symbol id="sm-41b">
         <name>parseFields</name>
         <value>0x17ef</value>
         <object_component_ref idref="oc-81"/>
      </symbol>
      <symbol id="sm-41c">
         <name>str_equal</name>
         <value>0x1755</value>
         <object_component_ref idref="oc-81"/>
      </symbol>
      <symbol id="sm-41d">
         <name>kbhitUart0</name>
         <value>0x18e5</value>
         <object_component_ref idref="oc-81"/>
      </symbol>
      <symbol id="sm-41e">
         <name>getFieldInteger</name>
         <value>0x1a21</value>
         <object_component_ref idref="oc-81"/>
      </symbol>
      <symbol id="sm-41f">
         <name>setUart0BaudRate</name>
         <value>0x179f</value>
         <object_component_ref idref="oc-81"/>
      </symbol>
      <symbol id="sm-420">
         <name>fput1hUart0</name>
         <value>0x1a79</value>
         <object_component_ref idref="oc-81"/>
      </symbol>
      <symbol id="sm-421">
         <name>fput1dUart0</name>
         <value>0x1acb</value>
         <object_component_ref idref="oc-81"/>
      </symbol>
      <symbol id="sm-422">
         <name>fput1sUart0</name>
         <value>0x1a3d</value>
         <object_component_ref idref="oc-81"/>
      </symbol>
      <symbol id="sm-423">
         <name>putsUart0</name>
         <value>0x17d7</value>
         <object_component_ref idref="oc-81"/>
      </symbol>
      <symbol id="sm-424">
         <name>initUart0</name>
         <value>0x1941</value>
         <object_component_ref idref="oc-81"/>
      </symbol>
      <symbol id="sm-425">
         <name>putcUart0</name>
         <value>0x17c9</value>
         <object_component_ref idref="oc-81"/>
      </symbol>
      <symbol id="sm-426">
         <name>tostring</name>
         <value>0x1695</value>
         <object_component_ref idref="oc-81"/>
      </symbol>
      <symbol id="sm-427">
         <name>str_length</name>
         <value>0x1743</value>
         <object_component_ref idref="oc-81"/>
      </symbol>
      <symbol id="sm-428">
         <name>padded_puthUart0</name>
         <value>0x188d</value>
         <object_component_ref idref="oc-81"/>
      </symbol>
      <symbol id="sm-429">
         <name>padded_putdUart0</name>
         <value>0x18b9</value>
         <object_component_ref idref="oc-81"/>
      </symbol>
      <symbol id="sm-42a">
         <name>padded_putsUart0</name>
         <value>0x1869</value>
         <object_component_ref idref="oc-81"/>
      </symbol>
      <symbol id="sm-42b">
         <name>str_copy</name>
         <value>0x178b</value>
         <object_component_ref idref="oc-81"/>
      </symbol>
      <symbol id="sm-42c">
         <name>getsUart0</name>
         <value>0x19c5</value>
         <object_component_ref idref="oc-81"/>
      </symbol>
      <symbol id="sm-43b">
         <name>waitMicrosecond</name>
         <value>0x2ff5</value>
         <object_component_ref idref="oc-bd"/>
      </symbol>
      <symbol id="sm-444">
         <name>__aeabi_llsl</name>
         <value>0x2fb9</value>
         <object_component_ref idref="oc-123"/>
      </symbol>
      <symbol id="sm-44d">
         <name>__aeabi_llsr</name>
         <value>0x2fd7</value>
         <object_component_ref idref="oc-128"/>
      </symbol>
      <symbol id="sm-456">
         <name>__aeabi_lmul</name>
         <value>0x3011</value>
         <object_component_ref idref="oc-109"/>
      </symbol>
      <symbol id="sm-471">
         <name>memcpy</name>
         <value>0x2c7b</value>
         <object_component_ref idref="oc-4e"/>
      </symbol>
      <symbol id="sm-472">
         <name>__aeabi_memcpy</name>
         <value>0x2c7b</value>
         <object_component_ref idref="oc-4e"/>
      </symbol>
      <symbol id="sm-473">
         <name>__aeabi_memcpy8</name>
         <value>0x2c7b</value>
         <object_component_ref idref="oc-4e"/>
      </symbol>
      <symbol id="sm-474">
         <name>__aeabi_memcpy4</name>
         <value>0x2c7b</value>
         <object_component_ref idref="oc-4e"/>
      </symbol>
      <symbol id="sm-483">
         <name>__aeabi_memset</name>
         <value>0x2daf</value>
         <object_component_ref idref="oc-eb"/>
      </symbol>
      <symbol id="sm-484">
         <name>memset</name>
         <value>0x2db5</value>
         <object_component_ref idref="oc-eb"/>
      </symbol>
      <symbol id="sm-485">
         <name>__aeabi_memset8</name>
         <value>0x2daf</value>
         <object_component_ref idref="oc-eb"/>
      </symbol>
      <symbol id="sm-486">
         <name>__aeabi_memset4</name>
         <value>0x2daf</value>
         <object_component_ref idref="oc-eb"/>
      </symbol>
      <symbol id="sm-487">
         <name>__aeabi_memclr8</name>
         <value>0x2dad</value>
         <object_component_ref idref="oc-eb"/>
      </symbol>
      <symbol id="sm-488">
         <name>__aeabi_memclr4</name>
         <value>0x2dad</value>
         <object_component_ref idref="oc-eb"/>
      </symbol>
      <symbol id="sm-489">
         <name>__aeabi_memclr</name>
         <value>0x2dad</value>
         <object_component_ref idref="oc-eb"/>
      </symbol>
      <symbol id="sm-496">
         <name>__aeabi_uldivmod</name>
         <value>0x2d17</value>
         <object_component_ref idref="oc-10e"/>
      </symbol>
      <symbol id="sm-4ad">
         <name>__TI_zero_init</name>
         <value>0x3047</value>
         <object_component_ref idref="oc-60"/>
      </symbol>
      <symbol id="sm-4c4">
         <name>__TI_decompress_none</name>
         <value>0x3039</value>
         <object_component_ref idref="oc-1c"/>
      </symbol>
      <symbol id="sm-4e7">
         <name>__TI_decompress_lzss</name>
         <value>0x2e27</value>
         <object_component_ref idref="oc-16"/>
      </symbol>
      <symbol id="sm-4fd">
         <name>atoi</name>
         <value>0x2ef5</value>
         <object_component_ref idref="oc-113"/>
      </symbol>
      <symbol id="sm-508">
         <name>_ctypes_</name>
         <value>0x31e4</value>
         <object_component_ref idref="oc-1b5"/>
      </symbol>
      <symbol id="sm-51b">
         <name>__stack</name>
         <value>0x20000440</value>
         <object_component_ref idref="oc-25"/>
      </symbol>
      <symbol id="sm-51c">
         <name>_c_int00_noargs</name>
         <value>0x2f85</value>
         <object_component_ref idref="oc-6c"/>
      </symbol>
      <symbol id="sm-526">
         <name>__aeabi_idiv0</name>
         <value>0x2e8f</value>
         <object_component_ref idref="oc-1af"/>
      </symbol>
      <symbol id="sm-527">
         <name>__aeabi_ldiv0</name>
         <value>0x2e8f</value>
         <object_component_ref idref="oc-1af"/>
      </symbol>
      <symbol id="sm-54f">
         <name>__TI_auto_init_nobinit_nopinit</name>
         <value>0x2f41</value>
         <object_component_ref idref="oc-17c"/>
      </symbol>
      <symbol id="sm-559">
         <name>_system_pre_init</name>
         <value>0x305d</value>
         <object_component_ref idref="oc-f1"/>
      </symbol>
      <symbol id="sm-565">
         <name>C$$EXIT</name>
         <value>0x3061</value>
         <object_component_ref idref="oc-170"/>
      </symbol>
      <symbol id="sm-566">
         <name>abort</name>
         <value>0x3061</value>
         <object_component_ref idref="oc-170"/>
      </symbol>
      <symbol id="sm-569">
         <name>__TI_static_base__</name>
         <value>0x0</value>
      </symbol>
      <symbol id="sm-56c">
         <name>__mpu_init</name>
         <value>0x0</value>
      </symbol>
      <symbol id="sm-56d">
         <name>_system_post_cinit</name>
         <value>0x0</value>
      </symbol>
   </symbol_table>
   <title>Link successful</title>
</link_info>
