******************************************************************************
                  TI ARM Linker PC v20.2.7                     
******************************************************************************
>> Linked Fri Nov 22 22:58:01 2024

OUTPUT FILE NAME:   <RTOSProject.out>
ENTRY POINT SYMBOL: "_c_int00_noargs"  address: 00002f85


MEMORY CONFIGURATION

         name            origin    length      used     unused   attr    fill
----------------------  --------  ---------  --------  --------  ----  --------
  FLASH                 00000000   00040000  000033ee  0003cc12  R  X
  SRAM                  20000000   00008000  00000664  0000799c  RW X


SEGMENT ALLOCATION MAP

run origin  load origin   length   init length attrs members
----------  ----------- ---------- ----------- ----- -------
00000000    00000000    000033f0   000033f0    r-x
  00000000    00000000    0000026c   0000026c    r-- .intvecs
  0000026c    0000026c    00002df8   00002df8    r-x .text
  00003064    00003064    00000352   00000352    r-- .const
  000033b8    000033b8    00000038   00000038    r-- .cinit
20000000    20000000    00000664   00000000    rw-
  20000000    20000000    00000440   00000000    rw- .bss
  20000440    20000440    00000200   00000000    rw- .stack
  20000640    20000640    00000024   00000000    rw- .data


SECTION ALLOCATION MAP

 output                                  attributes/
section   page    origin      length       input sections
--------  ----  ----------  ----------   ----------------
.intvecs   0    00000000    0000026c     
                  00000000    0000026c     tm4c123gh6pm_startup_ccs.obj (.intvecs)

.text      0    0000026c    00002df8     
                  0000026c    00000b0c     kernel.obj (.text)
                  00000d78    0000091c     shell.obj (.text)
                  00001694    00000488     uart0.obj (.text)
                  00001b1c    00000408     tasks.obj (.text)
                  00001f24    000003e4     gpio.obj (.text)
                  00002308    000003c0     mm.obj (.text)
                  000026c8    00000370     faults.obj (.text)
                  00002a38    00000198     rtos.obj (.text)
                  00002bd0    000000aa     ctrl.obj (.text)
                  00002c7a    0000009c     rtsv7M4_T_le_v4SPD16_eabi.lib : memcpy_t2.asm.obj (.text)
                  00002d16    00000096                                   : ull_div_t2.asm.obj (.text)
                  00002dac    0000007a                                   : memset_t2.asm.obj (.text)
                  00002e26    00000068                                   : copy_decompress_lzss.c.obj (.text:decompress:lzss:__TI_decompress_lzss)
                  00002e8e    00000002                                   : div0.asm.obj (.text)
                  00002e90    00000064     nvic.obj (.text)
                  00002ef4    0000004c     rtsv7M4_T_le_v4SPD16_eabi.lib : atoi.c.obj (.text:atoi)
                  00002f40    00000044                                   : autoinit.c.obj (.text:__TI_auto_init_nobinit_nopinit:__TI_auto_init_nobinit_nopinit)
                  00002f84    00000034                                   : boot_cortex_m.c.obj (.text:_c_int00_noargs:_c_int00_noargs)
                  00002fb8    0000001e                                   : ll_lsl_t2.asm.obj (.text)
                  00002fd6    0000001e                                   : ll_lsr_t2.asm.obj (.text)
                  00002ff4    0000001c     wait.obj (.text)
                  00003010    00000018     rtsv7M4_T_le_v4SPD16_eabi.lib : ll_mul_t2.asm.obj (.text)
                  00003028    00000010     clock.obj (.text)
                  00003038    0000000e     rtsv7M4_T_le_v4SPD16_eabi.lib : copy_decompress_none.c.obj (.text:decompress:none:__TI_decompress_none)
                  00003046    0000000c                                   : copy_zero_init.c.obj (.text:decompress:ZI:__TI_zero_init)
                  00003052    0000000a     tm4c123gh6pm_startup_ccs.obj (.text)
                  0000305c    00000004     rtsv7M4_T_le_v4SPD16_eabi.lib : pre_init.c.obj (.text:_system_pre_init)
                  00003060    00000004                                   : exit.c.obj (.text:abort:abort)

.const     0    00003064    00000352     
                  00003064    00000180     shell.obj (.const:$P$T0$1)
                  000031e4    00000101     rtsv7M4_T_le_v4SPD16_eabi.lib : ctype.c.obj (.const:.string:_ctypes_)
                  000032e5    000000d1     shell.obj (.const:$P$T1$2)

.cinit     0    000033b8    00000038     
                  000033b8    00000013     (.cinit..data.load) [load image, compression = lzss]
                  000033cb    00000001     --HOLE-- [fill = 0]
                  000033cc    0000000c     (__TI_handler_table)
                  000033d8    00000008     (.cinit..bss.load) [load image, compression = zero_init]
                  000033e0    00000010     (__TI_cinit_table)

.init_array 
*          0    00000000    00000000     UNINITIALIZED

.bss       0    20000000    00000440     UNINITIALIZED
                  20000000    00000360     (.common:tcb)
                  20000360    000000c0     (.common:allocTable)
                  20000420    0000000c     (.common:semaphores)
                  2000042c    00000004     --HOLE--
                  20000430    00000008     (.common:inUse)
                  20000438    00000008     (.common:mutexes)

.data      0    20000640    00000024     UNINITIALIZED
                  20000640    00000010     kernel.obj (.data:currIdxPrio$2)
                  20000650    0000000e     kernel.obj (.data)
                  2000065e    00000002     --HOLE--
                  20000660    00000004     mm.obj (.data)

.stack     0    20000440    00000200     UNINITIALIZED
                  20000440    00000004     rtsv7M4_T_le_v4SPD16_eabi.lib : boot_cortex_m.c.obj (.stack)
                  20000444    000001fc     --HOLE--

__llvm_prf_cnts 
*          0    20000000    00000000     UNINITIALIZED

MODULE SUMMARY

       Module                         code    ro data   rw data
       ------                         ----    -------   -------
    .\
       kernel.obj                     2828    0         1094   
       shell.obj                      2332    593       0      
       uart0.obj                      1160    0         0      
       tasks.obj                      1032    0         0      
       gpio.obj                       996     0         0      
       mm.obj                         960     0         4      
       faults.obj                     880     0         20     
       tm4c123gh6pm_startup_ccs.obj   10      620       0      
       rtos.obj                       408     0         0      
       ctrl.obj                       170     0         0      
       nvic.obj                       100     0         0      
       wait.obj                       28      0         0      
       clock.obj                      16      0         0      
    +--+------------------------------+-------+---------+---------+
       Total:                         10920   1213      1118   
                                                               
    C:\ti\ccs1240\ccs\tools\compiler\ti-cgt-arm_20.2.7.LTS\lib\rtsv7M4_T_le_v4SPD16_eabi.lib
       ctype.c.obj                    0       257       0      
       memcpy_t2.asm.obj              156     0         0      
       ull_div_t2.asm.obj             150     0         0      
       memset_t2.asm.obj              122     0         0      
       copy_decompress_lzss.c.obj     104     0         0      
       atoi.c.obj                     76      0         0      
       autoinit.c.obj                 68      0         0      
       boot_cortex_m.c.obj            52      0         0      
       ll_lsl_t2.asm.obj              30      0         0      
       ll_lsr_t2.asm.obj              30      0         0      
       ll_mul_t2.asm.obj              24      0         0      
       copy_decompress_none.c.obj     14      0         0      
       copy_zero_init.c.obj           12      0         0      
       exit.c.obj                     4       0         0      
       pre_init.c.obj                 4       0         0      
       div0.asm.obj                   2       0         0      
    +--+------------------------------+-------+---------+---------+
       Total:                         848     257       0      
                                                               
       Stack:                         0       0         512    
       Linker Generated:              0       55        0      
    +--+------------------------------+-------+---------+---------+
       Grand Total:                   11768   1525      1630   


LINKER GENERATED COPY TABLES

__TI_cinit_table @ 000033e0 records: 2, size/record: 8, table size: 16
	.data: load addr=000033b8, load size=00000013 bytes, run addr=20000640, run size=00000024 bytes, compression=lzss
	.bss: load addr=000033d8, load size=00000008 bytes, run addr=20000000, run size=00000440 bytes, compression=zero_init


LINKER GENERATED HANDLER TABLE

__TI_handler_table @ 000033cc records: 3, size/record: 4, table size: 12
	index: 0, handler: __TI_decompress_lzss
	index: 1, handler: __TI_decompress_none
	index: 2, handler: __TI_zero_init


GLOBAL SYMBOLS: SORTED ALPHABETICALLY BY Name 

address   name                          
-------   ----                          
00003061  C$$EXIT                       
00003053  ResetISR                      
20000640  __STACK_END                   
00000200  __STACK_SIZE                  
20000640  __STACK_TOP                   
000033e0  __TI_CINIT_Base               
000033f0  __TI_CINIT_Limit              
000033cc  __TI_Handler_Table_Base       
000033d8  __TI_Handler_Table_Limit      
00002f41  __TI_auto_init_nobinit_nopinit
00002e27  __TI_decompress_lzss          
00003039  __TI_decompress_none          
ffffffff  __TI_pprof_out_hndl           
ffffffff  __TI_prof_data_size           
ffffffff  __TI_prof_data_start          
00000000  __TI_static_base__            
00003047  __TI_zero_init                
00002e8f  __aeabi_idiv0                 
00002e8f  __aeabi_ldiv0                 
00002fb9  __aeabi_llsl                  
00002fd7  __aeabi_llsr                  
00003011  __aeabi_lmul                  
00002dad  __aeabi_memclr                
00002dad  __aeabi_memclr4               
00002dad  __aeabi_memclr8               
00002c7b  __aeabi_memcpy                
00002c7b  __aeabi_memcpy4               
00002c7b  __aeabi_memcpy8               
00002daf  __aeabi_memset                
00002daf  __aeabi_memset4               
00002daf  __aeabi_memset8               
00002d17  __aeabi_uldivmod              
ffffffff  __binit__                     
ffffffff  __c_args__                    
UNDEFED   __mpu_init                    
20000440  __stack                       
20000000  __start___llvm_prf_cnts       
20000000  __stop___llvm_prf_cnts        
00002f85  _c_int00_noargs               
000031e4  _ctypes_                      
UNDEFED   _system_post_cinit            
0000305d  _system_pre_init              
00003061  abort                         
0000265d  addSramAccessWindow           
20000360  allocTable                    
000024c9  allowFlashAccess              
000024eb  allowPeripheralAccess         
0000261b  applySramAccessMask           
00002ef5  atoi                          
ffffffff  binit                         
00002847  busFaultIsr                   
000023b5  calcSubregionAddr             
000022b3  clearPinInterrupt             
00002c0f  clrCtrl                       
00002613  createNoSramAccessMask        
00000c39  createThread                  
00001ec9  debounce                      
00002557  delete_entry                  
00002ed3  disableNvicInterrupt          
000022a7  disablePinInterrupt           
00002299  disablePinPulldown            
00002287  disablePinPullup              
0000221d  disablePort                   
00002ebd  enableNvicInterrupt           
00002211  enablePinInterrupt            
00002203  enablePinPulldown             
000021f5  enablePinPullup               
00002143  enablePort                    
00001ea1  errant                        
20000652  firstTask                     
00001e79  flash4Hz                      
00001acb  fput1dUart0                   
00001a79  fput1hUart0                   
00001a3d  fput1sUart0                   
000025a5  free_to_heap                  
00000000  g_pfnVectors                  
00000c0b  getCurrentPid                 
00000c05  getCurrentTask                
00001a21  getFieldInteger               
00001a0b  getFieldString                
00002bf3  getMsp                        
00002137  getPinValue                   
000020f7  getPortValue                  
00002bed  getPsp                        
00002c79  getR0                         
0000253b  getSubregionFromAddr          
00000bff  getSysTime                    
000019b5  getcUart0                     
000019c5  getsUart0                     
000027a7  hardFaultIsr                  
00001e53  idle                          
00001e25  important                     
20000430  inUse                         
000023cd  initEntry                     
00001cb7  initHw                        
00002511  initMpu                       
00000be3  initMutex                     
00000bb9  initRtos                      
00000ba3  initSemaphore                 
00003029  initSystemClockTo40Mhz        
00001941  initUart0                     
00000e81  ipcs                          
000018f5  isCommand                     
000018e5  kbhitUart0                    
00001047  kill                          
000003c7  kill_proc                     
00001c6f  lengthyFn                     
00000b9f  lock                          
00002309  log2                          
00002a39  main                          
000023d5  malloc_                       
00000b99  malloc_from_heap              
00002c7b  memcpy                        
00000fb1  meminfo                       
00002db5  memset                        
000026d9  mpuFaultIsr                   
20000438  mutexes                       
20000660  n_allocs                      
00001c47  oneshot                       
000018b9  padded_putdUart0              
0000188d  padded_puthUart0              
00001869  padded_putsUart0              
000017ef  parseFields                   
00001c37  partOfLengthyFn               
00000ae1  pendsvIsr                     
00001585  pi                            
0000105f  pidof                         
2000065c  pingpong                      
00001065  pkill                         
00002c53  popR11_R4                     
00000a37  post                          
0000108b  preempt                       
20000655  preemption                    
20000654  priorityInheritance           
20000653  priorityScheduler             
00000d7d  ps                            
00002c25  pushR4_R11                    
0000238b  push_entry                    
000017c9  putcUart0                     
000017d7  putsUart0                     
00001bb9  readKeys                      
00001b43  readPbs                       
00000d79  reboot                        
00000a33  restartThread                 
0000109f  sched                         
000020df  selectPinAnalogInput          
000020c7  selectPinDigitalInput         
000020b5  selectPinInterruptBothEdges   
000020a1  selectPinInterruptFallingEdge 
00002091  selectPinInterruptHighLevel   
0000207f  selectPinInterruptLowLevel    
00002069  selectPinInterruptRisingEdge  
00002053  selectPinOpenDrainOutput      
0000203b  selectPinPushPullOutput       
20000420  semaphores                    
00002bd1  setAsp                        
00002bf9  setCtrl                       
00002e91  setNvicInterruptPriority      
00001fc5  setPinAuxFunction             
00001f77  setPinCommitControl           
00001f71  setPinValue                   
00001f33  setPortValue                  
00002be3  setPsp                        
00000a2f  setThreadPriority             
0000179f  setUart0BaudRate              
00002317  setupSramAccess               
000013cb  shell                         
00000a2b  sleep                         
000009f9  startRtos                     
000009ef  stopThread                    
0000178b  str_copy                      
00001755  str_equal                     
00001743  str_length                    
0000059d  svCallIsr                     
00000279  sysTickIsr                    
20000658  systime                       
20000651  taskCount                     
20000650  taskCurrent                   
20000000  tcb                           
00001f25  togglePinValue                
00001695  tostring                      
00001ba9  uncooperative                 
00000275  unlock                        
000026c9  usageFaultIsr                 
00000271  wait                          
00002ff5  waitMicrosecond               
00001b1d  wtimer0Isr                    
0000026d  yield                         


GLOBAL SYMBOLS: SORTED BY Symbol Address 

address   name                          
-------   ----                          
00000000  __TI_static_base__            
00000000  g_pfnVectors                  
00000200  __STACK_SIZE                  
0000026d  yield                         
00000271  wait                          
00000275  unlock                        
00000279  sysTickIsr                    
000003c7  kill_proc                     
0000059d  svCallIsr                     
000009ef  stopThread                    
000009f9  startRtos                     
00000a2b  sleep                         
00000a2f  setThreadPriority             
00000a33  restartThread                 
00000a37  post                          
00000ae1  pendsvIsr                     
00000b99  malloc_from_heap              
00000b9f  lock                          
00000ba3  initSemaphore                 
00000bb9  initRtos                      
00000be3  initMutex                     
00000bff  getSysTime                    
00000c05  getCurrentTask                
00000c0b  getCurrentPid                 
00000c39  createThread                  
00000d79  reboot                        
00000d7d  ps                            
00000e81  ipcs                          
00000fb1  meminfo                       
00001047  kill                          
0000105f  pidof                         
00001065  pkill                         
0000108b  preempt                       
0000109f  sched                         
000013cb  shell                         
00001585  pi                            
00001695  tostring                      
00001743  str_length                    
00001755  str_equal                     
0000178b  str_copy                      
0000179f  setUart0BaudRate              
000017c9  putcUart0                     
000017d7  putsUart0                     
000017ef  parseFields                   
00001869  padded_putsUart0              
0000188d  padded_puthUart0              
000018b9  padded_putdUart0              
000018e5  kbhitUart0                    
000018f5  isCommand                     
00001941  initUart0                     
000019b5  getcUart0                     
000019c5  getsUart0                     
00001a0b  getFieldString                
00001a21  getFieldInteger               
00001a3d  fput1sUart0                   
00001a79  fput1hUart0                   
00001acb  fput1dUart0                   
00001b1d  wtimer0Isr                    
00001b43  readPbs                       
00001ba9  uncooperative                 
00001bb9  readKeys                      
00001c37  partOfLengthyFn               
00001c47  oneshot                       
00001c6f  lengthyFn                     
00001cb7  initHw                        
00001e25  important                     
00001e53  idle                          
00001e79  flash4Hz                      
00001ea1  errant                        
00001ec9  debounce                      
00001f25  togglePinValue                
00001f33  setPortValue                  
00001f71  setPinValue                   
00001f77  setPinCommitControl           
00001fc5  setPinAuxFunction             
0000203b  selectPinPushPullOutput       
00002053  selectPinOpenDrainOutput      
00002069  selectPinInterruptRisingEdge  
0000207f  selectPinInterruptLowLevel    
00002091  selectPinInterruptHighLevel   
000020a1  selectPinInterruptFallingEdge 
000020b5  selectPinInterruptBothEdges   
000020c7  selectPinDigitalInput         
000020df  selectPinAnalogInput          
000020f7  getPortValue                  
00002137  getPinValue                   
00002143  enablePort                    
000021f5  enablePinPullup               
00002203  enablePinPulldown             
00002211  enablePinInterrupt            
0000221d  disablePort                   
00002287  disablePinPullup              
00002299  disablePinPulldown            
000022a7  disablePinInterrupt           
000022b3  clearPinInterrupt             
00002309  log2                          
00002317  setupSramAccess               
0000238b  push_entry                    
000023b5  calcSubregionAddr             
000023cd  initEntry                     
000023d5  malloc_                       
000024c9  allowFlashAccess              
000024eb  allowPeripheralAccess         
00002511  initMpu                       
0000253b  getSubregionFromAddr          
00002557  delete_entry                  
000025a5  free_to_heap                  
00002613  createNoSramAccessMask        
0000261b  applySramAccessMask           
0000265d  addSramAccessWindow           
000026c9  usageFaultIsr                 
000026d9  mpuFaultIsr                   
000027a7  hardFaultIsr                  
00002847  busFaultIsr                   
00002a39  main                          
00002bd1  setAsp                        
00002be3  setPsp                        
00002bed  getPsp                        
00002bf3  getMsp                        
00002bf9  setCtrl                       
00002c0f  clrCtrl                       
00002c25  pushR4_R11                    
00002c53  popR11_R4                     
00002c79  getR0                         
00002c7b  __aeabi_memcpy                
00002c7b  __aeabi_memcpy4               
00002c7b  __aeabi_memcpy8               
00002c7b  memcpy                        
00002d17  __aeabi_uldivmod              
00002dad  __aeabi_memclr                
00002dad  __aeabi_memclr4               
00002dad  __aeabi_memclr8               
00002daf  __aeabi_memset                
00002daf  __aeabi_memset4               
00002daf  __aeabi_memset8               
00002db5  memset                        
00002e27  __TI_decompress_lzss          
00002e8f  __aeabi_idiv0                 
00002e8f  __aeabi_ldiv0                 
00002e91  setNvicInterruptPriority      
00002ebd  enableNvicInterrupt           
00002ed3  disableNvicInterrupt          
00002ef5  atoi                          
00002f41  __TI_auto_init_nobinit_nopinit
00002f85  _c_int00_noargs               
00002fb9  __aeabi_llsl                  
00002fd7  __aeabi_llsr                  
00002ff5  waitMicrosecond               
00003011  __aeabi_lmul                  
00003029  initSystemClockTo40Mhz        
00003039  __TI_decompress_none          
00003047  __TI_zero_init                
00003053  ResetISR                      
0000305d  _system_pre_init              
00003061  C$$EXIT                       
00003061  abort                         
000031e4  _ctypes_                      
000033cc  __TI_Handler_Table_Base       
000033d8  __TI_Handler_Table_Limit      
000033e0  __TI_CINIT_Base               
000033f0  __TI_CINIT_Limit              
20000000  __start___llvm_prf_cnts       
20000000  __stop___llvm_prf_cnts        
20000000  tcb                           
20000360  allocTable                    
20000420  semaphores                    
20000430  inUse                         
20000438  mutexes                       
20000440  __stack                       
20000640  __STACK_END                   
20000640  __STACK_TOP                   
20000650  taskCurrent                   
20000651  taskCount                     
20000652  firstTask                     
20000653  priorityScheduler             
20000654  priorityInheritance           
20000655  preemption                    
20000658  systime                       
2000065c  pingpong                      
20000660  n_allocs                      
ffffffff  __TI_pprof_out_hndl           
ffffffff  __TI_prof_data_size           
ffffffff  __TI_prof_data_start          
ffffffff  __binit__                     
ffffffff  __c_args__                    
ffffffff  binit                         
UNDEFED   __mpu_init                    
UNDEFED   _system_post_cinit            

[188 symbols]
